Component: ARM Compiler 5.05 update 1 (build 106) Tool: armlink [4d0efa]

==============================================================================

Section Cross References

    delay.o(i.delay_init) refers to misc.o(i.SysTick_CLKSourceConfig) for SysTick_CLKSourceConfig
    delay.o(i.delay_init) refers to system_stm32f10x.o(.data) for SystemCoreClock
    delay.o(i.delay_init) refers to delay.o(.data) for fac_us
    delay.o(i.delay_ms) refers to delay.o(.data) for fac_ms
    delay.o(i.delay_us) refers to delay.o(.data) for fac_us
    usart.o(i.USART1_IRQHandler) refers (Special) to use_no_semi_2.o(.text) for __use_no_semihosting
    usart.o(i.USART1_IRQHandler) refers to stm32f10x_usart.o(i.USART_GetITStatus) for USART_GetITStatus
    usart.o(i.USART1_IRQHandler) refers to stm32f10x_usart.o(i.USART_ReceiveData) for USART_ReceiveData
    usart.o(i.USART1_IRQHandler) refers to usart.o(.data) for USART_RX_STA
    usart.o(i.USART1_IRQHandler) refers to usart.o(.bss) for USART_RX_BUF
    usart.o(i._sys_exit) refers (Special) to use_no_semi_2.o(.text) for __use_no_semihosting
    usart.o(i.fputc) refers (Special) to use_no_semi_2.o(.text) for __use_no_semihosting
    usart.o(i.uart_init) refers (Special) to use_no_semi_2.o(.text) for __use_no_semihosting
    usart.o(i.uart_init) refers to stm32f10x_rcc.o(i.RCC_APB2PeriphClockCmd) for RCC_APB2PeriphClockCmd
    usart.o(i.uart_init) refers to stm32f10x_gpio.o(i.GPIO_Init) for GPIO_Init
    usart.o(i.uart_init) refers to misc.o(i.NVIC_Init) for NVIC_Init
    usart.o(i.uart_init) refers to stm32f10x_usart.o(i.USART_Init) for USART_Init
    usart.o(i.uart_init) refers to stm32f10x_usart.o(i.USART_ITConfig) for USART_ITConfig
    usart.o(i.uart_init) refers to stm32f10x_usart.o(i.USART_Cmd) for USART_Cmd
    usart.o(.bss) refers (Special) to use_no_semi_2.o(.text) for __use_no_semihosting
    usart.o(.data) refers (Special) to use_no_semi_2.o(.text) for __use_no_semihosting
    main.o(i.main) refers to delay.o(i.delay_init) for delay_init
    main.o(i.main) refers to usart.o(i.uart_init) for uart_init
    main.o(i.main) refers to led.o(i.LED_Init) for LED_Init
    main.o(i.main) refers to cled.o(i.CLED_Init) for CLED_Init
    main.o(i.main) refers to oled.o(i.OLED_Init) for OLED_Init
    main.o(i.main) refers to clock.o(i.ClockInit) for ClockInit
    main.o(i.main) refers to hc-sr501.o(i.HCSR501_Init) for HCSR501_Init
    main.o(i.main) refers to key4x4.o(i.KEY4x4_Init) for KEY4x4_Init
    main.o(i.main) refers to key.o(i.KEY_Init) for KEY_Init
    main.o(i.main) refers to sys-alarm.o(i.Time_Init) for Time_Init
    main.o(i.main) refers to rc522.o(i.RC522_Init) for RC522_Init
    main.o(i.main) refers to ds18b20.o(i.DS18B20_Init) for DS18B20_Init
    main.o(i.main) refers to speaker.o(i.SPEAK_Init) for SPEAK_Init
    main.o(i.main) refers to beep.o(i.BEEP_Init) for BEEP_Init
    main.o(i.main) refers to cled.o(i.TIM3_Int_Init) for TIM3_Int_Init
    main.o(i.main) refers to oled.o(i.OLED_Clear) for OLED_Clear
    main.o(i.main) refers to clock-show.o(i.Show_Home) for Show_Home
    system_stm32f10x.o(i.SetSysClock) refers to system_stm32f10x.o(i.SetSysClockTo72) for SetSysClockTo72
    system_stm32f10x.o(i.SystemCoreClockUpdate) refers to system_stm32f10x.o(.data) for SystemCoreClock
    system_stm32f10x.o(i.SystemInit) refers to system_stm32f10x.o(i.SetSysClock) for SetSysClock
    led.o(i.LED_Init) refers to stm32f10x_rcc.o(i.RCC_APB2PeriphClockCmd) for RCC_APB2PeriphClockCmd
    led.o(i.LED_Init) refers to stm32f10x_gpio.o(i.GPIO_Init) for GPIO_Init
    led.o(i.LED_Init) refers to stm32f10x_gpio.o(i.GPIO_ResetBits) for GPIO_ResetBits
    key.o(i.KEY_Init) refers to stm32f10x_rcc.o(i.RCC_APB2PeriphClockCmd) for RCC_APB2PeriphClockCmd
    key.o(i.KEY_Init) refers to stm32f10x_gpio.o(i.GPIO_Init) for GPIO_Init
    key.o(i.KEY_Scan) refers to delay.o(i.delay_ms) for delay_ms
    key.o(i.KEY_Scan) refers to key.o(.data) for key_up
    key4x4.o(i.KEY16_Scan) refers to delay.o(i.delay_ms) for delay_ms
    key4x4.o(i.KEY4x4_Init) refers to stm32f10x_rcc.o(i.RCC_APB2PeriphClockCmd) for RCC_APB2PeriphClockCmd
    key4x4.o(i.KEY4x4_Init) refers to stm32f10x_gpio.o(i.GPIO_Init) for GPIO_Init
    key4x4.o(i.KEY4x4_Scan) refers to _printf_percent.o(.ARM.Collect$$_printf_percent$$00000000) for _printf_percent
    key4x4.o(i.KEY4x4_Scan) refers to _printf_d.o(.ARM.Collect$$_printf_percent$$00000009) for _printf_d
    key4x4.o(i.KEY4x4_Scan) refers to _printf_dec.o(.text) for _printf_int_dec
    key4x4.o(i.KEY4x4_Scan) refers to noretval__2printf.o(.text) for __2printf
    key4x4.o(i.KEY4x4_Scan) refers to key4x4.o(i.KEY_ALL_Pull_Down) for KEY_ALL_Pull_Down
    key4x4.o(i.KEY4x4_Scan) refers to delay.o(i.delay_ms) for delay_ms
    key4x4.o(i.KEY4x4_Scan) refers to key4x4.o(.data) for IO_Sign
    hc-sr501.o(i.HCSR501_Init) refers to stm32f10x_rcc.o(i.RCC_APB2PeriphClockCmd) for RCC_APB2PeriphClockCmd
[...]
    .ARM.Collect$$_printf_percent$$00000009  0x080001ec   Section        6  _printf_d.o(.ARM.Collect$$_printf_percent$$00000009)
    .ARM.Collect$$_printf_percent$$00000017  0x080001f2   Section        4  _printf_percent_end.o(.ARM.Collect$$_printf_percent$$00000017)
    .ARM.Collect$$libinit$$00000000          0x080001f6   Section        2  libinit.o(.ARM.Collect$$libinit$$00000000)
    .ARM.Collect$$libinit$$00000002          0x080001f8   Section        0  libinit2.o(.ARM.Collect$$libinit$$00000002)
    .ARM.Collect$$libinit$$00000004          0x080001f8   Section        0  libinit2.o(.ARM.Collect$$libinit$$00000004)
    .ARM.Collect$$libinit$$0000000A          0x080001f8   Section        0  libinit2.o(.ARM.Collect$$libinit$$0000000A)
    .ARM.Collect$$libinit$$0000000C          0x080001f8   Section        0  libinit2.o(.ARM.Collect$$libinit$$0000000C)
    .ARM.Collect$$libinit$$0000000E          0x080001f8   Section        0  libinit2.o(.ARM.Collect$$libinit$$0000000E)
    .ARM.Collect$$libinit$$00000011          0x080001f8   Section        0  libinit2.o(.ARM.Collect$$libinit$$00000011)
    .ARM.Collect$$libinit$$00000013          0x080001f8   Section        0  libinit2.o(.ARM.Collect$$libinit$$00000013)
    .ARM.Collect$$libinit$$00000015          0x080001f8   Section        0  libinit2.o(.ARM.Collect$$libinit$$00000015)
    .ARM.Collect$$libinit$$00000017          0x080001f8   Section        0  libinit2.o(.ARM.Collect$$libinit$$00000017)
    .ARM.Collect$$libinit$$00000019          0x080001f8   Section        0  libinit2.o(.ARM.Collect$$libinit$$00000019)
    .ARM.Collect$$libinit$$0000001B          0x080001f8   Section        0  libinit2.o(.ARM.Collect$$libinit$$0000001B)
    .ARM.Collect$$libinit$$0000001D          0x080001f8   Section        0  libinit2.o(.ARM.Collect$$libinit$$0000001D)
    .ARM.Collect$$libinit$$0000001F          0x080001f8   Section        0  libinit2.o(.ARM.Collect$$libinit$$0000001F)
    .ARM.Collect$$libinit$$00000021          0x080001f8   Section        0  libinit2.o(.ARM.Collect$$libinit$$00000021)
    .ARM.Collect$$libinit$$00000023          0x080001f8   Section        0  libinit2.o(.ARM.Collect$$libinit$$00000023)
    .ARM.Collect$$libinit$$00000025          0x080001f8   Section        0  libinit2.o(.ARM.Collect$$libinit$$00000025)
    .ARM.Collect$$libinit$$0000002C          0x080001f8   Section        0  libinit2.o(.ARM.Collect$$libinit$$0000002C)
    .ARM.Collect$$libinit$$0000002E          0x080001f8   Section        0  libinit2.o(.ARM.Collect$$libinit$$0000002E)
    .ARM.Collect$$libinit$$00000030          0x080001f8   Section        0  libinit2.o(.ARM.Collect$$libinit$$00000030)
    .ARM.Collect$$libinit$$00000032          0x080001f8   Section        0  libinit2.o(.ARM.Collect$$libinit$$00000032)
    .ARM.Collect$$libinit$$00000033          0x080001f8   Section        2  libinit2.o(.ARM.Collect$$libinit$$00000033)
    .ARM.Collect$$libshutdown$$00000000      0x080001fa   Section        2  libshutdown.o(.ARM.Collect$$libshutdown$$00000000)
    .ARM.Collect$$libshutdown$$00000003      0x080001fc   Section        0  libshutdown2.o(.ARM.Collect$$libshutdown$$00000003)
    .ARM.Collect$$libshutdown$$00000006      0x080001fc   Section        0  libshutdown2.o(.ARM.Collect$$libshutdown$$00000006)
    .ARM.Collect$$libshutdown$$00000009      0x080001fc   Section        0  libshutdown2.o(.ARM.Collect$$libshutdown$$00000009)
    .ARM.Collect$$libshutdown$$0000000B      0x080001fc   Section        0  libshutdown2.o(.ARM.Collect$$libshutdown$$0000000B)
    .ARM.Collect$$libshutdown$$0000000E      0x080001fc   Section        0  libshutdown2.o(.ARM.Collect$$libshutdown$$0000000E)
    .ARM.Collect$$libshutdown$$0000000F      0x080001fc   Section        2  libshutdown2.o(.ARM.Collect$$libshutdown$$0000000F)
    .ARM.Collect$$rtentry$$00000000          0x080001fe   Section        0  __rtentry.o(.ARM.Collect$$rtentry$$00000000)
    .ARM.Collect$$rtentry$$00000002          0x080001fe   Section        0  __rtentry2.o(.ARM.Collect$$rtentry$$00000002)
    .ARM.Collect$$rtentry$$00000004          0x080001fe   Section        6  __rtentry4.o(.ARM.Collect$$rtentry$$00000004)
    .ARM.Collect$$rtentry$$00000009          0x08000204   Section        0  __rtentry2.o(.ARM.Collect$$rtentry$$00000009)
    .ARM.Collect$$rtentry$$0000000A          0x08000204   Section        4  __rtentry2.o(.ARM.Collect$$rtentry$$0000000A)
    .ARM.Collect$$rtentry$$0000000C          0x08000208   Section        0  __rtentry2.o(.ARM.Collect$$rtentry$$0000000C)
    .ARM.Collect$$rtentry$$0000000D          0x08000208   Section        8  __rtentry2.o(.ARM.Collect$$rtentry$$0000000D)
    .ARM.Collect$$rtexit$$00000000           0x08000210   Section        2  rtexit.o(.ARM.Collect$$rtexit$$00000000)
    .ARM.Collect$$rtexit$$00000002           0x08000212   Section        0  rtexit2.o(.ARM.Collect$$rtexit$$00000002)
    .ARM.Collect$$rtexit$$00000003           0x08000212   Section        4  rtexit2.o(.ARM.Collect$$rtexit$$00000003)
    .ARM.Collect$$rtexit$$00000004           0x08000216   Section        6  rtexit2.o(.ARM.Collect$$rtexit$$00000004)
    .text                                    0x0800021c   Section       64  startup_stm32f10x_hd.o(.text)
    .text                                    0x0800025c   Section        2  use_no_semi_2.o(.text)
    .text                                    0x08000260   Section        0  noretval__2printf.o(.text)
    .text                                    0x08000278   Section        0  __printf.o(.text)
    .text                                    0x080002e0   Section        0  _printf_dec.o(.text)
    .text                                    0x08000358   Section        0  strncmp.o(.text)
    .text                                    0x080003ee   Section      100  rt_memcpy_w.o(.text)
    .text                                    0x08000452   Section        0  heapauxi.o(.text)
    .text                                    0x08000458   Section        2  use_no_semi.o(.text)
    .text                                    0x0800045a   Section        0  _printf_intcommon.o(.text)
    .text                                    0x0800050c   Section        0  _printf_char_file.o(.text)
    .text                                    0x08000530   Section        0  _printf_char_common.o(.text)
    _printf_input_char                       0x08000531   Thumb Code    10  _printf_char_common.o(.text)
    .text                                    0x08000560   Section        0  ferror.o(.text)
    .text                                    0x08000568   Section       74  sys_stackheap_outer.o(.text)
    .text                                    0x080005b2   Section        0  exit.o(.text)
    .text                                    0x080005c0   Section        8  libspace.o(.text)
    i.Alarm_Set                              0x080005c8   Section        0  clock-set.o(i.Alarm_Set)
    i.Alarm_System                           0x080005ec   Section        0  sys-alarm.o(i.Alarm_System)
    i.BEEP_Init                              0x08000610   Section        0  beep.o(i.BEEP_Init)
    i.BusFault_Handler                       0x0800063c   Section        0  stm32f10x_it.o(i.BusFault_Handler)
    i.CLED_Color                             0x08000640   Section        0  cled.o(i.CLED_Color)
    i.CLED_Init                              0x080006b4   Section        0  cled.o(i.CLED_Init)
    i.CLOSE_Alarm_System                     0x080006e8   Section        0  sys-alarm.o(i.CLOSE_Alarm_System)
    i.ClearBitMask                           0x08000808   Section        0  rc522.o(i.ClearBitMask)
    i.ClockInit                              0x08000824   Section        0  clock.o(i.ClockInit)
    i.DS18B20_Check                          0x0800087c   Section        0  ds18b20.o(i.DS18B20_Check)
    i.DS18B20_Get_Temp                       0x080008e0   Section        0  ds18b20.o(i.DS18B20_Get_Temp)
    i.DS18B20_Init                           0x0800096c   Section        0  ds18b20.o(i.DS18B20_Init)
    i.DS18B20_Read_Bit                       0x080009ac   Section        0  ds18b20.o(i.DS18B20_Read_Bit)
    i.DS18B20_Read_Byte                      0x08000a18   Section        0  ds18b20.o(i.DS18B20_Read_Byte)
    i.DS18B20_Rst                            0x08000a3c   Section        0  ds18b20.o(i.DS18B20_Rst)
    i.DS18B20_Start                          0x08000a80   Section        0  ds18b20.o(i.DS18B20_Start)
    i.DS18B20_Write_Byte                     0x08000a98   Section        0  ds18b20.o(i.DS18B20_Write_Byte)
    i.Date_Set                               0x08000b0c   Section        0  clock-set.o(i.Date_Set)
    i.Date_Update                            0x08000be4   Section        0  clock.o(i.Date_Update)
    i.DebugMon_Handler                       0x08000ca0   Section        0  stm32f10x_it.o(i.DebugMon_Handler)
    i.Flag_ChuMen                            0x08000ca4   Section        0  sys-alarm.o(i.Flag_ChuMen)
    Flag_ChuMen                              0x08000ca5   Thumb Code    26  sys-alarm.o(i.Flag_ChuMen)
    i.Flag_DouLiu                            0x08000cc4   Section        0  sys-alarm.o(i.Flag_DouLiu)
    Flag_DouLiu                              0x08000cc5   Thumb Code     2  sys-alarm.o(i.Flag_DouLiu)
    i.Flag_Guanbi                            0x08000cc6   Section        0  sys-alarm.o(i.Flag_Guanbi)
    Flag_Guanbi                              0x08000cc7   Thumb Code    16  sys-alarm.o(i.Flag_Guanbi)
    i.Flag_HuiJia                            0x08000cd6   Section        0  sys-alarm.o(i.Flag_HuiJia)
    Flag_HuiJia                              0x08000cd7   Thumb Code    14  sys-alarm.o(i.Flag_HuiJia)
    i.Flag_JinBao                            0x08000ce4   Section        0  sys-alarm.o(i.Flag_JinBao)
    Flag_JinBao                              0x08000ce5   Thumb Code    28  sys-alarm.o(i.Flag_JinBao)
    i.GPIO_Init                              0x08000d04   Section        0  stm32f10x_gpio.o(i.GPIO_Init)
    i.GPIO_ReadInputDataBit                  0x08000e1a   Section        0  stm32f10x_gpio.o(i.GPIO_ReadInputDataBit)
    i.GPIO_ResetBits                         0x08000e2c   Section        0  stm32f10x_gpio.o(i.GPIO_ResetBits)
    i.GPIO_SetBits                           0x08000e30   Section        0  stm32f10x_gpio.o(i.GPIO_SetBits)
    i.HCSR501_Init                           0x08000e34   Section        0  hc-sr501.o(i.HCSR501_Init)
    i.HW_LED_StateFlag                       0x08000e58   Section        0  led.o(i.HW_LED_StateFlag)
    i.HardFault_Handler                      0x08000e90   Section        0  stm32f10x_it.o(i.HardFault_Handler)
    i.IIC_Start                              0x08000e94   Section        0  oled.o(i.IIC_Start)
    i.IIC_Stop                               0x08000ec4   Section        0  oled.o(i.IIC_Stop)
    i.IIC_Wait_Ack                           0x08000eec   Section        0  oled.o(i.IIC_Wait_Ack)
    i.KEY4x4_Init                            0x08000f08   Section        0  key4x4.o(i.KEY4x4_Init)
    i.KEY4x4_Scan                            0x08000f4c   Section        0  key4x4.o(i.KEY4x4_Scan)
    i.KEY4x4_gets                            0x0800102c   Section        0  sys-alarm.o(i.KEY4x4_gets)
    KEY4x4_gets                              0x0800102d   Thumb Code   258  sys-alarm.o(i.KEY4x4_gets)
    i.KEY_ALL_Pull_Down                      0x08001130   Section        0  key4x4.o(i.KEY_ALL_Pull_Down)
    KEY_ALL_Pull_Down                        0x08001131   Thumb Code    26  key4x4.o(i.KEY_ALL_Pull_Down)
    i.KEY_Init                               0x08001154   Section        0  key.o(i.KEY_Init)
    i.KEY_Scan                               0x08001190   Section        0  key.o(i.KEY_Scan)
    i.Key_Switch                             0x08001214   Section        0  sys-alarm.o(i.Key_Switch)
    i.LED_Init                               0x08001274   Section        0  led.o(i.LED_Init)
    i.LED_Switch                             0x080012dc   Section        0  sys-alarm.o(i.LED_Switch)
    i.M500PcdConfigISOType                   0x0800131c   Section        0  rc522.o(i.M500PcdConfigISOType)
    i.MemManage_Handler                      0x08001370   Section        0  stm32f10x_it.o(i.MemManage_Handler)
    i.Menu_Alarm_Set                         0x08001374   Section        0  clock-set.o(i.Menu_Alarm_Set)
    i.Menu_Date_Set                          0x0800152c   Section        0  clock-set.o(i.Menu_Date_Set)
    i.Menu_Time_Set                          0x08001690   Section        0  clock-set.o(i.Menu_Time_Set)
    i.Move_Menu_Point                        0x08001810   Section        0  clock.o(i.Move_Menu_Point)
    i.Move_Point                             0x08001888   Section        0  clock.o(i.Move_Point)
    i.NMI_Handler                            0x080018f0   Section        0  stm32f10x_it.o(i.NMI_Handler)
    i.NVIC_Init                              0x080018f4   Section        0  misc.o(i.NVIC_Init)
    i.NVIC_PriorityGroupConfig               0x08001964   Section        0  misc.o(i.NVIC_PriorityGroupConfig)
    i.OLED_Clear                             0x08001978   Section        0  oled.o(i.OLED_Clear)
    i.OLED_Clear8x8                          0x080019b8   Section        0  oled.o(i.OLED_Clear8x8)
    i.OLED_Init                              0x08001a20   Section        0  oled.o(i.OLED_Init)
    i.OLED_Set_Pos                           0x08001b34   Section        0  oled.o(i.OLED_Set_Pos)
    i.OLED_ShowCHinese                       0x08001b5c   Section        0  oled.o(i.OLED_ShowCHinese)
    i.OLED_ShowCHinese8x8                    0x08001bc4   Section        0  oled.o(i.OLED_ShowCHinese8x8)
    i.OLED_ShowChar                          0x08001c04   Section        0  oled.o(i.OLED_ShowChar)
    i.OLED_ShowNum                           0x08001ca8   Section        0  oled.o(i.OLED_ShowNum)
    i.OLED_ShowString                        0x08001d30   Section        0  oled.o(i.OLED_ShowString)
    i.OLED_WR_Byte                           0x08001d6a   Section        0  oled.o(i.OLED_WR_Byte)
    i.OPEN_Alarm_System                      0x08001d84   Section        0  sys-alarm.o(i.OPEN_Alarm_System)
    i.PcdAntennaOn                           0x08001dac   Section        0  rc522.o(i.PcdAntennaOn)
    i.PcdComMF522                            0x08001dc6   Section        0  rc522.o(i.PcdComMF522)
    i.PcdRequest                             0x08001ef8   Section        0  rc522.o(i.PcdRequest)
    i.PcdReset                               0x08001f4c   Section        0  rc522.o(i.PcdReset)
    i.PendSV_Handler                         0x08001fcc   Section        0  stm32f10x_it.o(i.PendSV_Handler)
    i.RC522_IcCard_Scan                      0x08001fd0   Section        0  rc522.o(i.RC522_IcCard_Scan)
    i.RC522_Init                             0x08001fec   Section        0  rc522.o(i.RC522_Init)
    i.RCC_APB1PeriphClockCmd                 0x08002018   Section        0  stm32f10x_rcc.o(i.RCC_APB1PeriphClockCmd)
    i.RCC_APB1PeriphResetCmd                 0x08002038   Section        0  stm32f10x_rcc.o(i.RCC_APB1PeriphResetCmd)
    i.RCC_APB2PeriphClockCmd                 0x08002058   Section        0  stm32f10x_rcc.o(i.RCC_APB2PeriphClockCmd)
    i.RCC_APB2PeriphResetCmd                 0x08002078   Section        0  stm32f10x_rcc.o(i.RCC_APB2PeriphResetCmd)
    i.RCC_GetClocksFreq                      0x08002098   Section        0  stm32f10x_rcc.o(i.RCC_GetClocksFreq)
    i.ReadRawRC                              0x0800216c   Section        0  rc522.o(i.ReadRawRC)
    i.SPEAK_Init                             0x080021a0   Section        0  speaker.o(i.SPEAK_Init)
    i.SPI1_Init                              0x080021d8   Section        0  rc522.o(i.SPI1_Init)
    i.SPI_RC522_ReadByte                     0x0800226c   Section        0  rc522.o(i.SPI_RC522_ReadByte)
    i.SPI_RC522_SendByte                     0x080022b8   Section        0  rc522.o(i.SPI_RC522_SendByte)
    i.SVC_Handler                            0x0800230c   Section        0  stm32f10x_it.o(i.SVC_Handler)
    i.SetBitMask                             0x0800230e   Section        0  rc522.o(i.SetBitMask)
    i.SetSysClock                            0x08002328   Section        0  system_stm32f10x.o(i.SetSysClock)
    SetSysClock                              0x08002329   Thumb Code     8  system_stm32f10x.o(i.SetSysClock)
    i.SetSysClockTo72                        0x08002330   Section        0  system_stm32f10x.o(i.SetSysClockTo72)
    SetSysClockTo72                          0x08002331   Thumb Code   214  system_stm32f10x.o(i.SetSysClockTo72)
    i.Set_Alarm_Choose                       0x08002410   Section        0  clock-show.o(i.Set_Alarm_Choose)
    i.Set_Alarm_Switch                       0x080024c0   Section        0  clock-show.o(i.Set_Alarm_Switch)
    i.ShowAndSet_Password                    0x0800258c   Section        0  sys-alarm.o(i.ShowAndSet_Password)
    i.Show_Alarm                             0x080025e0   Section        0  clock-show.o(i.Show_Alarm)
    i.Show_AlarmTime                         0x0800270c   Section        0  sys-alarm.o(i.Show_AlarmTime)
    i.Show_ChildMenu                         0x0800282c   Section        0  clock-show.o(i.Show_ChildMenu)
    i.Show_ChildMenu_Alarm                   0x08002990   Section        0  clock-show.o(i.Show_ChildMenu_Alarm)
    i.Show_Child_AlarmTime                   0x08002adc   Section        0  sys-alarm.o(i.Show_Child_AlarmTime)
    Show_Child_AlarmTime                     0x08002add   Thumb Code  1070  sys-alarm.o(i.Show_Child_AlarmTime)
    i.Show_Chinese                           0x08002f30   Section        0  clock-show.o(i.Show_Chinese)
    i.Show_Date                              0x08002f7c   Section        0  clock-show.o(i.Show_Date)
    i.Show_Home                              0x080030d0   Section        0  clock-show.o(i.Show_Home)
    i.Show_Menu                              0x08003110   Section        0  clock-show.o(i.Show_Menu)
    i.Show_Message                           0x08003218   Section        0  sys-alarm.o(i.Show_Message)
    Show_Message                             0x08003219   Thumb Code    82  sys-alarm.o(i.Show_Message)
    i.Show_Temp                              0x08003278   Section        0  clock-show.o(i.Show_Temp)
    i.Show_Time                              0x080032a0   Section        0  clock-show.o(i.Show_Time)
    i.SysTick_CLKSourceConfig                0x080033f4   Section        0  misc.o(i.SysTick_CLKSourceConfig)
    i.SysTick_Handler                        0x0800341c   Section        0  stm32f10x_it.o(i.SysTick_Handler)
    i.SystemInit                             0x08003420   Section        0  system_stm32f10x.o(i.SystemInit)
    i.TIM3_IRQHandler                        0x08003480   Section        0  cled.o(i.TIM3_IRQHandler)
    i.TIM3_Int_Init                          0x0800351c   Section        0  cled.o(i.TIM3_Int_Init)
    i.TIM6_IRQHandler                        0x0800357c   Section        0  clock.o(i.TIM6_IRQHandler)
    i.TIM_ClearFlag                          0x080035d8   Section        0  stm32f10x_tim.o(i.TIM_ClearFlag)
    i.TIM_ClearITPendingBit                  0x080035de   Section        0  stm32f10x_tim.o(i.TIM_ClearITPendingBit)
    i.TIM_Cmd                                0x080035e4   Section        0  stm32f10x_tim.o(i.TIM_Cmd)
    i.TIM_DeInit                             0x080035fc   Section        0  stm32f10x_tim.o(i.TIM_DeInit)
    i.TIM_GetITStatus                        0x080037e4   Section        0  stm32f10x_tim.o(i.TIM_GetITStatus)
    i.TIM_ITConfig                           0x08003806   Section        0  stm32f10x_tim.o(i.TIM_ITConfig)
    i.TIM_TimeBaseInit                       0x08003818   Section        0  stm32f10x_tim.o(i.TIM_TimeBaseInit)
    i.Time_Compare                           0x080038bc   Section        0  sys-alarm.o(i.Time_Compare)
    i.Time_Init                              0x08003930   Section        0  sys-alarm.o(i.Time_Init)
    i.Time_Set                               0x08003964   Section        0  clock-set.o(i.Time_Set)
    i.Time_Update                            0x08003a20   Section        0  clock.o(i.Time_Update)
    i.USART1_IRQHandler                      0x08003a9c   Section        0  usart.o(i.USART1_IRQHandler)
    i.USART_Cmd                              0x08003b24   Section        0  stm32f10x_usart.o(i.USART_Cmd)
    i.USART_GetITStatus                      0x08003b3c   Section        0  stm32f10x_usart.o(i.USART_GetITStatus)
    i.USART_ITConfig                         0x08003b90   Section        0  stm32f10x_usart.o(i.USART_ITConfig)
    i.USART_Init                             0x08003bdc   Section        0  stm32f10x_usart.o(i.USART_Init)
    i.USART_ReceiveData                      0x08003cb4   Section        0  stm32f10x_usart.o(i.USART_ReceiveData)
    i.UsageFault_Handler                     0x08003cbe   Section        0  stm32f10x_it.o(i.UsageFault_Handler)
    i.User_Password                          0x08003cc4   Section        0  sys-alarm.o(i.User_Password)
    i.WriteRawRC                             0x08003db0   Section        0  rc522.o(i.WriteRawRC)
    i.Write_IIC_Byte                         0x08003de0   Section        0  oled.o(i.Write_IIC_Byte)
    i.Write_IIC_Command                      0x08003e3c   Section        0  oled.o(i.Write_IIC_Command)
    i.Write_IIC_Data                         0x08003e68   Section        0  oled.o(i.Write_IIC_Data)
    i.Write_Time                             0x08003e94   Section        0  sys-alarm.o(i.Write_Time)
    i._sys_exit                              0x08004018   Section        0  usart.o(i._sys_exit)
    i.clock_NVIC                             0x0800401c   Section        0  clock.o(i.clock_NVIC)
    i.delay_init                             0x08004044   Section        0  delay.o(i.delay_init)
    i.delay_ms                               0x08004088   Section        0  delay.o(i.delay_ms)
    i.delay_us                               0x080040d4   Section        0  delay.o(i.delay_us)
    i.fputc                                  0x08004120   Section        0  usart.o(i.fputc)
    i.main                                   0x0800413c   Section        0  main.o(i.main)
    i.oled_pow                               0x08004192   Section        0  oled.o(i.oled_pow)
    i.uart_init                              0x080041a8   Section        0  usart.o(i.uart_init)
    x$fpl$dfix                               0x08004248   Section       94  dfix.o(x$fpl$dfix)
    x$fpl$dmul                               0x080042a8   Section      340  dmul.o(x$fpl$dmul)
    x$fpl$dnaninf                            0x080043fc   Section      156  dnaninf.o(x$fpl$dnaninf)
    x$fpl$dretinf                            0x08004498   Section       12  dretinf.o(x$fpl$dretinf)
    x$fpl$f2d                                0x080044a4   Section       86  f2d.o(x$fpl$f2d)
    x$fpl$fflt                               0x080044fc   Section       48  fflt_clz.o(x$fpl$fflt)
    x$fpl$fnaninf                            0x0800452c   Section      140  fnaninf.o(x$fpl$fnaninf)
    .constdata                               0x080045b8   Section      108  clock.o(.constdata)
    x$fpl$usenofp                            0x080045b8   Section        0  usenofp.o(x$fpl$usenofp)
    .constdata                               0x08004624   Section     2072  oled.o(.constdata)
    .data                                    0x20000000   Section        4  delay.o(.data)
    fac_us                                   0x20000000   Data           1  delay.o(.data)
    fac_ms                                   0x20000002   Data           2  delay.o(.data)
    .data                                    0x20000004   Section        6  usart.o(.data)
    .data                                    0x2000000c   Section       20  system_stm32f10x.o(.data)
    .data                                    0x20000020   Section        1  key.o(.data)
    key_up                                   0x20000020   Data           1  key.o(.data)
    .data                                    0x20000021   Section        2  key4x4.o(.data)
    IO_Sign                                  0x20000021   Data           1  key4x4.o(.data)
    key_up                                   0x20000022   Data           1  key4x4.o(.data)
    .data                                    0x20000024   Section      352  clock.o(.data)
    months                                   0x20000030   Data         336  clock.o(.data)
    num                                      0x20000180   Data           4  clock.o(.data)
    .data                                    0x20000184   Section       12  clock-show.o(.data)
    value                                    0x2000018c   Data           4  clock-show.o(.data)
    .data                                    0x20000190   Section       24  sys-alarm.o(.data)
    sled                                     0x200001a4   Data           4  sys-alarm.o(.data)
    .data                                    0x200001a8   Section     2208  oled.o(.data)
    .data                                    0x20000a48   Section        4  cled.o(.data)
    ColorSign                                0x20000a48   Data           4  cled.o(.data)
    .data                                    0x20000a4c   Section       63  rc522.o(.data)
    ICstatus                                 0x20000a8a   Data           1  rc522.o(.data)
    .data                                    0x20000a8b   Section       20  stm32f10x_rcc.o(.data)
    APBAHBPrescTable                         0x20000a8b   Data          16  stm32f10x_rcc.o(.data)
    ADCPrescTable                            0x20000a9b   Data           4  stm32f10x_rcc.o(.data)
    .bss                                     0x20000aa0   Section      200  usart.o(.bss)
    .bss                                     0x20000b68   Section      100  clock-set.o(.bss)
    .bss                                     0x20000bcc   Section      200  sys-alarm.o(.bss)
    .bss                                     0x20000c94   Section       96  libspace.o(.bss)
    HEAP                                     0x20000cf8   Section      512  startup_stm32f10x_hd.o(HEAP)
    Heap_Mem                                 0x20000cf8   Data         512  startup_stm32f10x_hd.o(HEAP)
    STACK                                    0x20000ef8   Section     1024  startup_stm32f10x_hd.o(STACK)
    Stack_Mem                                0x20000ef8   Data        1024  startup_stm32f10x_hd.o(STACK)
    __initial_sp                             0x200012f8   Data           0  startup_stm32f10x_hd.o(STACK)

    Global Symbols

    Symbol Name                              Value     Ov Type        Size  Object(Section)

    BuildAttributes$$THM_ISAv4$P$D$K$B$S$PE$A:L22UL41UL21$X:L11$S22US41US21$IEEE1$IW$USESV6$~STKCKD$USESV7$~SHL$OTIME$ROPI$IEEEJ$EBA8$UX$STANDARDLIB$REQ8$PRES8$EABIv2 0x00000000   Number         0  anon$$obj.o ABSOLUTE
    __ARM_use_no_argv                        0x00000000   Number         0  main.o ABSOLUTE
    __ARM_exceptions_init                     - Undefined Weak Reference
    __alloca_initialize                       - Undefined Weak Reference
    __arm_preinit_                            - Undefined Weak Reference
    __cpp_initialize__aeabi_                  - Undefined Weak Reference
    __cxa_finalize                            - Undefined Weak Reference
    __rt_locale                               - Undefined Weak Reference
    __sigvec_lookup                           - Undefined Weak Reference
    _atexit_init                              - Undefined Weak Reference
    _call_atexit_fns                          - Undefined Weak Reference
    _clock_init                               - Undefined Weak Reference
    _fp_trap_init                             - Undefined Weak Reference
    _fp_trap_shutdown                         - Undefined Weak Reference
    _get_lc_collate                           - Undefined Weak Reference
    _get_lc_ctype                             - Undefined Weak Reference
    _get_lc_monetary                          - Undefined Weak Reference
    _get_lc_numeric                           - Undefined Weak Reference
    _get_lc_time                              - Undefined Weak Reference
    _getenv_init                              - Undefined Weak Reference
    _handle_redirection                       - Undefined Weak Reference
    _init_alloc                               - Undefined Weak Reference
    _init_user_alloc                          - Undefined Weak Reference
    _initio                                   - Undefined Weak Reference
    _mutex_acquire                            - Undefined Weak Reference
    _mutex_release                            - Undefined Weak Reference
    _printf_mbtowc                            - Undefined Weak Reference
    _printf_post_padding                      - Undefined Weak Reference
    _printf_pre_padding                       - Undefined Weak Reference
    _printf_truncate_signed                   - Undefined Weak Reference
    _printf_truncate_unsigned                 - Undefined Weak Reference
    _rand_init                                - Undefined Weak Reference
    _signal_finish                            - Undefined Weak Reference
    _signal_init                              - Undefined Weak Reference
    _terminate_alloc                          - Undefined Weak Reference
    _terminate_user_alloc                     - Undefined Weak Reference
    _terminateio                              - Undefined Weak Reference
    __Vectors_Size                           0x00000130   Number         0  startup_stm32f10x_hd.o ABSOLUTE
    __Vectors                                0x08000000   Data           4  startup_stm32f10x_hd.o(RESET)
    __Vectors_End                            0x08000130   Data           0  startup_stm32f10x_hd.o(RESET)
    __main                                   0x08000131   Thumb Code     8  __main.o(!!!main)
    __scatterload                            0x08000139   Thumb Code     0  __scatter.o(!!!scatter)
    __scatterload_rt2                        0x08000139   Thumb Code    44  __scatter.o(!!!scatter)
    __scatterload_rt2_thumb_only             0x08000139   Thumb Code     0  __scatter.o(!!!scatter)
    __scatterload_null                       0x08000147   Thumb Code     0  __scatter.o(!!!scatter)
    __decompress                             0x0800016d   Thumb Code   100  __dclz77c.o(!!dclz77c)
    __decompress2                            0x0800016d   Thumb Code     0  __dclz77c.o(!!dclz77c)
    __scatterload_zeroinit                   0x080001d1   Thumb Code    28  __scatter_zi.o(!!handler_zi)
    _printf_d                                0x080001ed   Thumb Code     0  _printf_d.o(.ARM.Collect$$_printf_percent$$00000009)
    _printf_percent                          0x080001ed   Thumb Code     0  _printf_percent.o(.ARM.Collect$$_printf_percent$$00000000)
    _printf_percent_end                      0x080001f3   Thumb Code     0  _printf_percent_end.o(.ARM.Collect$$_printf_percent$$00000017)
    __rt_lib_init                            0x080001f7   Thumb Code     0  libinit.o(.ARM.Collect$$libinit$$00000000)
    __rt_lib_init_alloca_1                   0x080001f9   Thumb Code     0  libinit2.o(.ARM.Collect$$libinit$$0000002E)
    __rt_lib_init_argv_1                     0x080001f9   Thumb Code     0  libinit2.o(.ARM.Collect$$libinit$$0000002C)
    __rt_lib_init_atexit_1                   0x080001f9   Thumb Code     0  libinit2.o(.ARM.Collect$$libinit$$0000001B)
    __rt_lib_init_clock_1                    0x080001f9   Thumb Code     0  libinit2.o(.ARM.Collect$$libinit$$00000021)
    __rt_lib_init_cpp_1                      0x080001f9   Thumb Code     0  libinit2.o(.ARM.Collect$$libinit$$00000032)
    __rt_lib_init_exceptions_1               0x080001f9   Thumb Code     0  libinit2.o(.ARM.Collect$$libinit$$00000030)
    __rt_lib_init_fp_1                       0x080001f9   Thumb Code     0  libinit2.o(.ARM.Collect$$libinit$$00000002)
    __rt_lib_init_fp_trap_1                  0x080001f9   Thumb Code     0  libinit2.o(.ARM.Collect$$libinit$$0000001F)
    __rt_lib_init_getenv_1                   0x080001f9   Thumb Code     0  libinit2.o(.ARM.Collect$$libinit$$00000023)
    __rt_lib_init_heap_1                     0x080001f9   Thumb Code     0  libinit2.o(.ARM.Collect$$libinit$$0000000A)
    __rt_lib_init_lc_collate_1               0x080001f9   Thumb Code     0  libinit2.o(.ARM.Collect$$libinit$$00000011)
    __rt_lib_init_lc_ctype_1                 0x080001f9   Thumb Code     0  libinit2.o(.ARM.Collect$$libinit$$00000013)
    __rt_lib_init_lc_monetary_1              0x080001f9   Thumb Code     0  libinit2.o(.ARM.Collect$$libinit$$00000015)
    __rt_lib_init_lc_numeric_1               0x080001f9   Thumb Code     0  libinit2.o(.ARM.Collect$$libinit$$00000017)
    __rt_lib_init_lc_time_1                  0x080001f9   Thumb Code     0  libinit2.o(.ARM.Collect$$libinit$$00000019)
    __rt_lib_init_preinit_1                  0x080001f9   Thumb Code     0  libinit2.o(.ARM.Collect$$libinit$$00000004)
    __rt_lib_init_rand_1                     0x080001f9   Thumb Code     0  libinit2.o(.ARM.Collect$$libinit$$0000000E)
    __rt_lib_init_return                     0x080001f9   Thumb Code     0  libinit2.o(.ARM.Collect$$libinit$$00000033)
    __rt_lib_init_signal_1                   0x080001f9   Thumb Code     0  libinit2.o(.ARM.Collect$$libinit$$0000001D)
    __rt_lib_init_stdio_1                    0x080001f9   Thumb Code     0  libinit2.o(.ARM.Collect$$libinit$$00000025)
    __rt_lib_init_user_alloc_1               0x080001f9   Thumb Code     0  libinit2.o(.ARM.Collect$$libinit$$0000000C)
    __rt_lib_shutdown                        0x080001fb   Thumb Code     0  libshutdown.o(.ARM.Collect$$libshutdown$$00000000)
    __rt_lib_shutdown_fp_trap_1              0x080001fd   Thumb Code     0  libshutdown2.o(.ARM.Collect$$libshutdown$$00000006)
    __rt_lib_shutdown_heap_1                 0x080001fd   Thumb Code     0  libshutdown2.o(.ARM.Collect$$libshutdown$$0000000E)
    __rt_lib_shutdown_return                 0x080001fd   Thumb Code     0  libshutdown2.o(.ARM.Collect$$libshutdown$$0000000F)
    __rt_lib_shutdown_signal_1               0x080001fd   Thumb Code     0  libshutdown2.o(.ARM.Collect$$libshutdown$$00000009)
    __rt_lib_shutdown_stdio_1                0x080001fd   Thumb Code     0  libshutdown2.o(.ARM.Collect$$libshutdown$$00000003)
    __rt_lib_shutdown_user_alloc_1           0x080001fd   Thumb Code     0  libshutdown2.o(.ARM.Collect$$libshutdown$$0000000B)
    __rt_entry                               0x080001ff   Thumb Code     0  __rtentry.o(.ARM.Collect$$rtentry$$00000000)
    __rt_entry_presh_1                       0x080001ff   Thumb Code     0  __rtentry2.o(.ARM.Collect$$rtentry$$00000002)
    __rt_entry_sh                            0x080001ff   Thumb Code     0  __rtentry4.o(.ARM.Collect$$rtentry$$00000004)
    __rt_entry_li                            0x08000205   Thumb Code     0  __rtentry2.o(.ARM.Collect$$rtentry$$0000000A)
    __rt_entry_postsh_1                      0x08000205   Thumb Code     0  __rtentry2.o(.ARM.Collect$$rtentry$$00000009)
    __rt_entry_main                          0x08000209   Thumb Code     0  __rtentry2.o(.ARM.Collect$$rtentry$$0000000D)
    __rt_entry_postli_1                      0x08000209   Thumb Code     0  __rtentry2.o(.ARM.Collect$$rtentry$$0000000C)
    __rt_exit                                0x08000211   Thumb Code     0  rtexit.o(.ARM.Collect$$rtexit$$00000000)
    __rt_exit_ls                             0x08000213   Thumb Code     0  rtexit2.o(.ARM.Collect$$rtexit$$00000003)
    __rt_exit_prels_1                        0x08000213   Thumb Code     0  rtexit2.o(.ARM.Collect$$rtexit$$00000002)
    __rt_exit_exit                           0x08000217   Thumb Code     0  rtexit2.o(.ARM.Collect$$rtexit$$00000004)
    Reset_Handler                            0x0800021d   Thumb Code     8  startup_stm32f10x_hd.o(.text)
    ADC1_2_IRQHandler                        0x08000237   Thumb Code     0  startup_stm32f10x_hd.o(.text)
    ADC3_IRQHandler                          0x08000237   Thumb Code     0  startup_stm32f10x_hd.o(.text)
    CAN1_RX1_IRQHandler                      0x08000237   Thumb Code     0  startup_stm32f10x_hd.o(.text)
    CAN1_SCE_IRQHandler                      0x08000237   Thumb Code     0  startup_stm32f10x_hd.o(.text)
    DMA1_Channel1_IRQHandler                 0x08000237   Thumb Code     0  startup_stm32f10x_hd.o(.text)
    DMA1_Channel2_IRQHandler                 0x08000237   Thumb Code     0  startup_stm32f10x_hd.o(.text)
    DMA1_Channel3_IRQHandler                 0x08000237   Thumb Code     0  startup_stm32f10x_hd.o(.text)
    DMA1_Channel4_IRQHandler                 0x08000237   Thumb Code     0  startup_stm32f10x_hd.o(.text)
    DMA1_Channel5_IRQHandler                 0x08000237   Thumb Code     0  startup_stm32f10x_hd.o(.text)
    DMA1_Channel6_IRQHandler                 0x08000237   Thumb Code     0  startup_stm32f10x_hd.o(.text)
    DMA1_Channel7_IRQHandler                 0x08000237   Thumb Code     0  startup_stm32f10x_hd.o(.text)
    DMA2_Channel1_IRQHandler                 0x08000237   Thumb Code     0  startup_stm32f10x_hd.o(.text)
    DMA2_Channel2_IRQHandler                 0x08000237   Thumb Code     0  startup_stm32f10x_hd.o(.text)
    DMA2_Channel3_IRQHandler                 0x08000237   Thumb Code     0  startup_stm32f10x_hd.o(.text)
    DMA2_Channel4_5_IRQHandler               0x08000237   Thumb Code     0  startup_stm32f10x_hd.o(.text)
    EXTI0_IRQHandler                         0x08000237   Thumb Code     0  startup_stm32f10x_hd.o(.text)
    EXTI15_10_IRQHandler                     0x08000237   Thumb Code     0  startup_stm32f10x_hd.o(.text)
    EXTI1_IRQHandler                         0x08000237   Thumb Code     0  startup_stm32f10x_hd.o(.text)
    EXTI2_IRQHandler                         0x08000237   Thumb Code     0  startup_stm32f10x_hd.o(.text)
    EXTI3_IRQHandler                         0x08000237   Thumb Code     0  startup_stm32f10x_hd.o(.text)
    EXTI4_IRQHandler                         0x08000237   Thumb Code     0  startup_stm32f10x_hd.o(.text)
    EXTI9_5_IRQHandler                       0x08000237   Thumb Code     0  startup_stm32f10x_hd.o(.text)
    FLASH_IRQHandler                         0x08000237   Thumb Code     0  startup_stm32f10x_hd.o(.text)
    FSMC_IRQHandler                          0x08000237   Thumb Code     0  startup_stm32f10x_hd.o(.text)
    I2C1_ER_IRQHandler                       0x08000237   Thumb Code     0  startup_stm32f10x_hd.o(.text)
    I2C1_EV_IRQHandler                       0x08000237   Thumb Code     0  startup_stm32f10x_hd.o(.text)
    I2C2_ER_IRQHandler                       0x08000237   Thumb Code     0  startup_stm32f10x_hd.o(.text)
    I2C2_EV_IRQHandler                       0x08000237   Thumb Code     0  startup_stm32f10x_hd.o(.text)
    PVD_IRQHandler                           0x08000237   Thumb Code     0  startup_stm32f10x_hd.o(.text)
    RCC_IRQHandler                           0x08000237   Thumb Code     0  startup_stm32f10x_hd.o(.text)
    RTCAlarm_IRQHandler                      0x08000237   Thumb Code     0  startup_stm32f10x_hd.o(.text)
    RTC_IRQHandler                           0x08000237   Thumb Code     0  startup_stm32f10x_hd.o(.text)
    SDIO_IRQHandler                          0x08000237   Thumb Code     0  startup_stm32f10x_hd.o(.text)
    SPI1_IRQHandler                          0x08000237   Thumb Code     0  startup_stm32f10x_hd.o(.text)
    SPI2_IRQHandler                          0x08000237   Thumb Code     0  startup_stm32f10x_hd.o(.text)
    SPI3_IRQHandler                          0x08000237   Thumb Code     0  startup_stm32f10x_hd.o(.text)
    TAMPER_IRQHandler                        0x08000237   Thumb Code     0  startup_stm32f10x_hd.o(.text)
    TIM1_BRK_IRQHandler                      0x08000237   Thumb Code     0  startup_stm32f10x_hd.o(.text)
    TIM1_CC_IRQHandler                       0x08000237   Thumb Code     0  startup_stm32f10x_hd.o(.text)
    TIM1_TRG_COM_IRQHandler                  0x08000237   Thumb Code     0  startup_stm32f10x_hd.o(.text)
    TIM1_UP_IRQHandler                       0x08000237   Thumb Code     0  startup_stm32f10x_hd.o(.text)
    TIM2_IRQHandler                          0x08000237   Thumb Code     0  startup_stm32f10x_hd.o(.text)
    TIM4_IRQHandler                          0x08000237   Thumb Code     0  startup_stm32f10x_hd.o(.text)
    TIM5_IRQHandler                          0x08000237   Thumb Code     0  startup_stm32f10x_hd.o(.text)
    TIM7_IRQHandler                          0x08000237   Thumb Code     0  startup_stm32f10x_hd.o(.text)
    TIM8_BRK_IRQHandler                      0x08000237   Thumb Code     0  startup_stm32f10x_hd.o(.text)
    TIM8_CC_IRQHandler                       0x08000237   Thumb Code     0  startup_stm32f10x_hd.o(.text)
    TIM8_TRG_COM_IRQHandler                  0x08000237   Thumb Code     0  startup_stm32f10x_hd.o(.text)
    TIM8_UP_IRQHandler                       0x08000237   Thumb Code     0  startup_stm32f10x_hd.o(.text)
    UART4_IRQHandler                         0x08000237   Thumb Code     0  startup_stm32f10x_hd.o(.text)
    UART5_IRQHandler                         0x08000237   Thumb Code     0  startup_stm32f10x_hd.o(.text)
    USART2_IRQHandler                        0x08000237   Thumb Code     0  startup_stm32f10x_hd.o(.text)
    USART3_IRQHandler                        0x08000237   Thumb Code     0  startup_stm32f10x_hd.o(.text)
    USBWakeUp_IRQHandler                     0x08000237   Thumb Code     0  startup_stm32f10x_hd.o(.text)
    USB_HP_CAN1_TX_IRQHandler                0x08000237   Thumb Code     0  startup_stm32f10x_hd.o(.text)
    USB_LP_CAN1_RX0_IRQHandler               0x08000237   Thumb Code     0  startup_stm32f10x_hd.o(.text)
    WWDG_IRQHandler                          0x08000237   Thumb Code     0  startup_stm32f10x_hd.o(.text)
    __user_initial_stackheap                 0x08000239   Thumb Code     0  startup_stm32f10x_hd.o(.text)
    __use_no_semihosting                     0x0800025d   Thumb Code     2  use_no_semi_2.o(.text)
    __2printf                                0x08000261   Thumb Code    20  noretval__2printf.o(.text)
    __printf                                 0x08000279   Thumb Code   104  __printf.o(.text)
    _printf_int_dec                          0x080002e1   Thumb Code   104  _printf_dec.o(.text)
    strncmp                                  0x08000359   Thumb Code   150  strncmp.o(.text)
    __aeabi_memcpy4                          0x080003ef   Thumb Code     0  rt_memcpy_w.o(.text)
    __aeabi_memcpy8                          0x080003ef   Thumb Code     0  rt_memcpy_w.o(.text)
    __rt_memcpy_w                            0x080003ef   Thumb Code   100  rt_memcpy_w.o(.text)
    _memcpy_lastbytes_aligned                0x08000437   Thumb Code     0  rt_memcpy_w.o(.text)
    __use_two_region_memory                  0x08000453   Thumb Code     2  heapauxi.o(.text)
    __rt_heap_escrow$2region                 0x08000455   Thumb Code     2  heapauxi.o(.text)
    __rt_heap_expand$2region                 0x08000457   Thumb Code     2  heapauxi.o(.text)
    __I$use$semihosting                      0x08000459   Thumb Code     0  use_no_semi.o(.text)
    __use_no_semihosting_swi                 0x08000459   Thumb Code     2  use_no_semi.o(.text)
    _printf_int_common                       0x0800045b   Thumb Code   178  _printf_intcommon.o(.text)
    _printf_char_file                        0x0800050d   Thumb Code    32  _printf_char_file.o(.text)
    _printf_char_common                      0x0800053b   Thumb Code    32  _printf_char_common.o(.text)
    ferror                                   0x08000561   Thumb Code     8  ferror.o(.text)
    __user_setup_stackheap                   0x08000569   Thumb Code    74  sys_stackheap_outer.o(.text)
    exit                                     0x080005b3   Thumb Code    12  exit.o(.text)
    __user_libspace                          0x080005c1   Thumb Code     8  libspace.o(.text)
    __user_perproc_libspace                  0x080005c1   Thumb Code     0  libspace.o(.text)
    __user_perthread_libspace                0x080005c1   Thumb Code     0  libspace.o(.text)
    Alarm_Set                                0x080005c9   Thumb Code    36  clock-set.o(i.Alarm_Set)
    Alarm_System                             0x080005ed   Thumb Code    36  sys-alarm.o(i.Alarm_System)
    BEEP_Init                                0x08000611   Thumb Code    40  beep.o(i.BEEP_Init)
    BusFault_Handler                         0x0800063d   Thumb Code     4  stm32f10x_it.o(i.BusFault_Handler)
    CLED_Color                               0x08000641   Thumb Code   108  cled.o(i.CLED_Color)
    CLED_Init                                0x080006b5   Thumb Code    46  cled.o(i.CLED_Init)
    CLOSE_Alarm_System                       0x080006e9   Thumb Code   258  sys-alarm.o(i.CLOSE_Alarm_System)
    ClearBitMask                             0x08000809   Thumb Code    26  rc522.o(i.ClearBitMask)
    ClockInit                                0x08000825   Thumb Code    82  clock.o(i.ClockInit)
    DS18B20_Check                            0x0800087d   Thumb Code    92  ds18b20.o(i.DS18B20_Check)
    DS18B20_Get_Temp                         0x080008e1   Thumb Code   136  ds18b20.o(i.DS18B20_Get_Temp)
    DS18B20_Init                             0x0800096d   Thumb Code    56  ds18b20.o(i.DS18B20_Init)
    DS18B20_Read_Bit                         0x080009ad   Thumb Code    96  ds18b20.o(i.DS18B20_Read_Bit)
    DS18B20_Read_Byte                        0x08000a19   Thumb Code    34  ds18b20.o(i.DS18B20_Read_Byte)
    DS18B20_Rst                              0x08000a3d   Thumb Code    54  ds18b20.o(i.DS18B20_Rst)
    DS18B20_Start                            0x08000a81   Thumb Code    24  ds18b20.o(i.DS18B20_Start)
    DS18B20_Write_Byte                       0x08000a99   Thumb Code   102  ds18b20.o(i.DS18B20_Write_Byte)
    Date_Set                                 0x08000b0d   Thumb Code   204  clock-set.o(i.Date_Set)
    Date_Update                              0x08000be5   Thumb Code   166  clock.o(i.Date_Update)
    DebugMon_Handler                         0x08000ca1   Thumb Code     2  stm32f10x_it.o(i.DebugMon_Handler)
    GPIO_Init                                0x08000d05   Thumb Code   278  stm32f10x_gpio.o(i.GPIO_Init)
    GPIO_ReadInputDataBit                    0x08000e1b   Thumb Code    18  stm32f10x_gpio.o(i.GPIO_ReadInputDataBit)
    GPIO_ResetBits                           0x08000e2d   Thumb Code     4  stm32f10x_gpio.o(i.GPIO_ResetBits)
    GPIO_SetBits                             0x08000e31   Thumb Code     4  stm32f10x_gpio.o(i.GPIO_SetBits)
    HCSR501_Init                             0x08000e35   Thumb Code    32  hc-sr501.o(i.HCSR501_Init)
    HW_LED_StateFlag                         0x08000e59   Thumb Code    48  led.o(i.HW_LED_StateFlag)
    HardFault_Handler                        0x08000e91   Thumb Code     4  stm32f10x_it.o(i.HardFault_Handler)
    IIC_Start                                0x08000e95   Thumb Code    44  oled.o(i.IIC_Start)
    IIC_Stop                                 0x08000ec5   Thumb Code    34  oled.o(i.IIC_Stop)
    IIC_Wait_Ack                             0x08000eed   Thumb Code    24  oled.o(i.IIC_Wait_Ack)
    KEY4x4_Init                              0x08000f09   Thumb Code    62  key4x4.o(i.KEY4x4_Init)
    KEY4x4_Scan                              0x08000f4d   Thumb Code   160  key4x4.o(i.KEY4x4_Scan)
    KEY_Init                                 0x08001155   Thumb Code    52  key.o(i.KEY_Init)
    KEY_Scan                                 0x08001191   Thumb Code   120  key.o(i.KEY_Scan)
    Key_Switch                               0x08001215   Thumb Code    82  sys-alarm.o(i.Key_Switch)
    LED_Init                                 0x08001275   Thumb Code    96  led.o(i.LED_Init)
    LED_Switch                               0x080012dd   Thumb Code    50  sys-alarm.o(i.LED_Switch)
    M500PcdConfigISOType                     0x0800131d   Thumb Code    84  rc522.o(i.M500PcdConfigISOType)
    MemManage_Handler                        0x08001371   Thumb Code     4  stm32f10x_it.o(i.MemManage_Handler)
    Menu_Alarm_Set                           0x08001375   Thumb Code   368  clock-set.o(i.Menu_Alarm_Set)
    Menu_Date_Set                            0x0800152d   Thumb Code   308  clock-set.o(i.Menu_Date_Set)
    Menu_Time_Set                            0x08001691   Thumb Code   332  clock-set.o(i.Menu_Time_Set)
    Move_Menu_Point                          0x08001811   Thumb Code   110  clock.o(i.Move_Menu_Point)
    Move_Point                               0x08001889   Thumb Code    90  clock.o(i.Move_Point)
    NMI_Handler                              0x080018f1   Thumb Code     2  stm32f10x_it.o(i.NMI_Handler)
    NVIC_Init                                0x080018f5   Thumb Code   100  misc.o(i.NVIC_Init)
    NVIC_PriorityGroupConfig                 0x08001965   Thumb Code    10  misc.o(i.NVIC_PriorityGroupConfig)
    OLED_Clear                               0x08001979   Thumb Code    64  oled.o(i.OLED_Clear)
    OLED_Clear8x8                            0x080019b9   Thumb Code   104  oled.o(i.OLED_Clear8x8)
    OLED_Init                                0x08001a21   Thumb Code   272  oled.o(i.OLED_Init)
    OLED_Set_Pos                             0x08001b35   Thumb Code    40  oled.o(i.OLED_Set_Pos)
    OLED_ShowCHinese                         0x08001b5d   Thumb Code    98  oled.o(i.OLED_ShowCHinese)
    OLED_ShowCHinese8x8                      0x08001bc5   Thumb Code    60  oled.o(i.OLED_ShowCHinese8x8)
    OLED_ShowChar                            0x08001c05   Thumb Code   154  oled.o(i.OLED_ShowChar)
    OLED_ShowNum                             0x08001ca9   Thumb Code   136  oled.o(i.OLED_ShowNum)
    OLED_ShowString                          0x08001d31   Thumb Code    58  oled.o(i.OLED_ShowString)
    OLED_WR_Byte                             0x08001d6b   Thumb Code    24  oled.o(i.OLED_WR_Byte)
    OPEN_Alarm_System                        0x08001d85   Thumb Code    34  sys-alarm.o(i.OPEN_Alarm_System)
    PcdAntennaOn                             0x08001dad   Thumb Code    26  rc522.o(i.PcdAntennaOn)
    PcdComMF522                              0x08001dc7   Thumb Code   306  rc522.o(i.PcdComMF522)
    PcdRequest                               0x08001ef9   Thumb Code    84  rc522.o(i.PcdRequest)
    PcdReset                                 0x08001f4d   Thumb Code   124  rc522.o(i.PcdReset)
    PendSV_Handler                           0x08001fcd   Thumb Code     2  stm32f10x_it.o(i.PendSV_Handler)
    RC522_IcCard_Scan                        0x08001fd1   Thumb Code    20  rc522.o(i.RC522_IcCard_Scan)
    RC522_Init                               0x08001fed   Thumb Code    34  rc522.o(i.RC522_Init)
    RCC_APB1PeriphClockCmd                   0x08002019   Thumb Code    26  stm32f10x_rcc.o(i.RCC_APB1PeriphClockCmd)
    RCC_APB1PeriphResetCmd                   0x08002039   Thumb Code    26  stm32f10x_rcc.o(i.RCC_APB1PeriphResetCmd)
    RCC_APB2PeriphClockCmd                   0x08002059   Thumb Code    26  stm32f10x_rcc.o(i.RCC_APB2PeriphClockCmd)
    RCC_APB2PeriphResetCmd                   0x08002079   Thumb Code    26  stm32f10x_rcc.o(i.RCC_APB2PeriphResetCmd)
    RCC_GetClocksFreq                        0x08002099   Thumb Code   192  stm32f10x_rcc.o(i.RCC_GetClocksFreq)
    ReadRawRC                                0x0800216d   Thumb Code    46  rc522.o(i.ReadRawRC)
    SPEAK_Init                               0x080021a1   Thumb Code    50  speaker.o(i.SPEAK_Init)
    SPI1_Init                                0x080021d9   Thumb Code   140  rc522.o(i.SPI1_Init)
    SPI_RC522_ReadByte                       0x0800226d   Thumb Code    72  rc522.o(i.SPI_RC522_ReadByte)
    SPI_RC522_SendByte                       0x080022b9   Thumb Code    80  rc522.o(i.SPI_RC522_SendByte)
    SVC_Handler                              0x0800230d   Thumb Code     2  stm32f10x_it.o(i.SVC_Handler)
    SetBitMask                               0x0800230f   Thumb Code    26  rc522.o(i.SetBitMask)
    Set_Alarm_Choose                         0x08002411   Thumb Code   150  clock-show.o(i.Set_Alarm_Choose)
    Set_Alarm_Switch                         0x080024c1   Thumb Code   168  clock-show.o(i.Set_Alarm_Switch)
    ShowAndSet_Password                      0x0800258d   Thumb Code    84  sys-alarm.o(i.ShowAndSet_Password)
    Show_Alarm                               0x080025e1   Thumb Code   274  clock-show.o(i.Show_Alarm)
    Show_AlarmTime                           0x0800270d   Thumb Code   248  sys-alarm.o(i.Show_AlarmTime)
    Show_ChildMenu                           0x0800282d   Thumb Code   340  clock-show.o(i.Show_ChildMenu)
    Show_ChildMenu_Alarm                     0x08002991   Thumb Code   274  clock-show.o(i.Show_ChildMenu_Alarm)
    Show_Chinese                             0x08002f31   Thumb Code    62  clock-show.o(i.Show_Chinese)
    Show_Date                                0x08002f7d   Thumb Code   322  clock-show.o(i.Show_Date)
    Show_Home                                0x080030d1   Thumb Code    64  clock-show.o(i.Show_Home)
    Show_Menu                                0x08003111   Thumb Code   252  clock-show.o(i.Show_Menu)
    Show_Temp                                0x08003279   Thumb Code    40  clock-show.o(i.Show_Temp)
    Show_Time                                0x080032a1   Thumb Code   316  clock-show.o(i.Show_Time)
    SysTick_CLKSourceConfig                  0x080033f5   Thumb Code    40  misc.o(i.SysTick_CLKSourceConfig)
    SysTick_Handler                          0x0800341d   Thumb Code     2  stm32f10x_it.o(i.SysTick_Handler)
    SystemInit                               0x08003421   Thumb Code    78  system_stm32f10x.o(i.SystemInit)
    TIM3_IRQHandler                          0x08003481   Thumb Code   134  cled.o(i.TIM3_IRQHandler)
    TIM3_Int_Init                            0x0800351d   Thumb Code    90  cled.o(i.TIM3_Int_Init)
    TIM6_IRQHandler                          0x0800357d   Thumb Code    74  clock.o(i.TIM6_IRQHandler)
    TIM_ClearFlag                            0x080035d9   Thumb Code     6  stm32f10x_tim.o(i.TIM_ClearFlag)
    TIM_ClearITPendingBit                    0x080035df   Thumb Code     6  stm32f10x_tim.o(i.TIM_ClearITPendingBit)
    TIM_Cmd                                  0x080035e5   Thumb Code    24  stm32f10x_tim.o(i.TIM_Cmd)
    TIM_DeInit                               0x080035fd   Thumb Code   424  stm32f10x_tim.o(i.TIM_DeInit)
    TIM_GetITStatus                          0x080037e5   Thumb Code    34  stm32f10x_tim.o(i.TIM_GetITStatus)
    TIM_ITConfig                             0x08003807   Thumb Code    18  stm32f10x_tim.o(i.TIM_ITConfig)
    TIM_TimeBaseInit                         0x08003819   Thumb Code   122  stm32f10x_tim.o(i.TIM_TimeBaseInit)
    Time_Compare                             0x080038bd   Thumb Code    98  sys-alarm.o(i.Time_Compare)
    Time_Init                                0x08003931   Thumb Code    44  sys-alarm.o(i.Time_Init)
    Time_Set                                 0x08003965   Thumb Code   176  clock-set.o(i.Time_Set)
    Time_Update                              0x08003a21   Thumb Code   104  clock.o(i.Time_Update)
    USART1_IRQHandler                        0x08003a9d   Thumb Code   122  usart.o(i.USART1_IRQHandler)
    USART_Cmd                                0x08003b25   Thumb Code    24  stm32f10x_usart.o(i.USART_Cmd)
    USART_GetITStatus                        0x08003b3d   Thumb Code    84  stm32f10x_usart.o(i.USART_GetITStatus)
    USART_ITConfig                           0x08003b91   Thumb Code    74  stm32f10x_usart.o(i.USART_ITConfig)
    USART_Init                               0x08003bdd   Thumb Code   210  stm32f10x_usart.o(i.USART_Init)
    USART_ReceiveData                        0x08003cb5   Thumb Code    10  stm32f10x_usart.o(i.USART_ReceiveData)
    UsageFault_Handler                       0x08003cbf   Thumb Code     4  stm32f10x_it.o(i.UsageFault_Handler)
    User_Password                            0x08003cc5   Thumb Code   160  sys-alarm.o(i.User_Password)
    WriteRawRC                               0x08003db1   Thumb Code    42  rc522.o(i.WriteRawRC)
    Write_IIC_Byte                           0x08003de1   Thumb Code    88  oled.o(i.Write_IIC_Byte)
    Write_IIC_Command                        0x08003e3d   Thumb Code    44  oled.o(i.Write_IIC_Command)
    Write_IIC_Data                           0x08003e69   Thumb Code    44  oled.o(i.Write_IIC_Data)
    Write_Time                               0x08003e95   Thumb Code   318  sys-alarm.o(i.Write_Time)
    _sys_exit                                0x08004019   Thumb Code     4  usart.o(i._sys_exit)
    clock_NVIC                               0x0800401d   Thumb Code    40  clock.o(i.clock_NVIC)
    delay_init                               0x08004045   Thumb Code    50  delay.o(i.delay_init)
    delay_ms                                 0x08004089   Thumb Code    72  delay.o(i.delay_ms)
    delay_us                                 0x080040d5   Thumb Code    72  delay.o(i.delay_us)
    fputc                                    0x08004121   Thumb Code    24  usart.o(i.fputc)
    main                                     0x0800413d   Thumb Code    86  main.o(i.main)
    oled_pow                                 0x08004193   Thumb Code    22  oled.o(i.oled_pow)
    uart_init                                0x080041a9   Thumb Code   152  usart.o(i.uart_init)
    __aeabi_d2iz                             0x08004249   Thumb Code     0  dfix.o(x$fpl$dfix)
    _dfix                                    0x08004249   Thumb Code    94  dfix.o(x$fpl$dfix)
    __aeabi_dmul                             0x080042a9   Thumb Code     0  dmul.o(x$fpl$dmul)
    _dmul                                    0x080042a9   Thumb Code   332  dmul.o(x$fpl$dmul)
    __fpl_dnaninf                            0x080043fd   Thumb Code   156  dnaninf.o(x$fpl$dnaninf)
    __fpl_dretinf                            0x08004499   Thumb Code    12  dretinf.o(x$fpl$dretinf)
    __aeabi_f2d                              0x080044a5   Thumb Code     0  f2d.o(x$fpl$f2d)
    _f2d                                     0x080044a5   Thumb Code    86  f2d.o(x$fpl$f2d)
    __aeabi_i2f                              0x080044fd   Thumb Code     0  fflt_clz.o(x$fpl$fflt)
    _fflt                                    0x080044fd   Thumb Code    48  fflt_clz.o(x$fpl$fflt)
    __fpl_fnaninf                            0x0800452d   Thumb Code   140  fnaninf.o(x$fpl$fnaninf)
    __I$use$fp                               0x080045b8   Number         0  usenofp.o(x$fpl$usenofp)
    table_week                               0x080045b8   Data          12  clock.o(.constdata)
    F6x8                                     0x08004624   Data         552  oled.o(.constdata)
    F8X16                                    0x0800484c   Data        1520  oled.o(.constdata)
    Region$$Table$$Base                      0x08004e3c   Number         0  anon$$obj.o(Region$$Table)
    Region$$Table$$Limit                     0x08004e5c   Number         0  anon$$obj.o(Region$$Table)
    __stdout                                 0x20000004   Data           4  usart.o(.data)
    USART_RX_STA                             0x20000008   Data           2  usart.o(.data)
    SystemCoreClock                          0x2000000c   Data           4  system_stm32f10x.o(.data)
    AHBPrescTable                            0x20000010   Data          16  system_stm32f10x.o(.data)
    msCount                                  0x20000024   Data           2  clock.o(.data)
    ClockHour                                0x20000026   Data           1  clock.o(.data)
    ClockMin                                 0x20000027   Data           1  clock.o(.data)
    ClockSec                                 0x20000028   Data           1  clock.o(.data)
    DateYear                                 0x2000002a   Data           2  clock.o(.data)
    DateMonth                                0x2000002c   Data           2  clock.o(.data)
    DateDay                                  0x2000002e   Data           2  clock.o(.data)
    sign                                     0x20000184   Data           1  clock-show.o(.data)
    AlramValue                               0x20000188   Data           4  clock-show.o(.data)
    PassWord                                 0x20000190   Data           8  sys-alarm.o(.data)
    PassWord2                                0x20000198   Data           8  sys-alarm.o(.data)
    LEDSwitch                                0x200001a0   Data           4  sys-alarm.o(.data)
    Hzk                                      0x200001a8   Data        2112  oled.o(.data)
    Hzk2                                     0x200009e8   Data          96  oled.o(.data)
    CT                                       0x20000a4c   Data           2  rc522.o(.data)
    SN                                       0x20000a4e   Data           4  rc522.o(.data)
    lxl_bit                                  0x20000a52   Data           1  rc522.o(.data)
    card1_bit                                0x20000a53   Data           1  rc522.o(.data)
    card2_bit                                0x20000a54   Data           1  rc522.o(.data)
    card3_bit                                0x20000a55   Data           1  rc522.o(.data)
    card4_bit                                0x20000a56   Data           1  rc522.o(.data)
    total                                    0x20000a57   Data           1  rc522.o(.data)
    lxl                                      0x20000a58   Data           4  rc522.o(.data)
    card_1                                   0x20000a5c   Data           4  rc522.o(.data)
    card_2                                   0x20000a60   Data           4  rc522.o(.data)
    card_3                                   0x20000a64   Data           4  rc522.o(.data)
    card_4                                   0x20000a68   Data           4  rc522.o(.data)
    KEY                                      0x20000a6c   Data           6  rc522.o(.data)
    AUDIO_OPEN                               0x20000a72   Data           6  rc522.o(.data)
    RFID1                                    0x20000a78   Data          16  rc522.o(.data)
    status                                   0x20000a88   Data           1  rc522.o(.data)
    s                                        0x20000a89   Data           1  rc522.o(.data)
    USART_RX_BUF                             0x20000aa0   Data         200  usart.o(.bss)
    timings                                  0x20000b68   Data         100  clock-set.o(.bss)
    TimeVisit                                0x20000bcc   Data         100  sys-alarm.o(.bss)
    TimeSteal                                0x20000c30   Data         100  sys-alarm.o(.bss)
    __libspace_start                         0x20000c94   Data          96  libspace.o(.bss)
    __temporary_stack_top$libspace           0x20000cf4   Data           0  libspace.o(.bss)



==============================================================================

Memory Map of the image

  Image Entry point : 0x0800021d

  Load Region LR_1 (Base: 0x08000000, Size: 0x000058fc, Max: 0xffffffff, ABSOLUTE, COMPRESSED[0x000052e4])

    Execution Region ER_RO (Base: 0x08000000, Size: 0x00004e5c, Max: 0xffffffff, ABSOLUTE)

    Base Addr    Size         Type   Attr      Idx    E Section Name        Object

    0x08000000   0x00000130   Data   RO         1252    RESET               startup_stm32f10x_hd.o
    0x08000130   0x00000008   Code   RO         4269  * !!!main             c_w.l(__main.o)
    0x08000138   0x00000034   Code   RO         4487    !!!scatter          c_w.l(__scatter.o)
    0x0800016c   0x00000064   Code   RO         4485    !!dclz77c           c_w.l(__dclz77c.o)
    0x080001d0   0x0000001c   Code   RO         4489    !!handler_zi        c_w.l(__scatter_zi.o)
    0x080001ec   0x00000000   Code   RO         4260    .ARM.Collect$$_printf_percent$$00000000  c_w.l(_printf_percent.o)
    0x080001ec   0x00000006   Code   RO         4259    .ARM.Collect$$_printf_percent$$00000009  c_w.l(_printf_d.o)
    0x080001f2   0x00000004   Code   RO         4316    .ARM.Collect$$_printf_percent$$00000017  c_w.l(_printf_percent_end.o)
    0x080001f6   0x00000002   Code   RO         4360    .ARM.Collect$$libinit$$00000000  c_w.l(libinit.o)
    0x080001f8   0x00000000   Code   RO         4367    .ARM.Collect$$libinit$$00000002  c_w.l(libinit2.o)
    0x080001f8   0x00000000   Code   RO         4369    .ARM.Collect$$libinit$$00000004  c_w.l(libinit2.o)
    0x080001f8   0x00000000   Code   RO         4372    .ARM.Collect$$libinit$$0000000A  c_w.l(libinit2.o)
    0x080001f8   0x00000000   Code   RO         4374    .ARM.Collect$$libinit$$0000000C  c_w.l(libinit2.o)
    0x080001f8   0x00000000   Code   RO         4376    .ARM.Collect$$libinit$$0000000E  c_w.l(libinit2.o)
    0x080001f8   0x00000000   Code   RO         4379    .ARM.Collect$$libinit$$00000011  c_w.l(libinit2.o)
    0x080001f8   0x00000000   Code   RO         4381    .ARM.Collect$$libinit$$00000013  c_w.l(libinit2.o)
    0x080001f8   0x00000000   Code   RO         4383    .ARM.Collect$$libinit$$00000015  c_w.l(libinit2.o)
    0x080001f8   0x00000000   Code   RO         4385    .ARM.Collect$$libinit$$00000017  c_w.l(libinit2.o)
    0x080001f8   0x00000000   Code   RO         4387    .ARM.Collect$$libinit$$00000019  c_w.l(libinit2.o)
    0x080001f8   0x00000000   Code   RO         4389    .ARM.Collect$$libinit$$0000001B  c_w.l(libinit2.o)
    0x080001f8   0x00000000   Code   RO         4391    .ARM.Collect$$libinit$$0000001D  c_w.l(libinit2.o)
    0x080001f8   0x00000000   Code   RO         4393    .ARM.Collect$$libinit$$0000001F  c_w.l(libinit2.o)
    0x080001f8   0x00000000   Code   RO         4395    .ARM.Collect$$libinit$$00000021  c_w.l(libinit2.o)
    0x080001f8   0x00000000   Code   RO         4397    .ARM.Collect$$libinit$$00000023  c_w.l(libinit2.o)
    0x080001f8   0x00000000   Code   RO         4399    .ARM.Collect$$libinit$$00000025  c_w.l(libinit2.o)
    0x080001f8   0x00000000   Code   RO         4403    .ARM.Collect$$libinit$$0000002C  c_w.l(libinit2.o)
    0x080001f8   0x00000000   Code   RO         4405    .ARM.Collect$$libinit$$0000002E  c_w.l(libinit2.o)
    0x080001f8   0x00000000   Code   RO         4407    .ARM.Collect$$libinit$$00000030  c_w.l(libinit2.o)
    0x080001f8   0x00000000   Code   RO         4409    .ARM.Collect$$libinit$$00000032  c_w.l(libinit2.o)
    0x080001f8   0x00000002   Code   RO         4410    .ARM.Collect$$libinit$$00000033  c_w.l(libinit2.o)
    0x080001fa   0x00000002   Code   RO         4428    .ARM.Collect$$libshutdown$$00000000  c_w.l(libshutdown.o)
    0x080001fc   0x00000000   Code   RO         4439    .ARM.Collect$$libshutdown$$00000003  c_w.l(libshutdown2.o)
    0x080001fc   0x00000000   Code   RO         4442    .ARM.Collect$$libshutdown$$00000006  c_w.l(libshutdown2.o)
    0x080001fc   0x00000000   Code   RO         4445    .ARM.Collect$$libshutdown$$00000009  c_w.l(libshutdown2.o)
    0x080001fc   0x00000000   Code   RO         4447    .ARM.Collect$$libshutdown$$0000000B  c_w.l(libshutdown2.o)
    0x080001fc   0x00000000   Code   RO         4450    .ARM.Collect$$libshutdown$$0000000E  c_w.l(libshutdown2.o)
    0x080001fc   0x00000002   Code   RO         4451    .ARM.Collect$$libshutdown$$0000000F  c_w.l(libshutdown2.o)
    0x080001fe   0x00000000   Code   RO         4309    .ARM.Collect$$rtentry$$00000000  c_w.l(__rtentry.o)
    0x080001fe   0x00000000   Code   RO         4329    .ARM.Collect$$rtentry$$00000002  c_w.l(__rtentry2.o)
    0x080001fe   0x00000006   Code   RO         4341    .ARM.Collect$$rtentry$$00000004  c_w.l(__rtentry4.o)
    0x08000204   0x00000000   Code   RO         4331    .ARM.Collect$$rtentry$$00000009  c_w.l(__rtentry2.o)
    0x08000204   0x00000004   Code   RO         4332    .ARM.Collect$$rtentry$$0000000A  c_w.l(__rtentry2.o)
    0x08000208   0x00000000   Code   RO         4334    .ARM.Collect$$rtentry$$0000000C  c_w.l(__rtentry2.o)
    0x08000208   0x00000008   Code   RO         4335    .ARM.Collect$$rtentry$$0000000D  c_w.l(__rtentry2.o)
    0x08000210   0x00000002   Code   RO         4364    .ARM.Collect$$rtexit$$00000000  c_w.l(rtexit.o)
    0x08000212   0x00000000   Code   RO         4412    .ARM.Collect$$rtexit$$00000002  c_w.l(rtexit2.o)
    0x08000212   0x00000004   Code   RO         4413    .ARM.Collect$$rtexit$$00000003  c_w.l(rtexit2.o)
    0x08000216   0x00000006   Code   RO         4414    .ARM.Collect$$rtexit$$00000004  c_w.l(rtexit2.o)
    0x0800021c   0x00000040   Code   RO         1253  * .text               startup_stm32f10x_hd.o
    0x0800025c   0x00000002   Code   RO         4226    .text               c_w.l(use_no_semi_2.o)
    0x0800025e   0x00000002   PAD
    0x08000260   0x00000018   Code   RO         4230    .text               c_w.l(noretval__2printf.o)
    0x08000278   0x00000068   Code   RO         4232    .text               c_w.l(__printf.o)
    0x080002e0   0x00000078   Code   RO         4236    .text               c_w.l(_printf_dec.o)
    0x08000358   0x00000096   Code   RO         4261    .text               c_w.l(strncmp.o)
    0x080003ee   0x00000064   Code   RO         4265    .text               c_w.l(rt_memcpy_w.o)
    0x08000452   0x00000006   Code   RO         4267    .text               c_w.l(heapauxi.o)
    0x08000458   0x00000002   Code   RO         4307    .text               c_w.l(use_no_semi.o)
    0x0800045a   0x000000b2   Code   RO         4310    .text               c_w.l(_printf_intcommon.o)
    0x0800050c   0x00000024   Code   RO         4314    .text               c_w.l(_printf_char_file.o)
    0x08000530   0x00000030   Code   RO         4343    .text               c_w.l(_printf_char_common.o)
    0x08000560   0x00000008   Code   RO         4345    .text               c_w.l(ferror.o)
    0x08000568   0x0000004a   Code   RO         4349    .text               c_w.l(sys_stackheap_outer.o)
    0x080005b2   0x0000000c   Code   RO         4353    .text               c_w.l(exit.o)
    0x080005be   0x00000002   PAD
    0x080005c0   0x00000008   Code   RO         4361    .text               c_w.l(libspace.o)
    0x080005c8   0x00000024   Code   RO          535    i.Alarm_Set         clock-set.o
    0x080005ec   0x00000024   Code   RO          669    i.Alarm_System      sys-alarm.o
    0x08000610   0x0000002c   Code   RO         1068    i.BEEP_Init         beep.o
    0x0800063c   0x00000004   Code   RO          281    i.BusFault_Handler  stm32f10x_it.o
    0x08000640   0x00000074   Code   RO         1019    i.CLED_Color        cled.o
    0x080006b4   0x00000034   Code   RO         1020    i.CLED_Init         cled.o
    0x080006e8   0x00000120   Code   RO          671    i.CLOSE_Alarm_System  sys-alarm.o
    0x08000808   0x0000001a   Code   RO         1081    i.ClearBitMask      rc522.o
    0x08000822   0x00000002   PAD
    0x08000824   0x00000058   Code   RO          473    i.ClockInit         clock.o
    0x0800087c   0x00000064   Code   RO          965    i.DS18B20_Check     ds18b20.o
    0x080008e0   0x0000008c   Code   RO          966    i.DS18B20_Get_Temp  ds18b20.o
    0x0800096c   0x00000040   Code   RO          967    i.DS18B20_Init      ds18b20.o
    0x080009ac   0x0000006c   Code   RO          968    i.DS18B20_Read_Bit  ds18b20.o
    0x08000a18   0x00000022   Code   RO          969    i.DS18B20_Read_Byte  ds18b20.o
    0x08000a3a   0x00000002   PAD
    0x08000a3c   0x00000044   Code   RO          970    i.DS18B20_Rst       ds18b20.o
    0x08000a80   0x00000018   Code   RO          971    i.DS18B20_Start     ds18b20.o
    0x08000a98   0x00000074   Code   RO          972    i.DS18B20_Write_Byte  ds18b20.o
    0x08000b0c   0x000000d8   Code   RO          537    i.Date_Set          clock-set.o
    0x08000be4   0x000000bc   Code   RO          474    i.Date_Update       clock.o
    0x08000ca0   0x00000002   Code   RO          282    i.DebugMon_Handler  stm32f10x_it.o
    0x08000ca2   0x00000002   PAD
    0x08000ca4   0x00000020   Code   RO          672    i.Flag_ChuMen       sys-alarm.o
    0x08000cc4   0x00000002   Code   RO          673    i.Flag_DouLiu       sys-alarm.o
    0x08000cc6   0x00000010   Code   RO          674    i.Flag_Guanbi       sys-alarm.o
    0x08000cd6   0x0000000e   Code   RO          675    i.Flag_HuiJia       sys-alarm.o
    0x08000ce4   0x00000020   Code   RO          676    i.Flag_JinBao       sys-alarm.o
    0x08000d04   0x00000116   Code   RO         2408    i.GPIO_Init         stm32f10x_gpio.o
    0x08000e1a   0x00000012   Code   RO         2412    i.GPIO_ReadInputDataBit  stm32f10x_gpio.o
    0x08000e2c   0x00000004   Code   RO         2415    i.GPIO_ResetBits    stm32f10x_gpio.o
    0x08000e30   0x00000004   Code   RO         2416    i.GPIO_SetBits      stm32f10x_gpio.o
    0x08000e34   0x00000024   Code   RO          449    i.HCSR501_Init      hc-sr501.o
    0x08000e58   0x00000038   Code   RO          378    i.HW_LED_StateFlag  led.o
    0x08000e90   0x00000004   Code   RO          283    i.HardFault_Handler  stm32f10x_it.o
    0x08000e94   0x00000030   Code   RO          804    i.IIC_Start         oled.o
    0x08000ec4   0x00000028   Code   RO          805    i.IIC_Stop          oled.o
    0x08000eec   0x0000001c   Code   RO          806    i.IIC_Wait_Ack      oled.o
    0x08000f08   0x00000044   Code   RO          420    i.KEY4x4_Init       key4x4.o
    0x08000f4c   0x000000e0   Code   RO          421    i.KEY4x4_Scan       key4x4.o
    0x0800102c   0x00000102   Code   RO          677    i.KEY4x4_gets       sys-alarm.o
    0x0800112e   0x00000002   PAD
    0x08001130   0x00000024   Code   RO          422    i.KEY_ALL_Pull_Down  key4x4.o
    0x08001154   0x0000003c   Code   RO          400    i.KEY_Init          key.o
    0x08001190   0x00000084   Code   RO          401    i.KEY_Scan          key.o
    0x08001214   0x00000060   Code   RO          678    i.Key_Switch        sys-alarm.o
    0x08001274   0x00000068   Code   RO          379    i.LED_Init          led.o
    0x080012dc   0x00000040   Code   RO          679    i.LED_Switch        sys-alarm.o
    0x0800131c   0x00000054   Code   RO         1083    i.M500PcdConfigISOType  rc522.o
    0x08001370   0x00000004   Code   RO          284    i.MemManage_Handler  stm32f10x_it.o
    0x08001374   0x000001b8   Code   RO          538    i.Menu_Alarm_Set    clock-set.o
    0x0800152c   0x00000164   Code   RO          539    i.Menu_Date_Set     clock-set.o
    0x08001690   0x00000180   Code   RO          540    i.Menu_Time_Set     clock-set.o
    0x08001810   0x00000078   Code   RO          475    i.Move_Menu_Point   clock.o
    0x08001888   0x00000068   Code   RO          476    i.Move_Point        clock.o
    0x080018f0   0x00000002   Code   RO          285    i.NMI_Handler       stm32f10x_it.o
    0x080018f2   0x00000002   PAD
    0x080018f4   0x00000070   Code   RO         1257    i.NVIC_Init         misc.o
    0x08001964   0x00000014   Code   RO         1258    i.NVIC_PriorityGroupConfig  misc.o
    0x08001978   0x00000040   Code   RO          807    i.OLED_Clear        oled.o
    0x080019b8   0x00000068   Code   RO          808    i.OLED_Clear8x8     oled.o
    0x08001a20   0x00000114   Code   RO          812    i.OLED_Init         oled.o
    0x08001b34   0x00000028   Code   RO          814    i.OLED_Set_Pos      oled.o
    0x08001b5c   0x00000068   Code   RO          815    i.OLED_ShowCHinese  oled.o
    0x08001bc4   0x00000040   Code   RO          816    i.OLED_ShowCHinese8x8  oled.o
    0x08001c04   0x000000a4   Code   RO          817    i.OLED_ShowChar     oled.o
    0x08001ca8   0x00000088   Code   RO          818    i.OLED_ShowNum      oled.o
    0x08001d30   0x0000003a   Code   RO          819    i.OLED_ShowString   oled.o
    0x08001d6a   0x00000018   Code   RO          821    i.OLED_WR_Byte      oled.o
    0x08001d82   0x00000002   PAD
    0x08001d84   0x00000028   Code   RO          680    i.OPEN_Alarm_System  sys-alarm.o
    0x08001dac   0x0000001a   Code   RO         1085    i.PcdAntennaOn      rc522.o
    0x08001dc6   0x00000132   Code   RO         1088    i.PcdComMF522       rc522.o
    0x08001ef8   0x00000054   Code   RO         1091    i.PcdRequest        rc522.o
    0x08001f4c   0x00000080   Code   RO         1092    i.PcdReset          rc522.o
    0x08001fcc   0x00000002   Code   RO          286    i.PendSV_Handler    stm32f10x_it.o
    0x08001fce   0x00000002   PAD
    0x08001fd0   0x0000001c   Code   RO         1096    i.RC522_IcCard_Scan  rc522.o
    0x08001fec   0x0000002c   Code   RO         1097    i.RC522_Init        rc522.o
    0x08002018   0x00000020   Code   RO         2824    i.RCC_APB1PeriphClockCmd  stm32f10x_rcc.o
    0x08002038   0x00000020   Code   RO         2825    i.RCC_APB1PeriphResetCmd  stm32f10x_rcc.o
    0x08002058   0x00000020   Code   RO         2826    i.RCC_APB2PeriphClockCmd  stm32f10x_rcc.o
    0x08002078   0x00000020   Code   RO         2827    i.RCC_APB2PeriphResetCmd  stm32f10x_rcc.o
    0x08002098   0x000000d4   Code   RO         2834    i.RCC_GetClocksFreq  stm32f10x_rcc.o
    0x0800216c   0x00000034   Code   RO         1098    i.ReadRawRC         rc522.o
    0x080021a0   0x00000038   Code   RO         1056    i.SPEAK_Init        speaker.o
    0x080021d8   0x00000094   Code   RO         1099    i.SPI1_Init         rc522.o
    0x0800226c   0x0000004c   Code   RO         1100    i.SPI_RC522_ReadByte  rc522.o
    0x080022b8   0x00000054   Code   RO         1101    i.SPI_RC522_SendByte  rc522.o
    0x0800230c   0x00000002   Code   RO          287    i.SVC_Handler       stm32f10x_it.o
    0x0800230e   0x0000001a   Code   RO         1102    i.SetBitMask        rc522.o
    0x08002328   0x00000008   Code   RO          344    i.SetSysClock       system_stm32f10x.o
    0x08002330   0x000000e0   Code   RO          345    i.SetSysClockTo72   system_stm32f10x.o
    0x08002410   0x000000b0   Code   RO          590    i.Set_Alarm_Choose  clock-show.o
    0x080024c0   0x000000cc   Code   RO          591    i.Set_Alarm_Switch  clock-show.o
    0x0800258c   0x00000054   Code   RO          681    i.ShowAndSet_Password  sys-alarm.o
    0x080025e0   0x0000012c   Code   RO          592    i.Show_Alarm        clock-show.o
    0x0800270c   0x00000120   Code   RO          682    i.Show_AlarmTime    sys-alarm.o
    0x0800282c   0x00000164   Code   RO          593    i.Show_ChildMenu    clock-show.o
    0x08002990   0x0000014c   Code   RO          594    i.Show_ChildMenu_Alarm  clock-show.o
    0x08002adc   0x00000454   Code   RO          683    i.Show_Child_AlarmTime  sys-alarm.o
    0x08002f30   0x0000004c   Code   RO          595    i.Show_Chinese      clock-show.o
    0x08002f7c   0x00000154   Code   RO          596    i.Show_Date         clock-show.o
    0x080030d0   0x00000040   Code   RO          597    i.Show_Home         clock-show.o
    0x08003110   0x00000108   Code   RO          598    i.Show_Menu         clock-show.o
    0x08003218   0x00000060   Code   RO          684    i.Show_Message      sys-alarm.o
    0x08003278   0x00000028   Code   RO          599    i.Show_Temp         clock-show.o
    0x080032a0   0x00000154   Code   RO          600    i.Show_Time         clock-show.o
    0x080033f4   0x00000028   Code   RO         1261    i.SysTick_CLKSourceConfig  misc.o
    0x0800341c   0x00000002   Code   RO          288    i.SysTick_Handler   stm32f10x_it.o
    0x0800341e   0x00000002   PAD
    0x08003420   0x00000060   Code   RO          347    i.SystemInit        system_stm32f10x.o
    0x08003480   0x0000009c   Code   RO         1022    i.TIM3_IRQHandler   cled.o
    0x0800351c   0x00000060   Code   RO         1023    i.TIM3_Int_Init     cled.o
    0x0800357c   0x0000005c   Code   RO          478    i.TIM6_IRQHandler   clock.o
    0x080035d8   0x00000006   Code   RO         3452    i.TIM_ClearFlag     stm32f10x_tim.o
    0x080035de   0x00000006   Code   RO         3453    i.TIM_ClearITPendingBit  stm32f10x_tim.o
    0x080035e4   0x00000018   Code   RO         3458    i.TIM_Cmd           stm32f10x_tim.o
    0x080035fc   0x000001e8   Code   RO         3463    i.TIM_DeInit        stm32f10x_tim.o
    0x080037e4   0x00000022   Code   RO         3479    i.TIM_GetITStatus   stm32f10x_tim.o
    0x08003806   0x00000012   Code   RO         3483    i.TIM_ITConfig      stm32f10x_tim.o
    0x08003818   0x000000a4   Code   RO         3529    i.TIM_TimeBaseInit  stm32f10x_tim.o
    0x080038bc   0x00000074   Code   RO          685    i.Time_Compare      sys-alarm.o
    0x08003930   0x00000034   Code   RO          686    i.Time_Init         sys-alarm.o
    0x08003964   0x000000bc   Code   RO          541    i.Time_Set          clock-set.o
    0x08003a20   0x0000007c   Code   RO          479    i.Time_Update       clock.o
    0x08003a9c   0x00000088   Code   RO          150    i.USART1_IRQHandler  usart.o
    0x08003b24   0x00000018   Code   RO         3994    i.USART_Cmd         stm32f10x_usart.o
    0x08003b3c   0x00000054   Code   RO         3998    i.USART_GetITStatus  stm32f10x_usart.o
    0x08003b90   0x0000004a   Code   RO         4000    i.USART_ITConfig    stm32f10x_usart.o
    0x08003bda   0x00000002   PAD
    0x08003bdc   0x000000d8   Code   RO         4001    i.USART_Init        stm32f10x_usart.o
    0x08003cb4   0x0000000a   Code   RO         4008    i.USART_ReceiveData  stm32f10x_usart.o
    0x08003cbe   0x00000004   Code   RO          289    i.UsageFault_Handler  stm32f10x_it.o
    0x08003cc2   0x00000002   PAD
    0x08003cc4   0x000000ec   Code   RO          687    i.User_Password     sys-alarm.o
    0x08003db0   0x00000030   Code   RO         1104    i.WriteRawRC        rc522.o
    0x08003de0   0x0000005c   Code   RO          822    i.Write_IIC_Byte    oled.o
    0x08003e3c   0x0000002c   Code   RO          823    i.Write_IIC_Command  oled.o
    0x08003e68   0x0000002c   Code   RO          824    i.Write_IIC_Data    oled.o
    0x08003e94   0x00000184   Code   RO          688    i.Write_Time        sys-alarm.o
    0x08004018   0x00000004   Code   RO          151    i._sys_exit         usart.o
    0x0800401c   0x00000028   Code   RO          480    i.clock_NVIC        clock.o
    0x08004044   0x00000044   Code   RO            1    i.delay_init        delay.o
    0x08004088   0x0000004c   Code   RO            2    i.delay_ms          delay.o
    0x080040d4   0x0000004c   Code   RO            3    i.delay_us          delay.o
    0x08004120   0x0000001c   Code   RO          152    i.fputc             usart.o
    0x0800413c   0x00000056   Code   RO          191    i.main              main.o
    0x08004192   0x00000016   Code   RO          826    i.oled_pow          oled.o
    0x080041a8   0x000000a0   Code   RO          153    i.uart_init         usart.o
    0x08004248   0x0000005e   Code   RO         4271    x$fpl$dfix          fz_ws.l(dfix.o)
    0x080042a6   0x00000002   PAD
    0x080042a8   0x00000154   Code   RO         4275    x$fpl$dmul          fz_ws.l(dmul.o)
    0x080043fc   0x0000009c   Code   RO         4317    x$fpl$dnaninf       fz_ws.l(dnaninf.o)
    0x08004498   0x0000000c   Code   RO         4319    x$fpl$dretinf       fz_ws.l(dretinf.o)
    0x080044a4   0x00000056   Code   RO         4277    x$fpl$f2d           fz_ws.l(f2d.o)
    0x080044fa   0x00000002   PAD
    0x080044fc   0x00000030   Code   RO         4294    x$fpl$fflt          fz_ws.l(fflt_clz.o)
    0x0800452c   0x0000008c   Code   RO         4323    x$fpl$fnaninf       fz_ws.l(fnaninf.o)
    0x080045b8   0x00000000   Code   RO         4327    x$fpl$usenofp       fz_ws.l(usenofp.o)
    0x080045b8   0x0000006c   Data   RO          481    .constdata          clock.o
    0x08004624   0x00000818   Data   RO          827    .constdata          oled.o
    0x08004e3c   0x00000020   Data   RO         4483    Region$$Table       anon$$obj.o


    Execution Region ER_RW (Base: 0x20000000, Size: 0x00000aa0, Max: 0xffffffff, ABSOLUTE, COMPRESSED[0x00000488])

    Base Addr    Size         Type   Attr      Idx    E Section Name        Object

    0x20000000   0x00000004   Data   RW            4    .data               delay.o
    0x20000004   0x00000006   Data   RW          155    .data               usart.o
    0x2000000a   0x00000002   PAD
    0x2000000c   0x00000014   Data   RW          348    .data               system_stm32f10x.o
    0x20000020   0x00000001   Data   RW          402    .data               key.o
    0x20000021   0x00000002   Data   RW          423    .data               key4x4.o
    0x20000023   0x00000001   PAD
    0x20000024   0x00000160   Data   RW          482    .data               clock.o
    0x20000184   0x0000000c   Data   RW          601    .data               clock-show.o
    0x20000190   0x00000018   Data   RW          691    .data               sys-alarm.o
    0x200001a8   0x000008a0   Data   RW          828    .data               oled.o
    0x20000a48   0x00000004   Data   RW         1024    .data               cled.o
    0x20000a4c   0x0000003f   Data   RW         1106    .data               rc522.o
    0x20000a8b   0x00000014   Data   RW         2854    .data               stm32f10x_rcc.o


    Execution Region ER_ZI (Base: 0x20000aa0, Size: 0x00000858, Max: 0xffffffff, ABSOLUTE)

    Base Addr    Size         Type   Attr      Idx    E Section Name        Object

    0x20000aa0   0x000000c8   Zero   RW          154    .bss                usart.o
    0x20000b68   0x00000064   Zero   RW          542    .bss                clock-set.o
    0x20000bcc   0x000000c8   Zero   RW          689    .bss                sys-alarm.o
    0x20000c94   0x00000060   Zero   RW         4362    .bss                c_w.l(libspace.o)
    0x20000cf4   0x00000004   PAD
    0x20000cf8   0x00000200   Zero   RW         1251    HEAP                startup_stm32f10x_hd.o
    0x20000ef8   0x00000400   Zero   RW         1250    STACK               startup_stm32f10x_hd.o


==============================================================================

Image component sizes


      Code (inc. data)   RO Data    RW Data    ZI Data      Debug   Object Name

        44          4          0          0          0        516   beep.o
       420         42          0          4          0       2347   cled.o
      1620        270          0          0        100       5838   clock-set.o
      2492        250          0         12          0       7961   clock-show.o
       756         90        108        352          0       5238   clock.o
       220         26          0          4          0     254767   delay.o
       654         60          0          0          0       4816   ds18b20.o
        36          4          0          0          0        535   hc-sr501.o
       192         20          0          1          0       1190   key.o
       328         80          0          2          0       1756   key4x4.o
       160         16          0          0          0       1030   led.o
        86          0          0          0          0        507   main.o
       172         22          0          0          0       2161   misc.o
      1352         42       2072       2208          0      11794   oled.o
      1160         50          0         63          0      10057   rc522.o
        56          6          0          0          0        533   speaker.o
        64         26        304          0       1536        804   startup_stm32f10x_hd.o
       304          0          0          0          0       3764   stm32f10x_gpio.o
        26          0          0          0          0       3938   stm32f10x_it.o
       340         44          0         20          0       5764   stm32f10x_rcc.o
       740        106          0          0          0       5059   stm32f10x_tim.o
       408          6          0          0          0       5098   stm32f10x_usart.o
      3246        368          0         24        200      12904   sys-alarm.o
         0          0          0          0          0         32   sys.o
       328         28          0         20          0       2217   system_stm32f10x.o
       328         26          0          6        200       4256   usart.o

    ----------------------------------------------------------------------
     15552       1586       2516       2720       2036     354882   Object Totals
         0          0         32          0          0          0   (incl. Generated)
        20          0          0          4          0          0   (incl. Padding)

    ----------------------------------------------------------------------

      Code (inc. data)   RO Data    RW Data    ZI Data      Debug   Library Member Name

       100          0          0          0          0          0   __dclz77c.o
         8          0          0          0          0         68   __main.o
       104          0          0          0          0         84   __printf.o
         0          0          0          0          0          0   __rtentry.o
        12          0          0          0          0          0   __rtentry2.o
         6          0          0          0          0          0   __rtentry4.o
        52          8          0          0          0          0   __scatter.o
        28          0          0          0          0          0   __scatter_zi.o
        48          6          0          0          0         96   _printf_char_common.o
        36          4          0          0          0         80   _printf_char_file.o
         6          0          0          0          0          0   _printf_d.o
       120         16          0          0          0         92   _printf_dec.o
       178          0          0          0          0         88   _printf_intcommon.o
         0          0          0          0          0          0   _printf_percent.o
         4          0          0          0          0          0   _printf_percent_end.o
        12          0          0          0          0         72   exit.o
         8          0          0          0          0         68   ferror.o
         6          0          0          0          0        152   heapauxi.o
         2          0          0          0          0          0   libinit.o
         2          0          0          0          0          0   libinit2.o
         2          0          0          0          0          0   libshutdown.o
         2          0          0          0          0          0   libshutdown2.o
         8          4          0          0         96         68   libspace.o
        24          4          0          0          0         84   noretval__2printf.o
       100          0          0          0          0         80   rt_memcpy_w.o
         2          0          0          0          0          0   rtexit.o
        10          0          0          0          0          0   rtexit2.o
       150          0          0          0          0         80   strncmp.o
        74          0          0          0          0         80   sys_stackheap_outer.o
         2          0          0          0          0         68   use_no_semi.o
         2          0          0          0          0         68   use_no_semi_2.o
        94          4          0          0          0         92   dfix.o
       340         12          0          0          0        104   dmul.o
       156          4          0          0          0         92   dnaninf.o
        12          0          0          0          0         68   dretinf.o
        86          4          0          0          0         84   f2d.o
        48          0          0          0          0         68   fflt_clz.o
       140          4          0          0          0         84   fnaninf.o
         0          0          0          0          0          0   usenofp.o

    ----------------------------------------------------------------------
      1992         70          0          0        100       1920   Library Totals
         8          0          0          0          4          0   (incl. Padding)

    ----------------------------------------------------------------------

      Code (inc. data)   RO Data    RW Data    ZI Data      Debug   Library Name

      1108         42          0          0         96       1328   c_w.l
       876         28          0          0          0        592   fz_ws.l

    ----------------------------------------------------------------------
      1992         70          0          0        100       1920   Library Totals

    ----------------------------------------------------------------------

==============================================================================


      Code (inc. data)   RO Data    RW Data    ZI Data      Debug   

     17544       1656       2516       2720       2136     348790   Grand Totals
     17544       1656       2516       1160       2136     348790   ELF Image Totals (compressed)
     17544       1656       2516       1160          0          0   ROM Totals

==============================================================================

    Total RO  Size (Code + RO Data)                20060 (  19.59kB)
    Total RW  Size (RW Data + ZI Data)              4856 (   4.74kB)
    Total ROM Size (Code + RO Data + RW Data)      21220 (  20.72kB)

==============================================================================

