<html>
<body>
<pre>
<h1>礦ision Build Log</h1>
<h2>Tool Versions:</h2>
IDE-Version: μVision V5.14.0.0
Copyright (C) 2015 ARM Ltd and ARM Germany GmbH. All rights reserved.
License Information:  ,  , LIC=UB4EV-PRDV8-TL0CD-8UPAG-NP01Y-I1ZVV
 
Tool Versions:
Toolchain:       MDK-ARM Professional  Version: 5.14.0.0
Toolchain Path:  F:\MDKfive\ARM\ARMCC\Bin
C Compiler:      Armcc.exe V5.05 update 1 (build 106)
Assembler:       Armasm.exe V5.05 update 1 (build 106)
Linker/Locator:  ArmLink.exe V5.05 update 1 (build 106)
Library Manager: ArmAr.exe V5.05 update 1 (build 106)
Hex Converter:   FromElf.exe V5.05 update 1 (build 106)
CPU DLL:         SARMCM3.DLL V5.14.0.0
Dialog DLL:      DCM.DLL V1.13.1.0
Target DLL:      STLink\ST-LINKIII-KEIL_SWO.dll V2.0.14.0_KEIL
Dialog DLL:      TCM.DLL V1.14.4.0
 
<h2>Project:</h2>
C:\Users\bs\Desktop\CR_temp\0.源代码\热电偶数据采集\USER\DHT11.uvprojx
Project File Date:  04/10/2022

<h2>Output:</h2>
Build target 'Template'
compiling main.c...
..\HARDWARE\OLED\oled.h(61): warning:  #1295-D: Deprecated declaration Picture - give arg types
  void Picture();
..\HARDWARE\OLED\oled.h(62): warning:  #1295-D: Deprecated declaration IIC_Start - give arg types
  void IIC_Start();
..\HARDWARE\OLED\oled.h(63): warning:  #1295-D: Deprecated declaration IIC_Stop - give arg types
  void IIC_Stop();
..\HARDWARE\OLED\oled.h(68): warning:  #1295-D: Deprecated declaration IIC_Wait_Ack - give arg types
  void IIC_Wait_Ack();
..\HARDWARE\MAX6675\max6675.h(9): warning:  #1-D: last line of file ends without a newline
  #endif
main.c(18): warning:  #1295-D: Deprecated declaration monit_sys_init - give arg types
  void monit_sys_init();
main.c: 6 warnings, 0 errors
compiling stm32f10x_it.c...
compiling system_stm32f10x.c...
compiling oled.c...
..\HARDWARE\OLED\oled.h(61): warning:  #1295-D: Deprecated declaration Picture - give arg types
  void Picture();
..\HARDWARE\OLED\oled.h(62): warning:  #1295-D: Deprecated declaration IIC_Start - give arg types
  void IIC_Start();
..\HARDWARE\OLED\oled.h(63): warning:  #1295-D: Deprecated declaration IIC_Stop - give arg types
  void IIC_Stop();
..\HARDWARE\OLED\oled.h(68): warning:  #1295-D: Deprecated declaration IIC_Wait_Ack - give arg types
  void IIC_Wait_Ack();
..\HARDWARE\OLED\oled.c: 4 warnings, 0 errors
compiling clock.c...
..\HARDWARE\OLED\oled.h(61): warning:  #1295-D: Deprecated declaration Picture - give arg types
  void Picture();
..\HARDWARE\OLED\oled.h(62): warning:  #1295-D: Deprecated declaration IIC_Start - give arg types
  void IIC_Start();
..\HARDWARE\OLED\oled.h(63): warning:  #1295-D: Deprecated declaration IIC_Stop - give arg types
  void IIC_Stop();
..\HARDWARE\OLED\oled.h(68): warning:  #1295-D: Deprecated declaration IIC_Wait_Ack - give arg types
  void IIC_Wait_Ack();
..\HARDWARE\CLOCK\clock.c: 4 warnings, 0 errors
compiling clock-set.c...
..\HARDWARE\OLED\oled.h(61): warning:  #1295-D: Deprecated declaration Picture - give arg types
  void Picture();
..\HARDWARE\OLED\oled.h(62): warning:  #1295-D: Deprecated declaration IIC_Start - give arg types
  void IIC_Start();
..\HARDWARE\OLED\oled.h(63): warning:  #1295-D: Deprecated declaration IIC_Stop - give arg types
  void IIC_Stop();
..\HARDWARE\OLED\oled.h(68): warning:  #1295-D: Deprecated declaration IIC_Wait_Ack - give arg types
  void IIC_Wait_Ack();
..\HARDWARE\CLOCK\clock-set.c(19): warning:  #9-D: nested comment is not allowed
  // 暂不考虑日期，暂用过大内存；                                                                       /****************************** 11-24 闹钟设置部分！！！！！！！！！*******************************************************************************************
..\HARDWARE\CLOCK\clock-set.c(126): warning:  #9-D: nested comment is not allowed
  // 设置时间——UI界面与控制                                                                                           //**********************************************11/13************************************
..\HARDWARE\CLOCK\clock-set.c(172): warning:  #9-D: nested comment is not allowed
  // 设置日期——UI界面与控制                                                                                           //**********************************************11/13************************************
..\HARDWARE\CLOCK\clock-set.c(221): warning:  #9-D: nested comment is not allowed
  // 设置闹钟——UI界面与控制                                                                                           //**********************************************11/24************************************
..\HARDWARE\CLOCK\clock-set.c(275): warning:  #1-D: last line of file ends without a newline
  */
..\HARDWARE\CLOCK\clock-set.c: 9 warnings, 0 errors
compiling clock-show.c...
..\HARDWARE\OLED\oled.h(61): warning:  #1295-D: Deprecated declaration Picture - give arg types
  void Picture();
..\HARDWARE\OLED\oled.h(62): warning:  #1295-D: Deprecated declaration IIC_Start - give arg types
  void IIC_Start();
..\HARDWARE\OLED\oled.h(63): warning:  #1295-D: Deprecated declaration IIC_Stop - give arg types
  void IIC_Stop();
..\HARDWARE\OLED\oled.h(68): warning:  #1295-D: Deprecated declaration IIC_Wait_Ack - give arg types
  void IIC_Wait_Ack();
..\HARDWARE\CLOCK\clock-show.c(435): warning:  #1-D: last line of file ends without a newline
  */
..\HARDWARE\CLOCK\clock-show.c: 5 warnings, 0 errors
compiling beep.c...
compiling key.c...
compiling max6675.c...
..\HARDWARE\MAX6675\max6675.h(9): warning:  #1-D: last line of file ends without a newline
  #endif
..\HARDWARE\MAX6675\max6675.c: 1 warning, 0 errors
compiling led.c...
..\HARDWARE\MAX6675\max6675.h(9): warning:  #1-D: last line of file ends without a newline
  #endif
..\HARDWARE\LED\led.c: 1 warning, 0 errors
compiling delay.c...
compiling sys.c...
compiling usart.c...
..\SYSTEM\usart\usart.c(156): warning:  #9-D: nested comment is not allowed
                /*
..\SYSTEM\usart\usart.c: 1 warning, 0 errors
compiling core_cm3.c...
assembling startup_stm32f10x_hd.s...
compiling misc.c...
compiling stm32f10x_adc.c...
compiling stm32f10x_bkp.c...
compiling stm32f10x_can.c...
compiling stm32f10x_cec.c...
compiling stm32f10x_crc.c...
compiling stm32f10x_dac.c...
compiling stm32f10x_dbgmcu.c...
compiling stm32f10x_dma.c...
compiling stm32f10x_exti.c...
compiling stm32f10x_flash.c...
compiling stm32f10x_fsmc.c...
compiling stm32f10x_gpio.c...
compiling stm32f10x_i2c.c...
compiling stm32f10x_iwdg.c...
compiling stm32f10x_pwr.c...
compiling stm32f10x_rcc.c...
compiling stm32f10x_rtc.c...
compiling stm32f10x_sdio.c...
compiling stm32f10x_spi.c...
compiling stm32f10x_tim.c...
compiling stm32f10x_usart.c...
compiling stm32f10x_wwdg.c...
linking...
Program Size: Code=10980 RO-data=2644 RW-data=408 ZI-data=1896  
FromELF: creating hex file...
"..\OBJ\Template.axf" - 0 Error(s), 31 Warning(s).

<h2>Collection of Component include folders:</h2>
  C:\Users\bs\Desktop\CR_temp\0.源代码\热电偶数据采集\USER\RTE
  F:\MDKfive\ARM\PACK\Keil\STM32F1xx_DFP\2.4.0

<h2>Collection of Component Files used:</h2>
</pre>
</body>
</html>
