C51 COMPILER V9.52.0.0   LCD1602                                                           03/31/2022 21:32:09 PAGE 1   


C51 COMPILER V9.52.0.0, COMPILATION OF MODULE LCD1602
OBJECT MODULE PLACED IN .\Output\lcd1602.obj
COMPILER INVOKED BY: H:\studio\Keil4_C51\C51\BIN\C51.EXE ..\Source\lcd1602.c LARGE BROWSE INCDIR(..\Source;..\User) DEBU
                    -G OBJECTEXTEND PRINT(.\List\lcd1602.lst) TABS(2) OBJECT(.\Output\lcd1602.obj)

line level    source

   1          #include "lcd1602.h"  
   2          
   3          /*******************************************************************
   4          功能描述：LCD1602写命令函数 
   5          入口参数?uuint8 com
   6          返回值：无
   7          ********************************************************************/
   8          void lcd_wcom(uint8 com)
   9          {
  10   1          lcd1602_rs=0;               //选择指令寄存器
  11   1          lcd1602_rw=0;               //选择写操作
  12   1          P6=com;                     //把命令送入到LCD1602屏8位数据口
  13   1          delay_ms(1);                //延时，LCD1602准备接收数据
  14   1        
  15   1          //控制LCD1602使能引脚产生高电平到低电平的跳变，液晶模块执行命令
  16   1          lcd1602_en=1;               //使能引脚置高电平
  17   1          lcd1602_en=0;               //使能引脚置低电平
  18   1      } 
  19          
  20          /*******************************************************************
  21          功能描述：LCD1602写数据函数 
  22          入口参数：uint8 dat
  23          返回值：无
  24          ********************************************************************/
  25          void lcd_wdat(uint8 dat)          
  26          { 
  27   1          lcd1602_rs=1;               //选择数据寄存器 
  28   1          lcd1602_rw=0;               //选择写操作
  29   1          P6=dat;                     //把命令送入到LCD1602屏8位数据口
  30   1          delay_ms(1);                //延时，LCD1602准备接收数据
  31   1        
  32   1          //控制LCD1602使能引脚产生高电平到低电平的跳变，液晶模块执行命令
  33   1          lcd1602_en=1;               //使能引脚置高电平
  34   1          lcd1602_en=0;               //使能引脚置低电平
  35   1      } 
  36          
  37          /*******************************************************************
  38          功能描述：LCD1602初始化函数 
  39          入口参数：无
  40          返回值：无
  41          ********************************************************************/
  42          void lcd_init(void)                 
  43          { 
  44   1          lcd_wcom(0x38);       //8位数据，双列，5*7字形       
  45   1          lcd_wcom(0x0c);       //开启显示屏，关光标，光标不闪烁 
  46   1          lcd_wcom(0x06);       //显示地址递增，即写一个数据后，显示位置右移一位 
  47   1          lcd_wcom(0x01);       //清屏 
  48   1      }     
  49          
  50          /*******************************************************************
  51          功能描述：LCD1602按指定位置显示一个字符
  52          入口参数：uint8 X, uint8 Y, uint8 DData
  53          返回值：无
  54          ********************************************************************/
C51 COMPILER V9.52.0.0   LCD1602                                                           03/31/2022 21:32:09 PAGE 2   

  55          void DisplayOneChar(uint8 X, uint8 Y, uint8 DData)
  56          {
  57   1        Y &= 0x1;
  58   1        X &= 0xF; //限制X不能大于15，Y不能大于1
  59   1        if (Y) X |= 0x40; //当要显示第二行时地址码+0x40;
  60   1        X |= 0x80; //算出指令码
  61   1        lcd_wcom(X); //发命令字
  62   1        lcd_wdat(DData); //发数据
  63   1      }
  64          
  65          /*******************************************************************
  66          功能描述：LCD1602按指定位置显示一串字符
  67          入口参数：uint8 X, uint8 Y, uint8 DData  X代表第X+1列，Y代表第Y+1行
  68          返回值：无
  69          ********************************************************************/
  70          void DisplayListChar(uint8 X, uint8 Y, uint8 code *DData)
  71          {
  72   1        uint8 ListLength;
  73   1      
  74   1        ListLength = 0;
  75   1        Y &= 0x1;
  76   1        X &= 0xF; //限制X不能大于15，Y不能大于1
  77   1        while (DData[ListLength]>0x19) //若到达字串尾则退出
  78   1          {
  79   2            if (X <= 0xF)        //X坐标应小于0xF
  80   2              {
  81   3                DisplayOneChar(X, Y, DData[ListLength]); //显示单个字符
  82   3                ListLength++;
  83   3                X++;
  84   3              }
  85   2          }
  86   1      }
  87          
  88          /*********************************END FILE********************************************/ 
  89          
  90          


MODULE INFORMATION:   STATIC OVERLAYABLE
   CODE SIZE        =    185    ----
   CONSTANT SIZE    =   ----    ----
   XDATA SIZE       =   ----       6
   PDATA SIZE       =   ----    ----
   DATA SIZE        =   ----    ----
   IDATA SIZE       =   ----    ----
   BIT SIZE         =   ----    ----
END OF MODULE INFORMATION.


C51 COMPILATION COMPLETE.  0 WARNING(S),  0 ERROR(S)
