<html>
<body>
<pre>
<h1>礦ision Build Log</h1>
<h2>Tool Versions:</h2>
IDE-Version: μVision V5.14.0.0
Copyright (C) 2015 ARM Ltd and ARM Germany GmbH. All rights reserved.
License Information:  ,  , LIC=UB4EV-PRDV8-TL0CD-8UPAG-NP01Y-I1ZVV
 
Tool Versions:
Toolchain:       MDK-ARM Professional  Version: 5.14.0.0
Toolchain Path:  F:\MDKfive\ARM\ARMCC\Bin
C Compiler:      Armcc.exe V5.05 update 1 (build 106)
Assembler:       Armasm.exe V5.05 update 1 (build 106)
Linker/Locator:  ArmLink.exe V5.05 update 1 (build 106)
Library Manager: ArmAr.exe V5.05 update 1 (build 106)
Hex Converter:   FromElf.exe V5.05 update 1 (build 106)
CPU DLL:         SARMCM3.DLL V5.14.0.0
Dialog DLL:      DCM.DLL V1.13.1.0
Target DLL:      Segger\JL2CM3.dll V2.99.13.0
Dialog DLL:      TCM.DLL V1.14.4.0
 
<h2>Project:</h2>
F:\毕业设计\毕设 备份\红外报警 毕业设计源文件 （密码修订版）\USER\Infrared.uvprojx
Project File Date:  12/01/2020

<h2>Output:</h2>
Build target 'Infrared'
compiling main.c...
..\HARDWARE\SPEAKER\speaker.h(11): warning:  #1-D: last line of file ends without a newline
  #endif
main.c(78): warning:  #1-D: last line of file ends without a newline
  */
main.c: 2 warnings, 0 errors
linking...
Program Size: Code=17544 RO-data=2516 RW-data=2720 ZI-data=2136  
FromELF: creating hex file...
"..\OBJ\Template.axf" - 0 Error(s), 2 Warning(s).

<h2>Collection of Component include folders:</h2>
  F:\毕业设计\毕设 备份\红外报警 毕业设计源文件 （密码修订版）\USER\RTE
  F:\MDKfive\ARM\PACK\Keil\STM32F1xx_DFP\1.0.5\Device\Include

<h2>Collection of Component Files used:</h2>
</pre>
</body>
</html>
