<!doctype html public "-//w3c//dtd html 4.0 transitional//en">
<html><head>
<title>Static Call Graph - [..\OBJ\Template.axf]</title></head>
<body><HR>
<H1>Static Call Graph for image ..\OBJ\Template.axf</H1><HR>
<BR><P>#&#060CALLGRAPH&#062# ARM Linker, 5050106: Last Updated: Fri Dec 25 09:00:55 2020
<BR><P>
<H3>Maximum Stack Usage =        280 bytes + Unknown(Functions without stacksize, Cycles, Untraceable Function Pointers)</H3><H3>
Call chain for Maximum Stack Depth:</H3>
__rt_entry_main &rArr; main &rArr; Show_Home &rArr; Show_Menu &rArr;  Show_Home (Cycle)
<P>
<H3>
Functions with no stack information
</H3><UL>
 <LI><a href="#[50]">__user_initial_stackheap</a>
</UL>
</UL>
<P>
<H3>
Mutually Recursive functions
</H3> <LI><a href="#[20]">ADC1_2_IRQHandler</a>&nbsp;&nbsp;&nbsp;&rArr;&nbsp;&nbsp;&nbsp;<a href="#[20]">ADC1_2_IRQHandler</a><BR>
 <LI><a href="#[a2]">KEY4x4_gets</a>&nbsp;&nbsp;&nbsp;&rArr;&nbsp;&nbsp;&nbsp;<a href="#[a5]">Show_Home</a><BR>
 <LI><a href="#[76]">CLOSE_Alarm_System</a>&nbsp;&nbsp;&nbsp;&rArr;&nbsp;&nbsp;&nbsp;<a href="#[81]">Key_Switch</a><BR>
 <LI><a href="#[7f]">OPEN_Alarm_System</a>&nbsp;&nbsp;&nbsp;&rArr;&nbsp;&nbsp;&nbsp;<a href="#[a5]">Show_Home</a><BR>
 <LI><a href="#[cf]">Show_AlarmTime</a>&nbsp;&nbsp;&nbsp;&rArr;&nbsp;&nbsp;&nbsp;<a href="#[d1]">Show_Menu</a><BR>
 <LI><a href="#[b3]">Show_ChildMenu</a>&nbsp;&nbsp;&nbsp;&rArr;&nbsp;&nbsp;&nbsp;<a href="#[d1]">Show_Menu</a><BR>
 <LI><a href="#[ce]">Set_Alarm_Switch</a>&nbsp;&nbsp;&nbsp;&rArr;&nbsp;&nbsp;&nbsp;<a href="#[af]">Show_ChildMenu_Alarm</a><BR>
 <LI><a href="#[cd]">Set_Alarm_Choose</a>&nbsp;&nbsp;&nbsp;&rArr;&nbsp;&nbsp;&nbsp;<a href="#[af]">Show_ChildMenu_Alarm</a><BR>
 <LI><a href="#[af]">Show_ChildMenu_Alarm</a>&nbsp;&nbsp;&nbsp;&rArr;&nbsp;&nbsp;&nbsp;<a href="#[b3]">Show_ChildMenu</a><BR>
 <LI><a href="#[aa]">Menu_Alarm_Set</a>&nbsp;&nbsp;&nbsp;&rArr;&nbsp;&nbsp;&nbsp;<a href="#[af]">Show_ChildMenu_Alarm</a><BR>
 <LI><a href="#[b4]">Menu_Time_Set</a>&nbsp;&nbsp;&nbsp;&rArr;&nbsp;&nbsp;&nbsp;<a href="#[b3]">Show_ChildMenu</a><BR>
 <LI><a href="#[b0]">Menu_Date_Set</a>&nbsp;&nbsp;&nbsp;&rArr;&nbsp;&nbsp;&nbsp;<a href="#[b3]">Show_ChildMenu</a><BR>
 <LI><a href="#[d1]">Show_Menu</a>&nbsp;&nbsp;&nbsp;&rArr;&nbsp;&nbsp;&nbsp;<a href="#[a5]">Show_Home</a><BR>
</UL>
<P>
<H3>
Function Pointers
</H3><UL>
 <LI><a href="#[20]">ADC1_2_IRQHandler</a> from startup_stm32f10x_hd.o(.text) referenced from startup_stm32f10x_hd.o(RESET)
 <LI><a href="#[3d]">ADC3_IRQHandler</a> from startup_stm32f10x_hd.o(.text) referenced from startup_stm32f10x_hd.o(RESET)
 <LI><a href="#[8]">BusFault_Handler</a> from stm32f10x_it.o(i.BusFault_Handler) referenced from startup_stm32f10x_hd.o(RESET)
 <LI><a href="#[23]">CAN1_RX1_IRQHandler</a> from startup_stm32f10x_hd.o(.text) referenced from startup_stm32f10x_hd.o(RESET)
 <LI><a href="#[24]">CAN1_SCE_IRQHandler</a> from startup_stm32f10x_hd.o(.text) referenced from startup_stm32f10x_hd.o(RESET)
 <LI><a href="#[19]">DMA1_Channel1_IRQHandler</a> from startup_stm32f10x_hd.o(.text) referenced from startup_stm32f10x_hd.o(RESET)
 <LI><a href="#[1a]">DMA1_Channel2_IRQHandler</a> from startup_stm32f10x_hd.o(.text) referenced from startup_stm32f10x_hd.o(RESET)
 <LI><a href="#[1b]">DMA1_Channel3_IRQHandler</a> from startup_stm32f10x_hd.o(.text) referenced from startup_stm32f10x_hd.o(RESET)
 <LI><a href="#[1c]">DMA1_Channel4_IRQHandler</a> from startup_stm32f10x_hd.o(.text) referenced from startup_stm32f10x_hd.o(RESET)
 <LI><a href="#[1d]">DMA1_Channel5_IRQHandler</a> from startup_stm32f10x_hd.o(.text) referenced from startup_stm32f10x_hd.o(RESET)
 <LI><a href="#[1e]">DMA1_Channel6_IRQHandler</a> from startup_stm32f10x_hd.o(.text) referenced from startup_stm32f10x_hd.o(RESET)
 <LI><a href="#[1f]">DMA1_Channel7_IRQHandler</a> from startup_stm32f10x_hd.o(.text) referenced from startup_stm32f10x_hd.o(RESET)
 <LI><a href="#[46]">DMA2_Channel1_IRQHandler</a> from startup_stm32f10x_hd.o(.text) referenced from startup_stm32f10x_hd.o(RESET)
 <LI><a href="#[47]">DMA2_Channel2_IRQHandler</a> from startup_stm32f10x_hd.o(.text) referenced from startup_stm32f10x_hd.o(RESET)
 <LI><a href="#[48]">DMA2_Channel3_IRQHandler</a> from startup_stm32f10x_hd.o(.text) referenced from startup_stm32f10x_hd.o(RESET)
 <LI><a href="#[49]">DMA2_Channel4_5_IRQHandler</a> from startup_stm32f10x_hd.o(.text) referenced from startup_stm32f10x_hd.o(RESET)
 <LI><a href="#[b]">DebugMon_Handler</a> from stm32f10x_it.o(i.DebugMon_Handler) referenced from startup_stm32f10x_hd.o(RESET)
 <LI><a href="#[14]">EXTI0_IRQHandler</a> from startup_stm32f10x_hd.o(.text) referenced from startup_stm32f10x_hd.o(RESET)
 <LI><a href="#[36]">EXTI15_10_IRQHandler</a> from startup_stm32f10x_hd.o(.text) referenced from startup_stm32f10x_hd.o(RESET)
 <LI><a href="#[15]">EXTI1_IRQHandler</a> from startup_stm32f10x_hd.o(.text) referenced from startup_stm32f10x_hd.o(RESET)
 <LI><a href="#[16]">EXTI2_IRQHandler</a> from startup_stm32f10x_hd.o(.text) referenced from startup_stm32f10x_hd.o(RESET)
 <LI><a href="#[17]">EXTI3_IRQHandler</a> from startup_stm32f10x_hd.o(.text) referenced from startup_stm32f10x_hd.o(RESET)
 <LI><a href="#[18]">EXTI4_IRQHandler</a> from startup_stm32f10x_hd.o(.text) referenced from startup_stm32f10x_hd.o(RESET)
 <LI><a href="#[25]">EXTI9_5_IRQHandler</a> from startup_stm32f10x_hd.o(.text) referenced from startup_stm32f10x_hd.o(RESET)
 <LI><a href="#[12]">FLASH_IRQHandler</a> from startup_stm32f10x_hd.o(.text) referenced from startup_stm32f10x_hd.o(RESET)
 <LI><a href="#[3e]">FSMC_IRQHandler</a> from startup_stm32f10x_hd.o(.text) referenced from startup_stm32f10x_hd.o(RESET)
 <LI><a href="#[6]">HardFault_Handler</a> from stm32f10x_it.o(i.HardFault_Handler) referenced from startup_stm32f10x_hd.o(RESET)
 <LI><a href="#[2e]">I2C1_ER_IRQHandler</a> from startup_stm32f10x_hd.o(.text) referenced from startup_stm32f10x_hd.o(RESET)
 <LI><a href="#[2d]">I2C1_EV_IRQHandler</a> from startup_stm32f10x_hd.o(.text) referenced from startup_stm32f10x_hd.o(RESET)
 <LI><a href="#[30]">I2C2_ER_IRQHandler</a> from startup_stm32f10x_hd.o(.text) referenced from startup_stm32f10x_hd.o(RESET)
 <LI><a href="#[2f]">I2C2_EV_IRQHandler</a> from startup_stm32f10x_hd.o(.text) referenced from startup_stm32f10x_hd.o(RESET)
 <LI><a href="#[7]">MemManage_Handler</a> from stm32f10x_it.o(i.MemManage_Handler) referenced from startup_stm32f10x_hd.o(RESET)
 <LI><a href="#[5]">NMI_Handler</a> from stm32f10x_it.o(i.NMI_Handler) referenced from startup_stm32f10x_hd.o(RESET)
 <LI><a href="#[f]">PVD_IRQHandler</a> from startup_stm32f10x_hd.o(.text) referenced from startup_stm32f10x_hd.o(RESET)
 <LI><a href="#[c]">PendSV_Handler</a> from stm32f10x_it.o(i.PendSV_Handler) referenced from startup_stm32f10x_hd.o(RESET)
 <LI><a href="#[13]">RCC_IRQHandler</a> from startup_stm32f10x_hd.o(.text) referenced from startup_stm32f10x_hd.o(RESET)
 <LI><a href="#[37]">RTCAlarm_IRQHandler</a> from startup_stm32f10x_hd.o(.text) referenced from startup_stm32f10x_hd.o(RESET)
 <LI><a href="#[11]">RTC_IRQHandler</a> from startup_stm32f10x_hd.o(.text) referenced from startup_stm32f10x_hd.o(RESET)
 <LI><a href="#[4e]">Reset_Handler</a> from startup_stm32f10x_hd.o(.text) referenced from startup_stm32f10x_hd.o(RESET)
 <LI><a href="#[3f]">SDIO_IRQHandler</a> from startup_stm32f10x_hd.o(.text) referenced from startup_stm32f10x_hd.o(RESET)
 <LI><a href="#[31]">SPI1_IRQHandler</a> from startup_stm32f10x_hd.o(.text) referenced from startup_stm32f10x_hd.o(RESET)
 <LI><a href="#[32]">SPI2_IRQHandler</a> from startup_stm32f10x_hd.o(.text) referenced from startup_stm32f10x_hd.o(RESET)
 <LI><a href="#[41]">SPI3_IRQHandler</a> from startup_stm32f10x_hd.o(.text) referenced from startup_stm32f10x_hd.o(RESET)
 <LI><a href="#[a]">SVC_Handler</a> from stm32f10x_it.o(i.SVC_Handler) referenced from startup_stm32f10x_hd.o(RESET)
 <LI><a href="#[d]">SysTick_Handler</a> from stm32f10x_it.o(i.SysTick_Handler) referenced from startup_stm32f10x_hd.o(RESET)
 <LI><a href="#[4a]">SystemInit</a> from system_stm32f10x.o(i.SystemInit) referenced from startup_stm32f10x_hd.o(.text)
 <LI><a href="#[10]">TAMPER_IRQHandler</a> from startup_stm32f10x_hd.o(.text) referenced from startup_stm32f10x_hd.o(RESET)
 <LI><a href="#[26]">TIM1_BRK_IRQHandler</a> from startup_stm32f10x_hd.o(.text) referenced from startup_stm32f10x_hd.o(RESET)
 <LI><a href="#[29]">TIM1_CC_IRQHandler</a> from startup_stm32f10x_hd.o(.text) referenced from startup_stm32f10x_hd.o(RESET)
 <LI><a href="#[28]">TIM1_TRG_COM_IRQHandler</a> from startup_stm32f10x_hd.o(.text) referenced from startup_stm32f10x_hd.o(RESET)
 <LI><a href="#[27]">TIM1_UP_IRQHandler</a> from startup_stm32f10x_hd.o(.text) referenced from startup_stm32f10x_hd.o(RESET)
 <LI><a href="#[2a]">TIM2_IRQHandler</a> from startup_stm32f10x_hd.o(.text) referenced from startup_stm32f10x_hd.o(RESET)
 <LI><a href="#[2b]">TIM3_IRQHandler</a> from cled.o(i.TIM3_IRQHandler) referenced from startup_stm32f10x_hd.o(RESET)
 <LI><a href="#[2c]">TIM4_IRQHandler</a> from startup_stm32f10x_hd.o(.text) referenced from startup_stm32f10x_hd.o(RESET)
 <LI><a href="#[40]">TIM5_IRQHandler</a> from startup_stm32f10x_hd.o(.text) referenced from startup_stm32f10x_hd.o(RESET)
 <LI><a href="#[44]">TIM6_IRQHandler</a> from clock.o(i.TIM6_IRQHandler) referenced from startup_stm32f10x_hd.o(RESET)
 <LI><a href="#[45]">TIM7_IRQHandler</a> from startup_stm32f10x_hd.o(.text) referenced from startup_stm32f10x_hd.o(RESET)
 <LI><a href="#[39]">TIM8_BRK_IRQHandler</a> from startup_stm32f10x_hd.o(.text) referenced from startup_stm32f10x_hd.o(RESET)
 <LI><a href="#[3c]">TIM8_CC_IRQHandler</a> from startup_stm32f10x_hd.o(.text) referenced from startup_stm32f10x_hd.o(RESET)
 <LI><a href="#[3b]">TIM8_TRG_COM_IRQHandler</a> from startup_stm32f10x_hd.o(.text) referenced from startup_stm32f10x_hd.o(RESET)
 <LI><a href="#[3a]">TIM8_UP_IRQHandler</a> from startup_stm32f10x_hd.o(.text) referenced from startup_stm32f10x_hd.o(RESET)
 <LI><a href="#[42]">UART4_IRQHandler</a> from startup_stm32f10x_hd.o(.text) referenced from startup_stm32f10x_hd.o(RESET)
 <LI><a href="#[43]">UART5_IRQHandler</a> from startup_stm32f10x_hd.o(.text) referenced from startup_stm32f10x_hd.o(RESET)
 <LI><a href="#[33]">USART1_IRQHandler</a> from usart.o(i.USART1_IRQHandler) referenced from startup_stm32f10x_hd.o(RESET)
 <LI><a href="#[34]">USART2_IRQHandler</a> from startup_stm32f10x_hd.o(.text) referenced from startup_stm32f10x_hd.o(RESET)
 <LI><a href="#[35]">USART3_IRQHandler</a> from startup_stm32f10x_hd.o(.text) referenced from startup_stm32f10x_hd.o(RESET)
 <LI><a href="#[38]">USBWakeUp_IRQHandler</a> from startup_stm32f10x_hd.o(.text) referenced from startup_stm32f10x_hd.o(RESET)
 <LI><a href="#[21]">USB_HP_CAN1_TX_IRQHandler</a> from startup_stm32f10x_hd.o(.text) referenced from startup_stm32f10x_hd.o(RESET)
 <LI><a href="#[22]">USB_LP_CAN1_RX0_IRQHandler</a> from startup_stm32f10x_hd.o(.text) referenced from startup_stm32f10x_hd.o(RESET)
 <LI><a href="#[9]">UsageFault_Handler</a> from stm32f10x_it.o(i.UsageFault_Handler) referenced from startup_stm32f10x_hd.o(RESET)
 <LI><a href="#[e]">WWDG_IRQHandler</a> from startup_stm32f10x_hd.o(.text) referenced from startup_stm32f10x_hd.o(RESET)
 <LI><a href="#[4f]">__main</a> from __main.o(!!!main) referenced from startup_stm32f10x_hd.o(.text)
 <LI><a href="#[4d]">_printf_input_char</a> from _printf_char_common.o(.text) referenced from _printf_char_common.o(.text)
 <LI><a href="#[4c]">fputc</a> from usart.o(i.fputc) referenced from _printf_char_file.o(.text)
</UL>
<P>
<H3>
Global Symbols
</H3>
<P><STRONG><a name="[4f]"></a>__main</STRONG> (Thumb, 8 bytes, Stack size 0 bytes, __main.o(!!!main))
<BR><BR>[Calls]<UL><LI><a href="#[51]">&gt;&gt;</a>&nbsp;&nbsp;&nbsp;__scatterload
<LI><a href="#[52]">&gt;&gt;</a>&nbsp;&nbsp;&nbsp;__rt_entry
</UL>

<P><STRONG><a name="[51]"></a>__scatterload</STRONG> (Thumb, 0 bytes, Stack size unknown bytes, __scatter.o(!!!scatter))
<BR><BR>[Called By]<UL><LI><a href="#[4f]">&gt;&gt;</a>&nbsp;&nbsp;&nbsp;__main
</UL>

<P><STRONG><a name="[53]"></a>__scatterload_rt2</STRONG> (Thumb, 44 bytes, Stack size unknown bytes, __scatter.o(!!!scatter), UNUSED)
<BR><BR>[Calls]<UL><LI><a href="#[52]">&gt;&gt;</a>&nbsp;&nbsp;&nbsp;__rt_entry
</UL>

<P><STRONG><a name="[f2]"></a>__scatterload_rt2_thumb_only</STRONG> (Thumb, 0 bytes, Stack size unknown bytes, __scatter.o(!!!scatter), UNUSED)

<P><STRONG><a name="[f3]"></a>__scatterload_null</STRONG> (Thumb, 0 bytes, Stack size unknown bytes, __scatter.o(!!!scatter), UNUSED)

<P><STRONG><a name="[f4]"></a>__decompress</STRONG> (Thumb, 100 bytes, Stack size unknown bytes, __dclz77c.o(!!dclz77c), UNUSED)

<P><STRONG><a name="[f5]"></a>__decompress2</STRONG> (Thumb, 0 bytes, Stack size unknown bytes, __dclz77c.o(!!dclz77c), UNUSED)

<P><STRONG><a name="[f6]"></a>__scatterload_zeroinit</STRONG> (Thumb, 28 bytes, Stack size unknown bytes, __scatter_zi.o(!!handler_zi), UNUSED)

<P><STRONG><a name="[54]"></a>_printf_d</STRONG> (Thumb, 0 bytes, Stack size unknown bytes, _printf_d.o(.ARM.Collect$$_printf_percent$$00000009))
<BR><BR>[Stack]<UL><LI>Max Depth = 56 + Unknown Stack Size
<LI>Call Chain = _printf_d &rArr; _printf_int_dec &rArr; _printf_int_common
</UL>
<BR>[Calls]<UL><LI><a href="#[55]">&gt;&gt;</a>&nbsp;&nbsp;&nbsp;_printf_int_dec
</UL>

<P><STRONG><a name="[64]"></a>_printf_percent</STRONG> (Thumb, 0 bytes, Stack size unknown bytes, _printf_percent.o(.ARM.Collect$$_printf_percent$$00000000))
<BR><BR>[Called By]<UL><LI><a href="#[63]">&gt;&gt;</a>&nbsp;&nbsp;&nbsp;__printf
</UL>

<P><STRONG><a name="[f7]"></a>_printf_percent_end</STRONG> (Thumb, 0 bytes, Stack size unknown bytes, _printf_percent_end.o(.ARM.Collect$$_printf_percent$$00000017))

<P><STRONG><a name="[59]"></a>__rt_lib_init</STRONG> (Thumb, 0 bytes, Stack size unknown bytes, libinit.o(.ARM.Collect$$libinit$$00000000))
<BR><BR>[Called By]<UL><LI><a href="#[58]">&gt;&gt;</a>&nbsp;&nbsp;&nbsp;__rt_entry_li
</UL>

<P><STRONG><a name="[f8]"></a>__rt_lib_init_alloca_1</STRONG> (Thumb, 0 bytes, Stack size unknown bytes, libinit2.o(.ARM.Collect$$libinit$$0000002E))

<P><STRONG><a name="[f9]"></a>__rt_lib_init_argv_1</STRONG> (Thumb, 0 bytes, Stack size unknown bytes, libinit2.o(.ARM.Collect$$libinit$$0000002C))

<P><STRONG><a name="[fa]"></a>__rt_lib_init_atexit_1</STRONG> (Thumb, 0 bytes, Stack size unknown bytes, libinit2.o(.ARM.Collect$$libinit$$0000001B))

<P><STRONG><a name="[fb]"></a>__rt_lib_init_clock_1</STRONG> (Thumb, 0 bytes, Stack size unknown bytes, libinit2.o(.ARM.Collect$$libinit$$00000021))

<P><STRONG><a name="[fc]"></a>__rt_lib_init_cpp_1</STRONG> (Thumb, 0 bytes, Stack size unknown bytes, libinit2.o(.ARM.Collect$$libinit$$00000032))

<P><STRONG><a name="[fd]"></a>__rt_lib_init_exceptions_1</STRONG> (Thumb, 0 bytes, Stack size unknown bytes, libinit2.o(.ARM.Collect$$libinit$$00000030))

<P><STRONG><a name="[fe]"></a>__rt_lib_init_fp_1</STRONG> (Thumb, 0 bytes, Stack size unknown bytes, libinit2.o(.ARM.Collect$$libinit$$00000002))

<P><STRONG><a name="[ff]"></a>__rt_lib_init_fp_trap_1</STRONG> (Thumb, 0 bytes, Stack size unknown bytes, libinit2.o(.ARM.Collect$$libinit$$0000001F))

<P><STRONG><a name="[100]"></a>__rt_lib_init_getenv_1</STRONG> (Thumb, 0 bytes, Stack size unknown bytes, libinit2.o(.ARM.Collect$$libinit$$00000023))

<P><STRONG><a name="[101]"></a>__rt_lib_init_heap_1</STRONG> (Thumb, 0 bytes, Stack size unknown bytes, libinit2.o(.ARM.Collect$$libinit$$0000000A))

<P><STRONG><a name="[102]"></a>__rt_lib_init_lc_collate_1</STRONG> (Thumb, 0 bytes, Stack size unknown bytes, libinit2.o(.ARM.Collect$$libinit$$00000011))

<P><STRONG><a name="[103]"></a>__rt_lib_init_lc_ctype_1</STRONG> (Thumb, 0 bytes, Stack size unknown bytes, libinit2.o(.ARM.Collect$$libinit$$00000013))

<P><STRONG><a name="[104]"></a>__rt_lib_init_lc_monetary_1</STRONG> (Thumb, 0 bytes, Stack size unknown bytes, libinit2.o(.ARM.Collect$$libinit$$00000015))

<P><STRONG><a name="[105]"></a>__rt_lib_init_lc_numeric_1</STRONG> (Thumb, 0 bytes, Stack size unknown bytes, libinit2.o(.ARM.Collect$$libinit$$00000017))

<P><STRONG><a name="[106]"></a>__rt_lib_init_lc_time_1</STRONG> (Thumb, 0 bytes, Stack size unknown bytes, libinit2.o(.ARM.Collect$$libinit$$00000019))

<P><STRONG><a name="[107]"></a>__rt_lib_init_preinit_1</STRONG> (Thumb, 0 bytes, Stack size unknown bytes, libinit2.o(.ARM.Collect$$libinit$$00000004))

<P><STRONG><a name="[108]"></a>__rt_lib_init_rand_1</STRONG> (Thumb, 0 bytes, Stack size unknown bytes, libinit2.o(.ARM.Collect$$libinit$$0000000E))

<P><STRONG><a name="[109]"></a>__rt_lib_init_return</STRONG> (Thumb, 0 bytes, Stack size unknown bytes, libinit2.o(.ARM.Collect$$libinit$$00000033))

<P><STRONG><a name="[10a]"></a>__rt_lib_init_signal_1</STRONG> (Thumb, 0 bytes, Stack size unknown bytes, libinit2.o(.ARM.Collect$$libinit$$0000001D))

<P><STRONG><a name="[10b]"></a>__rt_lib_init_stdio_1</STRONG> (Thumb, 0 bytes, Stack size unknown bytes, libinit2.o(.ARM.Collect$$libinit$$00000025))

<P><STRONG><a name="[10c]"></a>__rt_lib_init_user_alloc_1</STRONG> (Thumb, 0 bytes, Stack size unknown bytes, libinit2.o(.ARM.Collect$$libinit$$0000000C))

<P><STRONG><a name="[5e]"></a>__rt_lib_shutdown</STRONG> (Thumb, 0 bytes, Stack size unknown bytes, libshutdown.o(.ARM.Collect$$libshutdown$$00000000))
<BR><BR>[Called By]<UL><LI><a href="#[5d]">&gt;&gt;</a>&nbsp;&nbsp;&nbsp;__rt_exit_ls
</UL>

<P><STRONG><a name="[10d]"></a>__rt_lib_shutdown_fp_trap_1</STRONG> (Thumb, 0 bytes, Stack size unknown bytes, libshutdown2.o(.ARM.Collect$$libshutdown$$00000006))

<P><STRONG><a name="[10e]"></a>__rt_lib_shutdown_heap_1</STRONG> (Thumb, 0 bytes, Stack size unknown bytes, libshutdown2.o(.ARM.Collect$$libshutdown$$0000000E))

<P><STRONG><a name="[10f]"></a>__rt_lib_shutdown_return</STRONG> (Thumb, 0 bytes, Stack size unknown bytes, libshutdown2.o(.ARM.Collect$$libshutdown$$0000000F))

<P><STRONG><a name="[110]"></a>__rt_lib_shutdown_signal_1</STRONG> (Thumb, 0 bytes, Stack size unknown bytes, libshutdown2.o(.ARM.Collect$$libshutdown$$00000009))

<P><STRONG><a name="[111]"></a>__rt_lib_shutdown_stdio_1</STRONG> (Thumb, 0 bytes, Stack size unknown bytes, libshutdown2.o(.ARM.Collect$$libshutdown$$00000003))

<P><STRONG><a name="[112]"></a>__rt_lib_shutdown_user_alloc_1</STRONG> (Thumb, 0 bytes, Stack size unknown bytes, libshutdown2.o(.ARM.Collect$$libshutdown$$0000000B))

<P><STRONG><a name="[52]"></a>__rt_entry</STRONG> (Thumb, 0 bytes, Stack size unknown bytes, __rtentry.o(.ARM.Collect$$rtentry$$00000000))
<BR><BR>[Called By]<UL><LI><a href="#[53]">&gt;&gt;</a>&nbsp;&nbsp;&nbsp;__scatterload_rt2
<LI><a href="#[4f]">&gt;&gt;</a>&nbsp;&nbsp;&nbsp;__main
</UL>

<P><STRONG><a name="[113]"></a>__rt_entry_presh_1</STRONG> (Thumb, 0 bytes, Stack size unknown bytes, __rtentry2.o(.ARM.Collect$$rtentry$$00000002))

<P><STRONG><a name="[56]"></a>__rt_entry_sh</STRONG> (Thumb, 0 bytes, Stack size unknown bytes, __rtentry4.o(.ARM.Collect$$rtentry$$00000004))
<BR><BR>[Stack]<UL><LI>Max Depth = 8 + Unknown Stack Size
<LI>Call Chain = __rt_entry_sh &rArr; __user_setup_stackheap
</UL>
<BR>[Calls]<UL><LI><a href="#[57]">&gt;&gt;</a>&nbsp;&nbsp;&nbsp;__user_setup_stackheap
</UL>

<P><STRONG><a name="[58]"></a>__rt_entry_li</STRONG> (Thumb, 0 bytes, Stack size unknown bytes, __rtentry2.o(.ARM.Collect$$rtentry$$0000000A))
<BR><BR>[Calls]<UL><LI><a href="#[59]">&gt;&gt;</a>&nbsp;&nbsp;&nbsp;__rt_lib_init
</UL>

<P><STRONG><a name="[114]"></a>__rt_entry_postsh_1</STRONG> (Thumb, 0 bytes, Stack size unknown bytes, __rtentry2.o(.ARM.Collect$$rtentry$$00000009))

<P><STRONG><a name="[5a]"></a>__rt_entry_main</STRONG> (Thumb, 0 bytes, Stack size unknown bytes, __rtentry2.o(.ARM.Collect$$rtentry$$0000000D))
<BR><BR>[Stack]<UL><LI>Max Depth = 280 + Unknown Stack Size
<LI>Call Chain = __rt_entry_main &rArr; main &rArr; Show_Home &rArr; Show_Menu &rArr;  Show_Home (Cycle)
</UL>
<BR>[Calls]<UL><LI><a href="#[5b]">&gt;&gt;</a>&nbsp;&nbsp;&nbsp;main
<LI><a href="#[5c]">&gt;&gt;</a>&nbsp;&nbsp;&nbsp;exit
</UL>

<P><STRONG><a name="[115]"></a>__rt_entry_postli_1</STRONG> (Thumb, 0 bytes, Stack size unknown bytes, __rtentry2.o(.ARM.Collect$$rtentry$$0000000C))

<P><STRONG><a name="[69]"></a>__rt_exit</STRONG> (Thumb, 0 bytes, Stack size unknown bytes, rtexit.o(.ARM.Collect$$rtexit$$00000000))
<BR><BR>[Called By]<UL><LI><a href="#[5c]">&gt;&gt;</a>&nbsp;&nbsp;&nbsp;exit
</UL>

<P><STRONG><a name="[5d]"></a>__rt_exit_ls</STRONG> (Thumb, 0 bytes, Stack size unknown bytes, rtexit2.o(.ARM.Collect$$rtexit$$00000003))
<BR><BR>[Calls]<UL><LI><a href="#[5e]">&gt;&gt;</a>&nbsp;&nbsp;&nbsp;__rt_lib_shutdown
</UL>

<P><STRONG><a name="[116]"></a>__rt_exit_prels_1</STRONG> (Thumb, 0 bytes, Stack size unknown bytes, rtexit2.o(.ARM.Collect$$rtexit$$00000002))

<P><STRONG><a name="[5f]"></a>__rt_exit_exit</STRONG> (Thumb, 0 bytes, Stack size unknown bytes, rtexit2.o(.ARM.Collect$$rtexit$$00000004))
<BR><BR>[Calls]<UL><LI><a href="#[60]">&gt;&gt;</a>&nbsp;&nbsp;&nbsp;_sys_exit
</UL>

<P><STRONG><a name="[4e]"></a>Reset_Handler</STRONG> (Thumb, 8 bytes, Stack size 0 bytes, startup_stm32f10x_hd.o(.text))

<P><STRONG><a name="[20]"></a>ADC1_2_IRQHandler</STRONG> (Thumb, 0 bytes, Stack size 0 bytes, startup_stm32f10x_hd.o(.text))
<BR><BR>[Calls]<UL><LI><a href="#[20]">&gt;&gt;</a>&nbsp;&nbsp;&nbsp;ADC1_2_IRQHandler
</UL>
<BR>[Called By]<UL><LI><a href="#[20]">&gt;&gt;</a>&nbsp;&nbsp;&nbsp;ADC1_2_IRQHandler
</UL>
<BR>[Address Reference Count : 1]<UL><LI> startup_stm32f10x_hd.o(RESET)
</UL>
<P><STRONG><a name="[3d]"></a>ADC3_IRQHandler</STRONG> (Thumb, 0 bytes, Stack size 0 bytes, startup_stm32f10x_hd.o(.text))
<BR>[Address Reference Count : 1]<UL><LI> startup_stm32f10x_hd.o(RESET)
</UL>
<P><STRONG><a name="[23]"></a>CAN1_RX1_IRQHandler</STRONG> (Thumb, 0 bytes, Stack size 0 bytes, startup_stm32f10x_hd.o(.text))
<BR>[Address Reference Count : 1]<UL><LI> startup_stm32f10x_hd.o(RESET)
</UL>
<P><STRONG><a name="[24]"></a>CAN1_SCE_IRQHandler</STRONG> (Thumb, 0 bytes, Stack size 0 bytes, startup_stm32f10x_hd.o(.text))
<BR>[Address Reference Count : 1]<UL><LI> startup_stm32f10x_hd.o(RESET)
</UL>
<P><STRONG><a name="[19]"></a>DMA1_Channel1_IRQHandler</STRONG> (Thumb, 0 bytes, Stack size 0 bytes, startup_stm32f10x_hd.o(.text))
<BR>[Address Reference Count : 1]<UL><LI> startup_stm32f10x_hd.o(RESET)
</UL>
<P><STRONG><a name="[1a]"></a>DMA1_Channel2_IRQHandler</STRONG> (Thumb, 0 bytes, Stack size 0 bytes, startup_stm32f10x_hd.o(.text))
<BR>[Address Reference Count : 1]<UL><LI> startup_stm32f10x_hd.o(RESET)
</UL>
<P><STRONG><a name="[1b]"></a>DMA1_Channel3_IRQHandler</STRONG> (Thumb, 0 bytes, Stack size 0 bytes, startup_stm32f10x_hd.o(.text))
<BR>[Address Reference Count : 1]<UL><LI> startup_stm32f10x_hd.o(RESET)
</UL>
<P><STRONG><a name="[1c]"></a>DMA1_Channel4_IRQHandler</STRONG> (Thumb, 0 bytes, Stack size 0 bytes, startup_stm32f10x_hd.o(.text))
<BR>[Address Reference Count : 1]<UL><LI> startup_stm32f10x_hd.o(RESET)
</UL>
<P><STRONG><a name="[1d]"></a>DMA1_Channel5_IRQHandler</STRONG> (Thumb, 0 bytes, Stack size 0 bytes, startup_stm32f10x_hd.o(.text))
<BR>[Address Reference Count : 1]<UL><LI> startup_stm32f10x_hd.o(RESET)
</UL>
<P><STRONG><a name="[1e]"></a>DMA1_Channel6_IRQHandler</STRONG> (Thumb, 0 bytes, Stack size 0 bytes, startup_stm32f10x_hd.o(.text))
<BR>[Address Reference Count : 1]<UL><LI> startup_stm32f10x_hd.o(RESET)
</UL>
<P><STRONG><a name="[1f]"></a>DMA1_Channel7_IRQHandler</STRONG> (Thumb, 0 bytes, Stack size 0 bytes, startup_stm32f10x_hd.o(.text))
<BR>[Address Reference Count : 1]<UL><LI> startup_stm32f10x_hd.o(RESET)
</UL>
<P><STRONG><a name="[46]"></a>DMA2_Channel1_IRQHandler</STRONG> (Thumb, 0 bytes, Stack size 0 bytes, startup_stm32f10x_hd.o(.text))
<BR>[Address Reference Count : 1]<UL><LI> startup_stm32f10x_hd.o(RESET)
</UL>
<P><STRONG><a name="[47]"></a>DMA2_Channel2_IRQHandler</STRONG> (Thumb, 0 bytes, Stack size 0 bytes, startup_stm32f10x_hd.o(.text))
<BR>[Address Reference Count : 1]<UL><LI> startup_stm32f10x_hd.o(RESET)
</UL>
<P><STRONG><a name="[48]"></a>DMA2_Channel3_IRQHandler</STRONG> (Thumb, 0 bytes, Stack size 0 bytes, startup_stm32f10x_hd.o(.text))
<BR>[Address Reference Count : 1]<UL><LI> startup_stm32f10x_hd.o(RESET)
</UL>
<P><STRONG><a name="[49]"></a>DMA2_Channel4_5_IRQHandler</STRONG> (Thumb, 0 bytes, Stack size 0 bytes, startup_stm32f10x_hd.o(.text))
<BR>[Address Reference Count : 1]<UL><LI> startup_stm32f10x_hd.o(RESET)
</UL>
<P><STRONG><a name="[14]"></a>EXTI0_IRQHandler</STRONG> (Thumb, 0 bytes, Stack size 0 bytes, startup_stm32f10x_hd.o(.text))
<BR>[Address Reference Count : 1]<UL><LI> startup_stm32f10x_hd.o(RESET)
</UL>
<P><STRONG><a name="[36]"></a>EXTI15_10_IRQHandler</STRONG> (Thumb, 0 bytes, Stack size 0 bytes, startup_stm32f10x_hd.o(.text))
<BR>[Address Reference Count : 1]<UL><LI> startup_stm32f10x_hd.o(RESET)
</UL>
<P><STRONG><a name="[15]"></a>EXTI1_IRQHandler</STRONG> (Thumb, 0 bytes, Stack size 0 bytes, startup_stm32f10x_hd.o(.text))
<BR>[Address Reference Count : 1]<UL><LI> startup_stm32f10x_hd.o(RESET)
</UL>
<P><STRONG><a name="[16]"></a>EXTI2_IRQHandler</STRONG> (Thumb, 0 bytes, Stack size 0 bytes, startup_stm32f10x_hd.o(.text))
<BR>[Address Reference Count : 1]<UL><LI> startup_stm32f10x_hd.o(RESET)
</UL>
<P><STRONG><a name="[17]"></a>EXTI3_IRQHandler</STRONG> (Thumb, 0 bytes, Stack size 0 bytes, startup_stm32f10x_hd.o(.text))
<BR>[Address Reference Count : 1]<UL><LI> startup_stm32f10x_hd.o(RESET)
</UL>
<P><STRONG><a name="[18]"></a>EXTI4_IRQHandler</STRONG> (Thumb, 0 bytes, Stack size 0 bytes, startup_stm32f10x_hd.o(.text))
<BR>[Address Reference Count : 1]<UL><LI> startup_stm32f10x_hd.o(RESET)
</UL>
<P><STRONG><a name="[25]"></a>EXTI9_5_IRQHandler</STRONG> (Thumb, 0 bytes, Stack size 0 bytes, startup_stm32f10x_hd.o(.text))
<BR>[Address Reference Count : 1]<UL><LI> startup_stm32f10x_hd.o(RESET)
</UL>
<P><STRONG><a name="[12]"></a>FLASH_IRQHandler</STRONG> (Thumb, 0 bytes, Stack size 0 bytes, startup_stm32f10x_hd.o(.text))
<BR>[Address Reference Count : 1]<UL><LI> startup_stm32f10x_hd.o(RESET)
</UL>
<P><STRONG><a name="[3e]"></a>FSMC_IRQHandler</STRONG> (Thumb, 0 bytes, Stack size 0 bytes, startup_stm32f10x_hd.o(.text))
<BR>[Address Reference Count : 1]<UL><LI> startup_stm32f10x_hd.o(RESET)
</UL>
<P><STRONG><a name="[2e]"></a>I2C1_ER_IRQHandler</STRONG> (Thumb, 0 bytes, Stack size 0 bytes, startup_stm32f10x_hd.o(.text))
<BR>[Address Reference Count : 1]<UL><LI> startup_stm32f10x_hd.o(RESET)
</UL>
<P><STRONG><a name="[2d]"></a>I2C1_EV_IRQHandler</STRONG> (Thumb, 0 bytes, Stack size 0 bytes, startup_stm32f10x_hd.o(.text))
<BR>[Address Reference Count : 1]<UL><LI> startup_stm32f10x_hd.o(RESET)
</UL>
<P><STRONG><a name="[30]"></a>I2C2_ER_IRQHandler</STRONG> (Thumb, 0 bytes, Stack size 0 bytes, startup_stm32f10x_hd.o(.text))
<BR>[Address Reference Count : 1]<UL><LI> startup_stm32f10x_hd.o(RESET)
</UL>
<P><STRONG><a name="[2f]"></a>I2C2_EV_IRQHandler</STRONG> (Thumb, 0 bytes, Stack size 0 bytes, startup_stm32f10x_hd.o(.text))
<BR>[Address Reference Count : 1]<UL><LI> startup_stm32f10x_hd.o(RESET)
</UL>
<P><STRONG><a name="[f]"></a>PVD_IRQHandler</STRONG> (Thumb, 0 bytes, Stack size 0 bytes, startup_stm32f10x_hd.o(.text))
<BR>[Address Reference Count : 1]<UL><LI> startup_stm32f10x_hd.o(RESET)
</UL>
<P><STRONG><a name="[13]"></a>RCC_IRQHandler</STRONG> (Thumb, 0 bytes, Stack size 0 bytes, startup_stm32f10x_hd.o(.text))
<BR>[Address Reference Count : 1]<UL><LI> startup_stm32f10x_hd.o(RESET)
</UL>
<P><STRONG><a name="[37]"></a>RTCAlarm_IRQHandler</STRONG> (Thumb, 0 bytes, Stack size 0 bytes, startup_stm32f10x_hd.o(.text))
<BR>[Address Reference Count : 1]<UL><LI> startup_stm32f10x_hd.o(RESET)
</UL>
<P><STRONG><a name="[11]"></a>RTC_IRQHandler</STRONG> (Thumb, 0 bytes, Stack size 0 bytes, startup_stm32f10x_hd.o(.text))
<BR>[Address Reference Count : 1]<UL><LI> startup_stm32f10x_hd.o(RESET)
</UL>
<P><STRONG><a name="[3f]"></a>SDIO_IRQHandler</STRONG> (Thumb, 0 bytes, Stack size 0 bytes, startup_stm32f10x_hd.o(.text))
<BR>[Address Reference Count : 1]<UL><LI> startup_stm32f10x_hd.o(RESET)
</UL>
<P><STRONG><a name="[31]"></a>SPI1_IRQHandler</STRONG> (Thumb, 0 bytes, Stack size 0 bytes, startup_stm32f10x_hd.o(.text))
<BR>[Address Reference Count : 1]<UL><LI> startup_stm32f10x_hd.o(RESET)
</UL>
<P><STRONG><a name="[32]"></a>SPI2_IRQHandler</STRONG> (Thumb, 0 bytes, Stack size 0 bytes, startup_stm32f10x_hd.o(.text))
<BR>[Address Reference Count : 1]<UL><LI> startup_stm32f10x_hd.o(RESET)
</UL>
<P><STRONG><a name="[41]"></a>SPI3_IRQHandler</STRONG> (Thumb, 0 bytes, Stack size 0 bytes, startup_stm32f10x_hd.o(.text))
<BR>[Address Reference Count : 1]<UL><LI> startup_stm32f10x_hd.o(RESET)
</UL>
<P><STRONG><a name="[10]"></a>TAMPER_IRQHandler</STRONG> (Thumb, 0 bytes, Stack size 0 bytes, startup_stm32f10x_hd.o(.text))
<BR>[Address Reference Count : 1]<UL><LI> startup_stm32f10x_hd.o(RESET)
</UL>
<P><STRONG><a name="[26]"></a>TIM1_BRK_IRQHandler</STRONG> (Thumb, 0 bytes, Stack size 0 bytes, startup_stm32f10x_hd.o(.text))
<BR>[Address Reference Count : 1]<UL><LI> startup_stm32f10x_hd.o(RESET)
</UL>
<P><STRONG><a name="[29]"></a>TIM1_CC_IRQHandler</STRONG> (Thumb, 0 bytes, Stack size 0 bytes, startup_stm32f10x_hd.o(.text))
<BR>[Address Reference Count : 1]<UL><LI> startup_stm32f10x_hd.o(RESET)
</UL>
<P><STRONG><a name="[28]"></a>TIM1_TRG_COM_IRQHandler</STRONG> (Thumb, 0 bytes, Stack size 0 bytes, startup_stm32f10x_hd.o(.text))
<BR>[Address Reference Count : 1]<UL><LI> startup_stm32f10x_hd.o(RESET)
</UL>
<P><STRONG><a name="[27]"></a>TIM1_UP_IRQHandler</STRONG> (Thumb, 0 bytes, Stack size 0 bytes, startup_stm32f10x_hd.o(.text))
<BR>[Address Reference Count : 1]<UL><LI> startup_stm32f10x_hd.o(RESET)
</UL>
<P><STRONG><a name="[2a]"></a>TIM2_IRQHandler</STRONG> (Thumb, 0 bytes, Stack size 0 bytes, startup_stm32f10x_hd.o(.text))
<BR>[Address Reference Count : 1]<UL><LI> startup_stm32f10x_hd.o(RESET)
</UL>
<P><STRONG><a name="[2c]"></a>TIM4_IRQHandler</STRONG> (Thumb, 0 bytes, Stack size 0 bytes, startup_stm32f10x_hd.o(.text))
<BR>[Address Reference Count : 1]<UL><LI> startup_stm32f10x_hd.o(RESET)
</UL>
<P><STRONG><a name="[40]"></a>TIM5_IRQHandler</STRONG> (Thumb, 0 bytes, Stack size 0 bytes, startup_stm32f10x_hd.o(.text))
<BR>[Address Reference Count : 1]<UL><LI> startup_stm32f10x_hd.o(RESET)
</UL>
<P><STRONG><a name="[45]"></a>TIM7_IRQHandler</STRONG> (Thumb, 0 bytes, Stack size 0 bytes, startup_stm32f10x_hd.o(.text))
<BR>[Address Reference Count : 1]<UL><LI> startup_stm32f10x_hd.o(RESET)
</UL>
<P><STRONG><a name="[39]"></a>TIM8_BRK_IRQHandler</STRONG> (Thumb, 0 bytes, Stack size 0 bytes, startup_stm32f10x_hd.o(.text))
<BR>[Address Reference Count : 1]<UL><LI> startup_stm32f10x_hd.o(RESET)
</UL>
<P><STRONG><a name="[3c]"></a>TIM8_CC_IRQHandler</STRONG> (Thumb, 0 bytes, Stack size 0 bytes, startup_stm32f10x_hd.o(.text))
<BR>[Address Reference Count : 1]<UL><LI> startup_stm32f10x_hd.o(RESET)
</UL>
<P><STRONG><a name="[3b]"></a>TIM8_TRG_COM_IRQHandler</STRONG> (Thumb, 0 bytes, Stack size 0 bytes, startup_stm32f10x_hd.o(.text))
<BR>[Address Reference Count : 1]<UL><LI> startup_stm32f10x_hd.o(RESET)
</UL>
<P><STRONG><a name="[3a]"></a>TIM8_UP_IRQHandler</STRONG> (Thumb, 0 bytes, Stack size 0 bytes, startup_stm32f10x_hd.o(.text))
<BR>[Address Reference Count : 1]<UL><LI> startup_stm32f10x_hd.o(RESET)
</UL>
<P><STRONG><a name="[42]"></a>UART4_IRQHandler</STRONG> (Thumb, 0 bytes, Stack size 0 bytes, startup_stm32f10x_hd.o(.text))
<BR>[Address Reference Count : 1]<UL><LI> startup_stm32f10x_hd.o(RESET)
</UL>
<P><STRONG><a name="[43]"></a>UART5_IRQHandler</STRONG> (Thumb, 0 bytes, Stack size 0 bytes, startup_stm32f10x_hd.o(.text))
<BR>[Address Reference Count : 1]<UL><LI> startup_stm32f10x_hd.o(RESET)
</UL>
<P><STRONG><a name="[34]"></a>USART2_IRQHandler</STRONG> (Thumb, 0 bytes, Stack size 0 bytes, startup_stm32f10x_hd.o(.text))
<BR>[Address Reference Count : 1]<UL><LI> startup_stm32f10x_hd.o(RESET)
</UL>
<P><STRONG><a name="[35]"></a>USART3_IRQHandler</STRONG> (Thumb, 0 bytes, Stack size 0 bytes, startup_stm32f10x_hd.o(.text))
<BR>[Address Reference Count : 1]<UL><LI> startup_stm32f10x_hd.o(RESET)
</UL>
<P><STRONG><a name="[38]"></a>USBWakeUp_IRQHandler</STRONG> (Thumb, 0 bytes, Stack size 0 bytes, startup_stm32f10x_hd.o(.text))
<BR>[Address Reference Count : 1]<UL><LI> startup_stm32f10x_hd.o(RESET)
</UL>
<P><STRONG><a name="[21]"></a>USB_HP_CAN1_TX_IRQHandler</STRONG> (Thumb, 0 bytes, Stack size 0 bytes, startup_stm32f10x_hd.o(.text))
<BR>[Address Reference Count : 1]<UL><LI> startup_stm32f10x_hd.o(RESET)
</UL>
<P><STRONG><a name="[22]"></a>USB_LP_CAN1_RX0_IRQHandler</STRONG> (Thumb, 0 bytes, Stack size 0 bytes, startup_stm32f10x_hd.o(.text))
<BR>[Address Reference Count : 1]<UL><LI> startup_stm32f10x_hd.o(RESET)
</UL>
<P><STRONG><a name="[e]"></a>WWDG_IRQHandler</STRONG> (Thumb, 0 bytes, Stack size 0 bytes, startup_stm32f10x_hd.o(.text))
<BR>[Address Reference Count : 1]<UL><LI> startup_stm32f10x_hd.o(RESET)
</UL>
<P><STRONG><a name="[50]"></a>__user_initial_stackheap</STRONG> (Thumb, 0 bytes, Stack size unknown bytes, startup_stm32f10x_hd.o(.text))
<BR><BR>[Called By]<UL><LI><a href="#[57]">&gt;&gt;</a>&nbsp;&nbsp;&nbsp;__user_setup_stackheap
</UL>

<P><STRONG><a name="[117]"></a>__use_no_semihosting</STRONG> (Thumb, 2 bytes, Stack size 0 bytes, use_no_semi_2.o(.text), UNUSED)

<P><STRONG><a name="[61]"></a>__2printf</STRONG> (Thumb, 20 bytes, Stack size 24 bytes, noretval__2printf.o(.text))
<BR><BR>[Stack]<UL><LI>Max Depth = 128 + Unknown Stack Size
<LI>Call Chain = __2printf &rArr; _printf_char_file &rArr; _printf_char_common &rArr; __printf
</UL>
<BR>[Calls]<UL><LI><a href="#[62]">&gt;&gt;</a>&nbsp;&nbsp;&nbsp;_printf_char_file
</UL>
<BR>[Called By]<UL><LI><a href="#[d4]">&gt;&gt;</a>&nbsp;&nbsp;&nbsp;User_Password
<LI><a href="#[cf]">&gt;&gt;</a>&nbsp;&nbsp;&nbsp;Show_AlarmTime
<LI><a href="#[b4]">&gt;&gt;</a>&nbsp;&nbsp;&nbsp;Menu_Time_Set
<LI><a href="#[b0]">&gt;&gt;</a>&nbsp;&nbsp;&nbsp;Menu_Date_Set
<LI><a href="#[aa]">&gt;&gt;</a>&nbsp;&nbsp;&nbsp;Menu_Alarm_Set
<LI><a href="#[a0]">&gt;&gt;</a>&nbsp;&nbsp;&nbsp;KEY4x4_Scan
<LI><a href="#[99]">&gt;&gt;</a>&nbsp;&nbsp;&nbsp;Write_Time
<LI><a href="#[d0]">&gt;&gt;</a>&nbsp;&nbsp;&nbsp;Show_Child_AlarmTime
</UL>

<P><STRONG><a name="[63]"></a>__printf</STRONG> (Thumb, 104 bytes, Stack size 24 bytes, __printf.o(.text))
<BR><BR>[Stack]<UL><LI>Max Depth = 24 + Unknown Stack Size
<LI>Call Chain = __printf
</UL>
<BR>[Calls]<UL><LI><a href="#[64]">&gt;&gt;</a>&nbsp;&nbsp;&nbsp;_printf_percent
</UL>
<BR>[Called By]<UL><LI><a href="#[66]">&gt;&gt;</a>&nbsp;&nbsp;&nbsp;_printf_char_common
</UL>

<P><STRONG><a name="[55]"></a>_printf_int_dec</STRONG> (Thumb, 104 bytes, Stack size 24 bytes, _printf_dec.o(.text))
<BR><BR>[Stack]<UL><LI>Max Depth = 56<LI>Call Chain = _printf_int_dec &rArr; _printf_int_common
</UL>
<BR>[Calls]<UL><LI><a href="#[65]">&gt;&gt;</a>&nbsp;&nbsp;&nbsp;_printf_int_common
</UL>
<BR>[Called By]<UL><LI><a href="#[54]">&gt;&gt;</a>&nbsp;&nbsp;&nbsp;_printf_d
</UL>

<P><STRONG><a name="[e2]"></a>strncmp</STRONG> (Thumb, 150 bytes, Stack size 16 bytes, strncmp.o(.text))
<BR><BR>[Stack]<UL><LI>Max Depth = 16<LI>Call Chain = strncmp
</UL>
<BR>[Called By]<UL><LI><a href="#[d4]">&gt;&gt;</a>&nbsp;&nbsp;&nbsp;User_Password
</UL>

<P><STRONG><a name="[b9]"></a>__aeabi_memcpy4</STRONG> (Thumb, 0 bytes, Stack size 8 bytes, rt_memcpy_w.o(.text))
<BR><BR>[Stack]<UL><LI>Max Depth = 8<LI>Call Chain = __aeabi_memcpy4
</UL>
<BR>[Called By]<UL><LI><a href="#[ac]">&gt;&gt;</a>&nbsp;&nbsp;&nbsp;Move_Point
</UL>

<P><STRONG><a name="[118]"></a>__aeabi_memcpy8</STRONG> (Thumb, 0 bytes, Stack size 8 bytes, rt_memcpy_w.o(.text), UNUSED)

<P><STRONG><a name="[119]"></a>__rt_memcpy_w</STRONG> (Thumb, 100 bytes, Stack size 8 bytes, rt_memcpy_w.o(.text), UNUSED)

<P><STRONG><a name="[11a]"></a>_memcpy_lastbytes_aligned</STRONG> (Thumb, 0 bytes, Stack size unknown bytes, rt_memcpy_w.o(.text), UNUSED)

<P><STRONG><a name="[11b]"></a>__use_two_region_memory</STRONG> (Thumb, 2 bytes, Stack size 0 bytes, heapauxi.o(.text), UNUSED)

<P><STRONG><a name="[11c]"></a>__rt_heap_escrow$2region</STRONG> (Thumb, 2 bytes, Stack size 0 bytes, heapauxi.o(.text), UNUSED)

<P><STRONG><a name="[11d]"></a>__rt_heap_expand$2region</STRONG> (Thumb, 2 bytes, Stack size 0 bytes, heapauxi.o(.text), UNUSED)

<P><STRONG><a name="[11e]"></a>__I$use$semihosting</STRONG> (Thumb, 0 bytes, Stack size 0 bytes, use_no_semi.o(.text), UNUSED)

<P><STRONG><a name="[11f]"></a>__use_no_semihosting_swi</STRONG> (Thumb, 2 bytes, Stack size 0 bytes, use_no_semi.o(.text), UNUSED)

<P><STRONG><a name="[65]"></a>_printf_int_common</STRONG> (Thumb, 178 bytes, Stack size 32 bytes, _printf_intcommon.o(.text))
<BR><BR>[Stack]<UL><LI>Max Depth = 32<LI>Call Chain = _printf_int_common
</UL>
<BR>[Called By]<UL><LI><a href="#[55]">&gt;&gt;</a>&nbsp;&nbsp;&nbsp;_printf_int_dec
</UL>

<P><STRONG><a name="[62]"></a>_printf_char_file</STRONG> (Thumb, 32 bytes, Stack size 16 bytes, _printf_char_file.o(.text))
<BR><BR>[Stack]<UL><LI>Max Depth = 104 + Unknown Stack Size
<LI>Call Chain = _printf_char_file &rArr; _printf_char_common &rArr; __printf
</UL>
<BR>[Calls]<UL><LI><a href="#[67]">&gt;&gt;</a>&nbsp;&nbsp;&nbsp;ferror
<LI><a href="#[66]">&gt;&gt;</a>&nbsp;&nbsp;&nbsp;_printf_char_common
</UL>
<BR>[Called By]<UL><LI><a href="#[61]">&gt;&gt;</a>&nbsp;&nbsp;&nbsp;__2printf
</UL>

<P><STRONG><a name="[66]"></a>_printf_char_common</STRONG> (Thumb, 32 bytes, Stack size 64 bytes, _printf_char_common.o(.text))
<BR><BR>[Stack]<UL><LI>Max Depth = 88 + Unknown Stack Size
<LI>Call Chain = _printf_char_common &rArr; __printf
</UL>
<BR>[Calls]<UL><LI><a href="#[63]">&gt;&gt;</a>&nbsp;&nbsp;&nbsp;__printf
</UL>
<BR>[Called By]<UL><LI><a href="#[62]">&gt;&gt;</a>&nbsp;&nbsp;&nbsp;_printf_char_file
</UL>

<P><STRONG><a name="[67]"></a>ferror</STRONG> (Thumb, 8 bytes, Stack size 0 bytes, ferror.o(.text))
<BR><BR>[Called By]<UL><LI><a href="#[62]">&gt;&gt;</a>&nbsp;&nbsp;&nbsp;_printf_char_file
</UL>

<P><STRONG><a name="[57]"></a>__user_setup_stackheap</STRONG> (Thumb, 74 bytes, Stack size 8 bytes, sys_stackheap_outer.o(.text))
<BR><BR>[Stack]<UL><LI>Max Depth = 8 + Unknown Stack Size
<LI>Call Chain = __user_setup_stackheap
</UL>
<BR>[Calls]<UL><LI><a href="#[50]">&gt;&gt;</a>&nbsp;&nbsp;&nbsp;__user_initial_stackheap
<LI><a href="#[68]">&gt;&gt;</a>&nbsp;&nbsp;&nbsp;__user_perproc_libspace
</UL>
<BR>[Called By]<UL><LI><a href="#[56]">&gt;&gt;</a>&nbsp;&nbsp;&nbsp;__rt_entry_sh
</UL>

<P><STRONG><a name="[5c]"></a>exit</STRONG> (Thumb, 12 bytes, Stack size 0 bytes, exit.o(.text))
<BR><BR>[Calls]<UL><LI><a href="#[69]">&gt;&gt;</a>&nbsp;&nbsp;&nbsp;__rt_exit
</UL>
<BR>[Called By]<UL><LI><a href="#[5a]">&gt;&gt;</a>&nbsp;&nbsp;&nbsp;__rt_entry_main
</UL>

<P><STRONG><a name="[120]"></a>__user_libspace</STRONG> (Thumb, 8 bytes, Stack size 0 bytes, libspace.o(.text), UNUSED)

<P><STRONG><a name="[68]"></a>__user_perproc_libspace</STRONG> (Thumb, 0 bytes, Stack size 0 bytes, libspace.o(.text))
<BR><BR>[Called By]<UL><LI><a href="#[57]">&gt;&gt;</a>&nbsp;&nbsp;&nbsp;__user_setup_stackheap
</UL>

<P><STRONG><a name="[121]"></a>__user_perthread_libspace</STRONG> (Thumb, 0 bytes, Stack size 0 bytes, libspace.o(.text), UNUSED)

<P><STRONG><a name="[ad]"></a>Alarm_Set</STRONG> (Thumb, 36 bytes, Stack size 0 bytes, clock-set.o(i.Alarm_Set))
<BR><BR>[Called By]<UL><LI><a href="#[aa]">&gt;&gt;</a>&nbsp;&nbsp;&nbsp;Menu_Alarm_Set
</UL>

<P><STRONG><a name="[6a]"></a>Alarm_System</STRONG> (Thumb, 36 bytes, Stack size 16 bytes, sys-alarm.o(i.Alarm_System))
<BR><BR>[Stack]<UL><LI>Max Depth = 200 + Unknown Stack Size
<LI>Call Chain = Alarm_System &rArr; Flag_HuiJia &rArr; CLOSE_Alarm_System &rArr;  Key_Switch (Cycle)
</UL>
<BR>[Calls]<UL><LI><a href="#[6b]">&gt;&gt;</a>&nbsp;&nbsp;&nbsp;RC522_IcCard_Scan
<LI><a href="#[6c]">&gt;&gt;</a>&nbsp;&nbsp;&nbsp;Flag_JinBao
<LI><a href="#[6e]">&gt;&gt;</a>&nbsp;&nbsp;&nbsp;Flag_HuiJia
<LI><a href="#[70]">&gt;&gt;</a>&nbsp;&nbsp;&nbsp;Flag_Guanbi
<LI><a href="#[6d]">&gt;&gt;</a>&nbsp;&nbsp;&nbsp;Flag_DouLiu
<LI><a href="#[6f]">&gt;&gt;</a>&nbsp;&nbsp;&nbsp;Flag_ChuMen
</UL>
<BR>[Called By]<UL><LI><a href="#[a5]">&gt;&gt;</a>&nbsp;&nbsp;&nbsp;Show_Home
</UL>

<P><STRONG><a name="[71]"></a>BEEP_Init</STRONG> (Thumb, 40 bytes, Stack size 8 bytes, beep.o(i.BEEP_Init))
<BR><BR>[Stack]<UL><LI>Max Depth = 32<LI>Call Chain = BEEP_Init &rArr; GPIO_Init
</UL>
<BR>[Calls]<UL><LI><a href="#[72]">&gt;&gt;</a>&nbsp;&nbsp;&nbsp;RCC_APB2PeriphClockCmd
<LI><a href="#[73]">&gt;&gt;</a>&nbsp;&nbsp;&nbsp;GPIO_Init
</UL>
<BR>[Called By]<UL><LI><a href="#[5b]">&gt;&gt;</a>&nbsp;&nbsp;&nbsp;main
</UL>

<P><STRONG><a name="[8]"></a>BusFault_Handler</STRONG> (Thumb, 4 bytes, Stack size 0 bytes, stm32f10x_it.o(i.BusFault_Handler))
<BR>[Address Reference Count : 1]<UL><LI> startup_stm32f10x_hd.o(RESET)
</UL>
<P><STRONG><a name="[7a]"></a>CLED_Color</STRONG> (Thumb, 108 bytes, Stack size 0 bytes, cled.o(i.CLED_Color))
<BR><BR>[Called By]<UL><LI><a href="#[2b]">&gt;&gt;</a>&nbsp;&nbsp;&nbsp;TIM3_IRQHandler
<LI><a href="#[7f]">&gt;&gt;</a>&nbsp;&nbsp;&nbsp;OPEN_Alarm_System
<LI><a href="#[76]">&gt;&gt;</a>&nbsp;&nbsp;&nbsp;CLOSE_Alarm_System
</UL>

<P><STRONG><a name="[74]"></a>CLED_Init</STRONG> (Thumb, 46 bytes, Stack size 8 bytes, cled.o(i.CLED_Init))
<BR><BR>[Stack]<UL><LI>Max Depth = 32<LI>Call Chain = CLED_Init &rArr; GPIO_Init
</UL>
<BR>[Calls]<UL><LI><a href="#[72]">&gt;&gt;</a>&nbsp;&nbsp;&nbsp;RCC_APB2PeriphClockCmd
<LI><a href="#[73]">&gt;&gt;</a>&nbsp;&nbsp;&nbsp;GPIO_Init
<LI><a href="#[75]">&gt;&gt;</a>&nbsp;&nbsp;&nbsp;GPIO_SetBits
</UL>
<BR>[Called By]<UL><LI><a href="#[5b]">&gt;&gt;</a>&nbsp;&nbsp;&nbsp;main
</UL>

<P><STRONG><a name="[76]"></a>CLOSE_Alarm_System</STRONG> (Thumb, 258 bytes, Stack size 24 bytes, sys-alarm.o(i.CLOSE_Alarm_System))
<BR><BR>[Stack]<UL><LI>Max Depth = 176 + In Cycle
<LI>Call Chain = CLOSE_Alarm_System &rArr;  Key_Switch (Cycle)
</UL>
<BR>[Calls]<UL><LI><a href="#[80]">&gt;&gt;</a>&nbsp;&nbsp;&nbsp;OLED_ShowNum
<LI><a href="#[81]">&gt;&gt;</a>&nbsp;&nbsp;&nbsp;Key_Switch
<LI><a href="#[79]">&gt;&gt;</a>&nbsp;&nbsp;&nbsp;OLED_ShowString
<LI><a href="#[78]">&gt;&gt;</a>&nbsp;&nbsp;&nbsp;OLED_ShowCHinese
<LI><a href="#[7c]">&gt;&gt;</a>&nbsp;&nbsp;&nbsp;TIM_Cmd
<LI><a href="#[7e]">&gt;&gt;</a>&nbsp;&nbsp;&nbsp;KEY_Scan
<LI><a href="#[77]">&gt;&gt;</a>&nbsp;&nbsp;&nbsp;OLED_Clear
<LI><a href="#[7b]">&gt;&gt;</a>&nbsp;&nbsp;&nbsp;delay_ms
<LI><a href="#[7a]">&gt;&gt;</a>&nbsp;&nbsp;&nbsp;CLED_Color
<LI><a href="#[7f]">&gt;&gt;</a>&nbsp;&nbsp;&nbsp;OPEN_Alarm_System
<LI><a href="#[7d]">&gt;&gt;</a>&nbsp;&nbsp;&nbsp;LED_Switch
</UL>
<BR>[Called By]<UL><LI><a href="#[81]">&gt;&gt;</a>&nbsp;&nbsp;&nbsp;Key_Switch
<LI><a href="#[6e]">&gt;&gt;</a>&nbsp;&nbsp;&nbsp;Flag_HuiJia
<LI><a href="#[70]">&gt;&gt;</a>&nbsp;&nbsp;&nbsp;Flag_Guanbi
<LI><a href="#[6f]">&gt;&gt;</a>&nbsp;&nbsp;&nbsp;Flag_ChuMen
</UL>

<P><STRONG><a name="[82]"></a>ClearBitMask</STRONG> (Thumb, 26 bytes, Stack size 16 bytes, rc522.o(i.ClearBitMask))
<BR><BR>[Stack]<UL><LI>Max Depth = 48<LI>Call Chain = ClearBitMask &rArr; WriteRawRC &rArr; SPI_RC522_SendByte
</UL>
<BR>[Calls]<UL><LI><a href="#[84]">&gt;&gt;</a>&nbsp;&nbsp;&nbsp;WriteRawRC
<LI><a href="#[83]">&gt;&gt;</a>&nbsp;&nbsp;&nbsp;ReadRawRC
</UL>
<BR>[Called By]<UL><LI><a href="#[c3]">&gt;&gt;</a>&nbsp;&nbsp;&nbsp;PcdRequest
<LI><a href="#[c2]">&gt;&gt;</a>&nbsp;&nbsp;&nbsp;PcdComMF522
<LI><a href="#[a8]">&gt;&gt;</a>&nbsp;&nbsp;&nbsp;M500PcdConfigISOType
</UL>

<P><STRONG><a name="[85]"></a>ClockInit</STRONG> (Thumb, 82 bytes, Stack size 16 bytes, clock.o(i.ClockInit))
<BR><BR>[Stack]<UL><LI>Max Depth = 40<LI>Call Chain = ClockInit &rArr; clock_NVIC &rArr; NVIC_Init
</UL>
<BR>[Calls]<UL><LI><a href="#[88]">&gt;&gt;</a>&nbsp;&nbsp;&nbsp;TIM_TimeBaseInit
<LI><a href="#[8a]">&gt;&gt;</a>&nbsp;&nbsp;&nbsp;TIM_ITConfig
<LI><a href="#[87]">&gt;&gt;</a>&nbsp;&nbsp;&nbsp;TIM_DeInit
<LI><a href="#[89]">&gt;&gt;</a>&nbsp;&nbsp;&nbsp;TIM_ClearFlag
<LI><a href="#[86]">&gt;&gt;</a>&nbsp;&nbsp;&nbsp;RCC_APB1PeriphClockCmd
<LI><a href="#[8b]">&gt;&gt;</a>&nbsp;&nbsp;&nbsp;clock_NVIC
<LI><a href="#[7c]">&gt;&gt;</a>&nbsp;&nbsp;&nbsp;TIM_Cmd
</UL>
<BR>[Called By]<UL><LI><a href="#[5b]">&gt;&gt;</a>&nbsp;&nbsp;&nbsp;main
</UL>

<P><STRONG><a name="[8c]"></a>DS18B20_Check</STRONG> (Thumb, 92 bytes, Stack size 8 bytes, ds18b20.o(i.DS18B20_Check))
<BR><BR>[Stack]<UL><LI>Max Depth = 8<LI>Call Chain = DS18B20_Check
</UL>
<BR>[Calls]<UL><LI><a href="#[8d]">&gt;&gt;</a>&nbsp;&nbsp;&nbsp;delay_us
</UL>
<BR>[Called By]<UL><LI><a href="#[8e]">&gt;&gt;</a>&nbsp;&nbsp;&nbsp;DS18B20_Get_Temp
<LI><a href="#[97]">&gt;&gt;</a>&nbsp;&nbsp;&nbsp;DS18B20_Init
<LI><a href="#[8f]">&gt;&gt;</a>&nbsp;&nbsp;&nbsp;DS18B20_Start
</UL>

<P><STRONG><a name="[8e]"></a>DS18B20_Get_Temp</STRONG> (Thumb, 136 bytes, Stack size 40 bytes, ds18b20.o(i.DS18B20_Get_Temp))
<BR><BR>[Stack]<UL><LI>Max Depth = 72<LI>Call Chain = DS18B20_Get_Temp &rArr; __aeabi_dmul
</UL>
<BR>[Calls]<UL><LI><a href="#[91]">&gt;&gt;</a>&nbsp;&nbsp;&nbsp;DS18B20_Write_Byte
<LI><a href="#[8f]">&gt;&gt;</a>&nbsp;&nbsp;&nbsp;DS18B20_Start
<LI><a href="#[90]">&gt;&gt;</a>&nbsp;&nbsp;&nbsp;DS18B20_Rst
<LI><a href="#[92]">&gt;&gt;</a>&nbsp;&nbsp;&nbsp;DS18B20_Read_Byte
<LI><a href="#[8c]">&gt;&gt;</a>&nbsp;&nbsp;&nbsp;DS18B20_Check
<LI><a href="#[93]">&gt;&gt;</a>&nbsp;&nbsp;&nbsp;__aeabi_i2f
<LI><a href="#[94]">&gt;&gt;</a>&nbsp;&nbsp;&nbsp;__aeabi_f2d
<LI><a href="#[95]">&gt;&gt;</a>&nbsp;&nbsp;&nbsp;__aeabi_dmul
<LI><a href="#[96]">&gt;&gt;</a>&nbsp;&nbsp;&nbsp;__aeabi_d2iz
</UL>
<BR>[Called By]<UL><LI><a href="#[d3]">&gt;&gt;</a>&nbsp;&nbsp;&nbsp;Show_Temp
</UL>

<P><STRONG><a name="[97]"></a>DS18B20_Init</STRONG> (Thumb, 56 bytes, Stack size 8 bytes, ds18b20.o(i.DS18B20_Init))
<BR><BR>[Stack]<UL><LI>Max Depth = 16<LI>Call Chain = DS18B20_Init &rArr; DS18B20_Rst
</UL>
<BR>[Calls]<UL><LI><a href="#[90]">&gt;&gt;</a>&nbsp;&nbsp;&nbsp;DS18B20_Rst
<LI><a href="#[8c]">&gt;&gt;</a>&nbsp;&nbsp;&nbsp;DS18B20_Check
</UL>
<BR>[Called By]<UL><LI><a href="#[5b]">&gt;&gt;</a>&nbsp;&nbsp;&nbsp;main
</UL>

<P><STRONG><a name="[98]"></a>DS18B20_Read_Bit</STRONG> (Thumb, 96 bytes, Stack size 8 bytes, ds18b20.o(i.DS18B20_Read_Bit))
<BR><BR>[Stack]<UL><LI>Max Depth = 8<LI>Call Chain = DS18B20_Read_Bit
</UL>
<BR>[Calls]<UL><LI><a href="#[8d]">&gt;&gt;</a>&nbsp;&nbsp;&nbsp;delay_us
</UL>
<BR>[Called By]<UL><LI><a href="#[92]">&gt;&gt;</a>&nbsp;&nbsp;&nbsp;DS18B20_Read_Byte
</UL>

<P><STRONG><a name="[92]"></a>DS18B20_Read_Byte</STRONG> (Thumb, 34 bytes, Stack size 16 bytes, ds18b20.o(i.DS18B20_Read_Byte))
<BR><BR>[Stack]<UL><LI>Max Depth = 24<LI>Call Chain = DS18B20_Read_Byte &rArr; DS18B20_Read_Bit
</UL>
<BR>[Calls]<UL><LI><a href="#[98]">&gt;&gt;</a>&nbsp;&nbsp;&nbsp;DS18B20_Read_Bit
</UL>
<BR>[Called By]<UL><LI><a href="#[8e]">&gt;&gt;</a>&nbsp;&nbsp;&nbsp;DS18B20_Get_Temp
</UL>

<P><STRONG><a name="[90]"></a>DS18B20_Rst</STRONG> (Thumb, 54 bytes, Stack size 8 bytes, ds18b20.o(i.DS18B20_Rst))
<BR><BR>[Stack]<UL><LI>Max Depth = 8<LI>Call Chain = DS18B20_Rst
</UL>
<BR>[Calls]<UL><LI><a href="#[8d]">&gt;&gt;</a>&nbsp;&nbsp;&nbsp;delay_us
</UL>
<BR>[Called By]<UL><LI><a href="#[8e]">&gt;&gt;</a>&nbsp;&nbsp;&nbsp;DS18B20_Get_Temp
<LI><a href="#[97]">&gt;&gt;</a>&nbsp;&nbsp;&nbsp;DS18B20_Init
<LI><a href="#[8f]">&gt;&gt;</a>&nbsp;&nbsp;&nbsp;DS18B20_Start
</UL>

<P><STRONG><a name="[8f]"></a>DS18B20_Start</STRONG> (Thumb, 24 bytes, Stack size 8 bytes, ds18b20.o(i.DS18B20_Start))
<BR><BR>[Stack]<UL><LI>Max Depth = 24<LI>Call Chain = DS18B20_Start &rArr; DS18B20_Write_Byte
</UL>
<BR>[Calls]<UL><LI><a href="#[91]">&gt;&gt;</a>&nbsp;&nbsp;&nbsp;DS18B20_Write_Byte
<LI><a href="#[90]">&gt;&gt;</a>&nbsp;&nbsp;&nbsp;DS18B20_Rst
<LI><a href="#[8c]">&gt;&gt;</a>&nbsp;&nbsp;&nbsp;DS18B20_Check
</UL>
<BR>[Called By]<UL><LI><a href="#[8e]">&gt;&gt;</a>&nbsp;&nbsp;&nbsp;DS18B20_Get_Temp
</UL>

<P><STRONG><a name="[91]"></a>DS18B20_Write_Byte</STRONG> (Thumb, 102 bytes, Stack size 16 bytes, ds18b20.o(i.DS18B20_Write_Byte))
<BR><BR>[Stack]<UL><LI>Max Depth = 16<LI>Call Chain = DS18B20_Write_Byte
</UL>
<BR>[Calls]<UL><LI><a href="#[8d]">&gt;&gt;</a>&nbsp;&nbsp;&nbsp;delay_us
</UL>
<BR>[Called By]<UL><LI><a href="#[8e]">&gt;&gt;</a>&nbsp;&nbsp;&nbsp;DS18B20_Get_Temp
<LI><a href="#[8f]">&gt;&gt;</a>&nbsp;&nbsp;&nbsp;DS18B20_Start
</UL>

<P><STRONG><a name="[b2]"></a>Date_Set</STRONG> (Thumb, 204 bytes, Stack size 12 bytes, clock-set.o(i.Date_Set))
<BR><BR>[Stack]<UL><LI>Max Depth = 12<LI>Call Chain = Date_Set
</UL>
<BR>[Called By]<UL><LI><a href="#[b0]">&gt;&gt;</a>&nbsp;&nbsp;&nbsp;Menu_Date_Set
</UL>

<P><STRONG><a name="[da]"></a>Date_Update</STRONG> (Thumb, 166 bytes, Stack size 0 bytes, clock.o(i.Date_Update))
<BR><BR>[Called By]<UL><LI><a href="#[44]">&gt;&gt;</a>&nbsp;&nbsp;&nbsp;TIM6_IRQHandler
</UL>

<P><STRONG><a name="[b]"></a>DebugMon_Handler</STRONG> (Thumb, 2 bytes, Stack size 0 bytes, stm32f10x_it.o(i.DebugMon_Handler))
<BR>[Address Reference Count : 1]<UL><LI> startup_stm32f10x_hd.o(RESET)
</UL>
<P><STRONG><a name="[73]"></a>GPIO_Init</STRONG> (Thumb, 278 bytes, Stack size 24 bytes, stm32f10x_gpio.o(i.GPIO_Init))
<BR><BR>[Stack]<UL><LI>Max Depth = 24<LI>Call Chain = GPIO_Init
</UL>
<BR>[Called By]<UL><LI><a href="#[c9]">&gt;&gt;</a>&nbsp;&nbsp;&nbsp;SPEAK_Init
<LI><a href="#[bb]">&gt;&gt;</a>&nbsp;&nbsp;&nbsp;OLED_Init
<LI><a href="#[a7]">&gt;&gt;</a>&nbsp;&nbsp;&nbsp;LED_Init
<LI><a href="#[a6]">&gt;&gt;</a>&nbsp;&nbsp;&nbsp;KEY_Init
<LI><a href="#[9f]">&gt;&gt;</a>&nbsp;&nbsp;&nbsp;KEY4x4_Init
<LI><a href="#[9a]">&gt;&gt;</a>&nbsp;&nbsp;&nbsp;HCSR501_Init
<LI><a href="#[74]">&gt;&gt;</a>&nbsp;&nbsp;&nbsp;CLED_Init
<LI><a href="#[71]">&gt;&gt;</a>&nbsp;&nbsp;&nbsp;BEEP_Init
<LI><a href="#[e9]">&gt;&gt;</a>&nbsp;&nbsp;&nbsp;uart_init
<LI><a href="#[c6]">&gt;&gt;</a>&nbsp;&nbsp;&nbsp;SPI1_Init
</UL>

<P><STRONG><a name="[ca]"></a>GPIO_ReadInputDataBit</STRONG> (Thumb, 18 bytes, Stack size 0 bytes, stm32f10x_gpio.o(i.GPIO_ReadInputDataBit))
<BR><BR>[Called By]<UL><LI><a href="#[c8]">&gt;&gt;</a>&nbsp;&nbsp;&nbsp;SPI_RC522_ReadByte
</UL>

<P><STRONG><a name="[9c]"></a>GPIO_ResetBits</STRONG> (Thumb, 4 bytes, Stack size 0 bytes, stm32f10x_gpio.o(i.GPIO_ResetBits))
<BR><BR>[Called By]<UL><LI><a href="#[c9]">&gt;&gt;</a>&nbsp;&nbsp;&nbsp;SPEAK_Init
<LI><a href="#[a7]">&gt;&gt;</a>&nbsp;&nbsp;&nbsp;LED_Init
<LI><a href="#[84]">&gt;&gt;</a>&nbsp;&nbsp;&nbsp;WriteRawRC
<LI><a href="#[c7]">&gt;&gt;</a>&nbsp;&nbsp;&nbsp;SPI_RC522_SendByte
<LI><a href="#[c8]">&gt;&gt;</a>&nbsp;&nbsp;&nbsp;SPI_RC522_ReadByte
<LI><a href="#[83]">&gt;&gt;</a>&nbsp;&nbsp;&nbsp;ReadRawRC
<LI><a href="#[c4]">&gt;&gt;</a>&nbsp;&nbsp;&nbsp;PcdReset
<LI><a href="#[e3]">&gt;&gt;</a>&nbsp;&nbsp;&nbsp;Write_IIC_Byte
<LI><a href="#[9e]">&gt;&gt;</a>&nbsp;&nbsp;&nbsp;IIC_Wait_Ack
<LI><a href="#[9d]">&gt;&gt;</a>&nbsp;&nbsp;&nbsp;IIC_Stop
<LI><a href="#[9b]">&gt;&gt;</a>&nbsp;&nbsp;&nbsp;IIC_Start
</UL>

<P><STRONG><a name="[75]"></a>GPIO_SetBits</STRONG> (Thumb, 4 bytes, Stack size 0 bytes, stm32f10x_gpio.o(i.GPIO_SetBits))
<BR><BR>[Called By]<UL><LI><a href="#[c5]">&gt;&gt;</a>&nbsp;&nbsp;&nbsp;RC522_Init
<LI><a href="#[bb]">&gt;&gt;</a>&nbsp;&nbsp;&nbsp;OLED_Init
<LI><a href="#[74]">&gt;&gt;</a>&nbsp;&nbsp;&nbsp;CLED_Init
<LI><a href="#[84]">&gt;&gt;</a>&nbsp;&nbsp;&nbsp;WriteRawRC
<LI><a href="#[c7]">&gt;&gt;</a>&nbsp;&nbsp;&nbsp;SPI_RC522_SendByte
<LI><a href="#[c8]">&gt;&gt;</a>&nbsp;&nbsp;&nbsp;SPI_RC522_ReadByte
<LI><a href="#[83]">&gt;&gt;</a>&nbsp;&nbsp;&nbsp;ReadRawRC
<LI><a href="#[c4]">&gt;&gt;</a>&nbsp;&nbsp;&nbsp;PcdReset
<LI><a href="#[e3]">&gt;&gt;</a>&nbsp;&nbsp;&nbsp;Write_IIC_Byte
<LI><a href="#[9e]">&gt;&gt;</a>&nbsp;&nbsp;&nbsp;IIC_Wait_Ack
<LI><a href="#[9d]">&gt;&gt;</a>&nbsp;&nbsp;&nbsp;IIC_Stop
<LI><a href="#[9b]">&gt;&gt;</a>&nbsp;&nbsp;&nbsp;IIC_Start
</UL>

<P><STRONG><a name="[9a]"></a>HCSR501_Init</STRONG> (Thumb, 32 bytes, Stack size 8 bytes, hc-sr501.o(i.HCSR501_Init))
<BR><BR>[Stack]<UL><LI>Max Depth = 32<LI>Call Chain = HCSR501_Init &rArr; GPIO_Init
</UL>
<BR>[Calls]<UL><LI><a href="#[72]">&gt;&gt;</a>&nbsp;&nbsp;&nbsp;RCC_APB2PeriphClockCmd
<LI><a href="#[73]">&gt;&gt;</a>&nbsp;&nbsp;&nbsp;GPIO_Init
</UL>
<BR>[Called By]<UL><LI><a href="#[5b]">&gt;&gt;</a>&nbsp;&nbsp;&nbsp;main
</UL>

<P><STRONG><a name="[db]"></a>HW_LED_StateFlag</STRONG> (Thumb, 48 bytes, Stack size 0 bytes, led.o(i.HW_LED_StateFlag))
<BR><BR>[Called By]<UL><LI><a href="#[44]">&gt;&gt;</a>&nbsp;&nbsp;&nbsp;TIM6_IRQHandler
</UL>

<P><STRONG><a name="[6]"></a>HardFault_Handler</STRONG> (Thumb, 4 bytes, Stack size 0 bytes, stm32f10x_it.o(i.HardFault_Handler))
<BR>[Address Reference Count : 1]<UL><LI> startup_stm32f10x_hd.o(RESET)
</UL>
<P><STRONG><a name="[9b]"></a>IIC_Start</STRONG> (Thumb, 44 bytes, Stack size 8 bytes, oled.o(i.IIC_Start))
<BR><BR>[Stack]<UL><LI>Max Depth = 8<LI>Call Chain = IIC_Start
</UL>
<BR>[Calls]<UL><LI><a href="#[9c]">&gt;&gt;</a>&nbsp;&nbsp;&nbsp;GPIO_ResetBits
<LI><a href="#[75]">&gt;&gt;</a>&nbsp;&nbsp;&nbsp;GPIO_SetBits
</UL>
<BR>[Called By]<UL><LI><a href="#[bf]">&gt;&gt;</a>&nbsp;&nbsp;&nbsp;Write_IIC_Data
<LI><a href="#[c0]">&gt;&gt;</a>&nbsp;&nbsp;&nbsp;Write_IIC_Command
</UL>

<P><STRONG><a name="[9d]"></a>IIC_Stop</STRONG> (Thumb, 34 bytes, Stack size 8 bytes, oled.o(i.IIC_Stop))
<BR><BR>[Stack]<UL><LI>Max Depth = 8<LI>Call Chain = IIC_Stop
</UL>
<BR>[Calls]<UL><LI><a href="#[9c]">&gt;&gt;</a>&nbsp;&nbsp;&nbsp;GPIO_ResetBits
<LI><a href="#[75]">&gt;&gt;</a>&nbsp;&nbsp;&nbsp;GPIO_SetBits
</UL>
<BR>[Called By]<UL><LI><a href="#[bf]">&gt;&gt;</a>&nbsp;&nbsp;&nbsp;Write_IIC_Data
<LI><a href="#[c0]">&gt;&gt;</a>&nbsp;&nbsp;&nbsp;Write_IIC_Command
</UL>

<P><STRONG><a name="[9e]"></a>IIC_Wait_Ack</STRONG> (Thumb, 24 bytes, Stack size 8 bytes, oled.o(i.IIC_Wait_Ack))
<BR><BR>[Stack]<UL><LI>Max Depth = 8<LI>Call Chain = IIC_Wait_Ack
</UL>
<BR>[Calls]<UL><LI><a href="#[9c]">&gt;&gt;</a>&nbsp;&nbsp;&nbsp;GPIO_ResetBits
<LI><a href="#[75]">&gt;&gt;</a>&nbsp;&nbsp;&nbsp;GPIO_SetBits
</UL>
<BR>[Called By]<UL><LI><a href="#[bf]">&gt;&gt;</a>&nbsp;&nbsp;&nbsp;Write_IIC_Data
<LI><a href="#[c0]">&gt;&gt;</a>&nbsp;&nbsp;&nbsp;Write_IIC_Command
</UL>

<P><STRONG><a name="[9f]"></a>KEY4x4_Init</STRONG> (Thumb, 62 bytes, Stack size 8 bytes, key4x4.o(i.KEY4x4_Init))
<BR><BR>[Stack]<UL><LI>Max Depth = 32<LI>Call Chain = KEY4x4_Init &rArr; GPIO_Init
</UL>
<BR>[Calls]<UL><LI><a href="#[72]">&gt;&gt;</a>&nbsp;&nbsp;&nbsp;RCC_APB2PeriphClockCmd
<LI><a href="#[73]">&gt;&gt;</a>&nbsp;&nbsp;&nbsp;GPIO_Init
</UL>
<BR>[Called By]<UL><LI><a href="#[5b]">&gt;&gt;</a>&nbsp;&nbsp;&nbsp;main
</UL>

<P><STRONG><a name="[a0]"></a>KEY4x4_Scan</STRONG> (Thumb, 160 bytes, Stack size 16 bytes, key4x4.o(i.KEY4x4_Scan))
<BR><BR>[Stack]<UL><LI>Max Depth = 144 + Unknown Stack Size
<LI>Call Chain = KEY4x4_Scan &rArr; __2printf &rArr; _printf_char_file &rArr; _printf_char_common &rArr; __printf
</UL>
<BR>[Calls]<UL><LI><a href="#[a1]">&gt;&gt;</a>&nbsp;&nbsp;&nbsp;KEY_ALL_Pull_Down
<LI><a href="#[7b]">&gt;&gt;</a>&nbsp;&nbsp;&nbsp;delay_ms
<LI><a href="#[61]">&gt;&gt;</a>&nbsp;&nbsp;&nbsp;__2printf
</UL>
<BR>[Called By]<UL><LI><a href="#[cf]">&gt;&gt;</a>&nbsp;&nbsp;&nbsp;Show_AlarmTime
<LI><a href="#[d1]">&gt;&gt;</a>&nbsp;&nbsp;&nbsp;Show_Menu
<LI><a href="#[ce]">&gt;&gt;</a>&nbsp;&nbsp;&nbsp;Set_Alarm_Switch
<LI><a href="#[cd]">&gt;&gt;</a>&nbsp;&nbsp;&nbsp;Set_Alarm_Choose
<LI><a href="#[af]">&gt;&gt;</a>&nbsp;&nbsp;&nbsp;Show_ChildMenu_Alarm
<LI><a href="#[b3]">&gt;&gt;</a>&nbsp;&nbsp;&nbsp;Show_ChildMenu
<LI><a href="#[b4]">&gt;&gt;</a>&nbsp;&nbsp;&nbsp;Menu_Time_Set
<LI><a href="#[b0]">&gt;&gt;</a>&nbsp;&nbsp;&nbsp;Menu_Date_Set
<LI><a href="#[aa]">&gt;&gt;</a>&nbsp;&nbsp;&nbsp;Menu_Alarm_Set
<LI><a href="#[a5]">&gt;&gt;</a>&nbsp;&nbsp;&nbsp;Show_Home
<LI><a href="#[a2]">&gt;&gt;</a>&nbsp;&nbsp;&nbsp;KEY4x4_gets
</UL>

<P><STRONG><a name="[a6]"></a>KEY_Init</STRONG> (Thumb, 52 bytes, Stack size 8 bytes, key.o(i.KEY_Init))
<BR><BR>[Stack]<UL><LI>Max Depth = 32<LI>Call Chain = KEY_Init &rArr; GPIO_Init
</UL>
<BR>[Calls]<UL><LI><a href="#[72]">&gt;&gt;</a>&nbsp;&nbsp;&nbsp;RCC_APB2PeriphClockCmd
<LI><a href="#[73]">&gt;&gt;</a>&nbsp;&nbsp;&nbsp;GPIO_Init
</UL>
<BR>[Called By]<UL><LI><a href="#[5b]">&gt;&gt;</a>&nbsp;&nbsp;&nbsp;main
</UL>

<P><STRONG><a name="[7e]"></a>KEY_Scan</STRONG> (Thumb, 120 bytes, Stack size 8 bytes, key.o(i.KEY_Scan))
<BR><BR>[Stack]<UL><LI>Max Depth = 8<LI>Call Chain = KEY_Scan
</UL>
<BR>[Calls]<UL><LI><a href="#[7b]">&gt;&gt;</a>&nbsp;&nbsp;&nbsp;delay_ms
</UL>
<BR>[Called By]<UL><LI><a href="#[81]">&gt;&gt;</a>&nbsp;&nbsp;&nbsp;Key_Switch
<LI><a href="#[76]">&gt;&gt;</a>&nbsp;&nbsp;&nbsp;CLOSE_Alarm_System
</UL>

<P><STRONG><a name="[81]"></a>Key_Switch</STRONG> (Thumb, 82 bytes, Stack size 8 bytes, sys-alarm.o(i.Key_Switch))
<BR><BR>[Stack]<UL><LI>Max Depth = 184<LI>Call Chain = Key_Switch &rArr; CLOSE_Alarm_System &rArr;  Key_Switch (Cycle)
</UL>
<BR>[Calls]<UL><LI><a href="#[7e]">&gt;&gt;</a>&nbsp;&nbsp;&nbsp;KEY_Scan
<LI><a href="#[76]">&gt;&gt;</a>&nbsp;&nbsp;&nbsp;CLOSE_Alarm_System
</UL>
<BR>[Called By]<UL><LI><a href="#[a5]">&gt;&gt;</a>&nbsp;&nbsp;&nbsp;Show_Home
<LI><a href="#[76]">&gt;&gt;</a>&nbsp;&nbsp;&nbsp;CLOSE_Alarm_System
</UL>

<P><STRONG><a name="[a7]"></a>LED_Init</STRONG> (Thumb, 96 bytes, Stack size 8 bytes, led.o(i.LED_Init))
<BR><BR>[Stack]<UL><LI>Max Depth = 32<LI>Call Chain = LED_Init &rArr; GPIO_Init
</UL>
<BR>[Calls]<UL><LI><a href="#[9c]">&gt;&gt;</a>&nbsp;&nbsp;&nbsp;GPIO_ResetBits
<LI><a href="#[72]">&gt;&gt;</a>&nbsp;&nbsp;&nbsp;RCC_APB2PeriphClockCmd
<LI><a href="#[73]">&gt;&gt;</a>&nbsp;&nbsp;&nbsp;GPIO_Init
</UL>
<BR>[Called By]<UL><LI><a href="#[5b]">&gt;&gt;</a>&nbsp;&nbsp;&nbsp;main
</UL>

<P><STRONG><a name="[7d]"></a>LED_Switch</STRONG> (Thumb, 50 bytes, Stack size 0 bytes, sys-alarm.o(i.LED_Switch))
<BR><BR>[Called By]<UL><LI><a href="#[76]">&gt;&gt;</a>&nbsp;&nbsp;&nbsp;CLOSE_Alarm_System
</UL>

<P><STRONG><a name="[a8]"></a>M500PcdConfigISOType</STRONG> (Thumb, 84 bytes, Stack size 8 bytes, rc522.o(i.M500PcdConfigISOType))
<BR><BR>[Stack]<UL><LI>Max Depth = 64<LI>Call Chain = M500PcdConfigISOType &rArr; PcdAntennaOn &rArr; SetBitMask &rArr; WriteRawRC &rArr; SPI_RC522_SendByte
</UL>
<BR>[Calls]<UL><LI><a href="#[8d]">&gt;&gt;</a>&nbsp;&nbsp;&nbsp;delay_us
<LI><a href="#[84]">&gt;&gt;</a>&nbsp;&nbsp;&nbsp;WriteRawRC
<LI><a href="#[a9]">&gt;&gt;</a>&nbsp;&nbsp;&nbsp;PcdAntennaOn
<LI><a href="#[82]">&gt;&gt;</a>&nbsp;&nbsp;&nbsp;ClearBitMask
</UL>
<BR>[Called By]<UL><LI><a href="#[c5]">&gt;&gt;</a>&nbsp;&nbsp;&nbsp;RC522_Init
</UL>

<P><STRONG><a name="[7]"></a>MemManage_Handler</STRONG> (Thumb, 4 bytes, Stack size 0 bytes, stm32f10x_it.o(i.MemManage_Handler))
<BR>[Address Reference Count : 1]<UL><LI> startup_stm32f10x_hd.o(RESET)
</UL>
<P><STRONG><a name="[aa]"></a>Menu_Alarm_Set</STRONG> (Thumb, 368 bytes, Stack size 16 bytes, clock-set.o(i.Menu_Alarm_Set))
<BR><BR>[Stack]<UL><LI>Max Depth = 248 + Unknown Stack Size
 + In Cycle
<LI>Call Chain = Menu_Alarm_Set &rArr;  Show_ChildMenu_Alarm (Cycle)
</UL>
<BR>[Calls]<UL><LI><a href="#[af]">&gt;&gt;</a>&nbsp;&nbsp;&nbsp;Show_ChildMenu_Alarm
<LI><a href="#[ab]">&gt;&gt;</a>&nbsp;&nbsp;&nbsp;Show_Alarm
<LI><a href="#[ad]">&gt;&gt;</a>&nbsp;&nbsp;&nbsp;Alarm_Set
<LI><a href="#[79]">&gt;&gt;</a>&nbsp;&nbsp;&nbsp;OLED_ShowString
<LI><a href="#[ae]">&gt;&gt;</a>&nbsp;&nbsp;&nbsp;OLED_Clear8x8
<LI><a href="#[ac]">&gt;&gt;</a>&nbsp;&nbsp;&nbsp;Move_Point
<LI><a href="#[a0]">&gt;&gt;</a>&nbsp;&nbsp;&nbsp;KEY4x4_Scan
<LI><a href="#[a5]">&gt;&gt;</a>&nbsp;&nbsp;&nbsp;Show_Home
<LI><a href="#[77]">&gt;&gt;</a>&nbsp;&nbsp;&nbsp;OLED_Clear
<LI><a href="#[7b]">&gt;&gt;</a>&nbsp;&nbsp;&nbsp;delay_ms
<LI><a href="#[61]">&gt;&gt;</a>&nbsp;&nbsp;&nbsp;__2printf
</UL>
<BR>[Called By]<UL><LI><a href="#[af]">&gt;&gt;</a>&nbsp;&nbsp;&nbsp;Show_ChildMenu_Alarm
</UL>

<P><STRONG><a name="[b0]"></a>Menu_Date_Set</STRONG> (Thumb, 308 bytes, Stack size 16 bytes, clock-set.o(i.Menu_Date_Set))
<BR><BR>[Stack]<UL><LI>Max Depth = 248 + Unknown Stack Size
 + In Cycle
<LI>Call Chain = Menu_Date_Set &rArr;  Show_ChildMenu (Cycle)
</UL>
<BR>[Calls]<UL><LI><a href="#[b1]">&gt;&gt;</a>&nbsp;&nbsp;&nbsp;Show_Date
<LI><a href="#[b3]">&gt;&gt;</a>&nbsp;&nbsp;&nbsp;Show_ChildMenu
<LI><a href="#[b2]">&gt;&gt;</a>&nbsp;&nbsp;&nbsp;Date_Set
<LI><a href="#[79]">&gt;&gt;</a>&nbsp;&nbsp;&nbsp;OLED_ShowString
<LI><a href="#[ae]">&gt;&gt;</a>&nbsp;&nbsp;&nbsp;OLED_Clear8x8
<LI><a href="#[ac]">&gt;&gt;</a>&nbsp;&nbsp;&nbsp;Move_Point
<LI><a href="#[a0]">&gt;&gt;</a>&nbsp;&nbsp;&nbsp;KEY4x4_Scan
<LI><a href="#[a5]">&gt;&gt;</a>&nbsp;&nbsp;&nbsp;Show_Home
<LI><a href="#[77]">&gt;&gt;</a>&nbsp;&nbsp;&nbsp;OLED_Clear
<LI><a href="#[7b]">&gt;&gt;</a>&nbsp;&nbsp;&nbsp;delay_ms
<LI><a href="#[61]">&gt;&gt;</a>&nbsp;&nbsp;&nbsp;__2printf
</UL>
<BR>[Called By]<UL><LI><a href="#[b3]">&gt;&gt;</a>&nbsp;&nbsp;&nbsp;Show_ChildMenu
</UL>

<P><STRONG><a name="[b4]"></a>Menu_Time_Set</STRONG> (Thumb, 332 bytes, Stack size 16 bytes, clock-set.o(i.Menu_Time_Set))
<BR><BR>[Stack]<UL><LI>Max Depth = 248 + Unknown Stack Size
 + In Cycle
<LI>Call Chain = Menu_Time_Set &rArr;  Show_ChildMenu (Cycle)
</UL>
<BR>[Calls]<UL><LI><a href="#[b5]">&gt;&gt;</a>&nbsp;&nbsp;&nbsp;Show_Time
<LI><a href="#[b3]">&gt;&gt;</a>&nbsp;&nbsp;&nbsp;Show_ChildMenu
<LI><a href="#[b6]">&gt;&gt;</a>&nbsp;&nbsp;&nbsp;Time_Set
<LI><a href="#[79]">&gt;&gt;</a>&nbsp;&nbsp;&nbsp;OLED_ShowString
<LI><a href="#[ae]">&gt;&gt;</a>&nbsp;&nbsp;&nbsp;OLED_Clear8x8
<LI><a href="#[ac]">&gt;&gt;</a>&nbsp;&nbsp;&nbsp;Move_Point
<LI><a href="#[7c]">&gt;&gt;</a>&nbsp;&nbsp;&nbsp;TIM_Cmd
<LI><a href="#[a0]">&gt;&gt;</a>&nbsp;&nbsp;&nbsp;KEY4x4_Scan
<LI><a href="#[a5]">&gt;&gt;</a>&nbsp;&nbsp;&nbsp;Show_Home
<LI><a href="#[77]">&gt;&gt;</a>&nbsp;&nbsp;&nbsp;OLED_Clear
<LI><a href="#[7b]">&gt;&gt;</a>&nbsp;&nbsp;&nbsp;delay_ms
<LI><a href="#[61]">&gt;&gt;</a>&nbsp;&nbsp;&nbsp;__2printf
</UL>
<BR>[Called By]<UL><LI><a href="#[b3]">&gt;&gt;</a>&nbsp;&nbsp;&nbsp;Show_ChildMenu
</UL>

<P><STRONG><a name="[b7]"></a>Move_Menu_Point</STRONG> (Thumb, 110 bytes, Stack size 24 bytes, clock.o(i.Move_Menu_Point))
<BR><BR>[Stack]<UL><LI>Max Depth = 144<LI>Call Chain = Move_Menu_Point &rArr; OLED_Clear8x8 &rArr; OLED_ShowCHinese8x8 &rArr; OLED_Set_Pos &rArr; OLED_WR_Byte &rArr; Write_IIC_Data &rArr; Write_IIC_Byte
</UL>
<BR>[Calls]<UL><LI><a href="#[b8]">&gt;&gt;</a>&nbsp;&nbsp;&nbsp;OLED_ShowCHinese8x8
<LI><a href="#[78]">&gt;&gt;</a>&nbsp;&nbsp;&nbsp;OLED_ShowCHinese
<LI><a href="#[ae]">&gt;&gt;</a>&nbsp;&nbsp;&nbsp;OLED_Clear8x8
</UL>
<BR>[Called By]<UL><LI><a href="#[d1]">&gt;&gt;</a>&nbsp;&nbsp;&nbsp;Show_Menu
<LI><a href="#[d2]">&gt;&gt;</a>&nbsp;&nbsp;&nbsp;Show_Chinese
<LI><a href="#[af]">&gt;&gt;</a>&nbsp;&nbsp;&nbsp;Show_ChildMenu_Alarm
<LI><a href="#[b3]">&gt;&gt;</a>&nbsp;&nbsp;&nbsp;Show_ChildMenu
</UL>

<P><STRONG><a name="[ac]"></a>Move_Point</STRONG> (Thumb, 90 bytes, Stack size 112 bytes, clock.o(i.Move_Point))
<BR><BR>[Stack]<UL><LI>Max Depth = 232<LI>Call Chain = Move_Point &rArr; OLED_ShowString &rArr; OLED_ShowChar &rArr; OLED_Set_Pos &rArr; OLED_WR_Byte &rArr; Write_IIC_Data &rArr; Write_IIC_Byte
</UL>
<BR>[Calls]<UL><LI><a href="#[79]">&gt;&gt;</a>&nbsp;&nbsp;&nbsp;OLED_ShowString
<LI><a href="#[ae]">&gt;&gt;</a>&nbsp;&nbsp;&nbsp;OLED_Clear8x8
<LI><a href="#[b9]">&gt;&gt;</a>&nbsp;&nbsp;&nbsp;__aeabi_memcpy4
</UL>
<BR>[Called By]<UL><LI><a href="#[b4]">&gt;&gt;</a>&nbsp;&nbsp;&nbsp;Menu_Time_Set
<LI><a href="#[b0]">&gt;&gt;</a>&nbsp;&nbsp;&nbsp;Menu_Date_Set
<LI><a href="#[aa]">&gt;&gt;</a>&nbsp;&nbsp;&nbsp;Menu_Alarm_Set
</UL>

<P><STRONG><a name="[5]"></a>NMI_Handler</STRONG> (Thumb, 2 bytes, Stack size 0 bytes, stm32f10x_it.o(i.NMI_Handler))
<BR>[Address Reference Count : 1]<UL><LI> startup_stm32f10x_hd.o(RESET)
</UL>
<P><STRONG><a name="[d8]"></a>NVIC_Init</STRONG> (Thumb, 100 bytes, Stack size 16 bytes, misc.o(i.NVIC_Init))
<BR><BR>[Stack]<UL><LI>Max Depth = 16<LI>Call Chain = NVIC_Init
</UL>
<BR>[Called By]<UL><LI><a href="#[8b]">&gt;&gt;</a>&nbsp;&nbsp;&nbsp;clock_NVIC
<LI><a href="#[d7]">&gt;&gt;</a>&nbsp;&nbsp;&nbsp;TIM3_Int_Init
<LI><a href="#[e9]">&gt;&gt;</a>&nbsp;&nbsp;&nbsp;uart_init
</UL>

<P><STRONG><a name="[e6]"></a>NVIC_PriorityGroupConfig</STRONG> (Thumb, 10 bytes, Stack size 0 bytes, misc.o(i.NVIC_PriorityGroupConfig))
<BR><BR>[Called By]<UL><LI><a href="#[8b]">&gt;&gt;</a>&nbsp;&nbsp;&nbsp;clock_NVIC
</UL>

<P><STRONG><a name="[77]"></a>OLED_Clear</STRONG> (Thumb, 64 bytes, Stack size 16 bytes, oled.o(i.OLED_Clear))
<BR><BR>[Stack]<UL><LI>Max Depth = 64<LI>Call Chain = OLED_Clear &rArr; OLED_WR_Byte &rArr; Write_IIC_Data &rArr; Write_IIC_Byte
</UL>
<BR>[Calls]<UL><LI><a href="#[ba]">&gt;&gt;</a>&nbsp;&nbsp;&nbsp;OLED_WR_Byte
</UL>
<BR>[Called By]<UL><LI><a href="#[d4]">&gt;&gt;</a>&nbsp;&nbsp;&nbsp;User_Password
<LI><a href="#[cf]">&gt;&gt;</a>&nbsp;&nbsp;&nbsp;Show_AlarmTime
<LI><a href="#[d1]">&gt;&gt;</a>&nbsp;&nbsp;&nbsp;Show_Menu
<LI><a href="#[ce]">&gt;&gt;</a>&nbsp;&nbsp;&nbsp;Set_Alarm_Switch
<LI><a href="#[cd]">&gt;&gt;</a>&nbsp;&nbsp;&nbsp;Set_Alarm_Choose
<LI><a href="#[af]">&gt;&gt;</a>&nbsp;&nbsp;&nbsp;Show_ChildMenu_Alarm
<LI><a href="#[b3]">&gt;&gt;</a>&nbsp;&nbsp;&nbsp;Show_ChildMenu
<LI><a href="#[b4]">&gt;&gt;</a>&nbsp;&nbsp;&nbsp;Menu_Time_Set
<LI><a href="#[b0]">&gt;&gt;</a>&nbsp;&nbsp;&nbsp;Menu_Date_Set
<LI><a href="#[aa]">&gt;&gt;</a>&nbsp;&nbsp;&nbsp;Menu_Alarm_Set
<LI><a href="#[a5]">&gt;&gt;</a>&nbsp;&nbsp;&nbsp;Show_Home
<LI><a href="#[5b]">&gt;&gt;</a>&nbsp;&nbsp;&nbsp;main
<LI><a href="#[7f]">&gt;&gt;</a>&nbsp;&nbsp;&nbsp;OPEN_Alarm_System
<LI><a href="#[76]">&gt;&gt;</a>&nbsp;&nbsp;&nbsp;CLOSE_Alarm_System
<LI><a href="#[a2]">&gt;&gt;</a>&nbsp;&nbsp;&nbsp;KEY4x4_gets
</UL>

<P><STRONG><a name="[ae]"></a>OLED_Clear8x8</STRONG> (Thumb, 104 bytes, Stack size 32 bytes, oled.o(i.OLED_Clear8x8))
<BR><BR>[Stack]<UL><LI>Max Depth = 120<LI>Call Chain = OLED_Clear8x8 &rArr; OLED_ShowCHinese8x8 &rArr; OLED_Set_Pos &rArr; OLED_WR_Byte &rArr; Write_IIC_Data &rArr; Write_IIC_Byte
</UL>
<BR>[Calls]<UL><LI><a href="#[b8]">&gt;&gt;</a>&nbsp;&nbsp;&nbsp;OLED_ShowCHinese8x8
</UL>
<BR>[Called By]<UL><LI><a href="#[d4]">&gt;&gt;</a>&nbsp;&nbsp;&nbsp;User_Password
<LI><a href="#[ce]">&gt;&gt;</a>&nbsp;&nbsp;&nbsp;Set_Alarm_Switch
<LI><a href="#[b4]">&gt;&gt;</a>&nbsp;&nbsp;&nbsp;Menu_Time_Set
<LI><a href="#[b0]">&gt;&gt;</a>&nbsp;&nbsp;&nbsp;Menu_Date_Set
<LI><a href="#[aa]">&gt;&gt;</a>&nbsp;&nbsp;&nbsp;Menu_Alarm_Set
<LI><a href="#[ac]">&gt;&gt;</a>&nbsp;&nbsp;&nbsp;Move_Point
<LI><a href="#[b7]">&gt;&gt;</a>&nbsp;&nbsp;&nbsp;Move_Menu_Point
<LI><a href="#[a4]">&gt;&gt;</a>&nbsp;&nbsp;&nbsp;ShowAndSet_Password
<LI><a href="#[a3]">&gt;&gt;</a>&nbsp;&nbsp;&nbsp;Show_Message
</UL>

<P><STRONG><a name="[bb]"></a>OLED_Init</STRONG> (Thumb, 272 bytes, Stack size 8 bytes, oled.o(i.OLED_Init))
<BR><BR>[Stack]<UL><LI>Max Depth = 56<LI>Call Chain = OLED_Init &rArr; OLED_WR_Byte &rArr; Write_IIC_Data &rArr; Write_IIC_Byte
</UL>
<BR>[Calls]<UL><LI><a href="#[72]">&gt;&gt;</a>&nbsp;&nbsp;&nbsp;RCC_APB2PeriphClockCmd
<LI><a href="#[73]">&gt;&gt;</a>&nbsp;&nbsp;&nbsp;GPIO_Init
<LI><a href="#[7b]">&gt;&gt;</a>&nbsp;&nbsp;&nbsp;delay_ms
<LI><a href="#[75]">&gt;&gt;</a>&nbsp;&nbsp;&nbsp;GPIO_SetBits
<LI><a href="#[ba]">&gt;&gt;</a>&nbsp;&nbsp;&nbsp;OLED_WR_Byte
</UL>
<BR>[Called By]<UL><LI><a href="#[5b]">&gt;&gt;</a>&nbsp;&nbsp;&nbsp;main
</UL>

<P><STRONG><a name="[bc]"></a>OLED_Set_Pos</STRONG> (Thumb, 40 bytes, Stack size 16 bytes, oled.o(i.OLED_Set_Pos))
<BR><BR>[Stack]<UL><LI>Max Depth = 64<LI>Call Chain = OLED_Set_Pos &rArr; OLED_WR_Byte &rArr; Write_IIC_Data &rArr; Write_IIC_Byte
</UL>
<BR>[Calls]<UL><LI><a href="#[ba]">&gt;&gt;</a>&nbsp;&nbsp;&nbsp;OLED_WR_Byte
</UL>
<BR>[Called By]<UL><LI><a href="#[b8]">&gt;&gt;</a>&nbsp;&nbsp;&nbsp;OLED_ShowCHinese8x8
<LI><a href="#[78]">&gt;&gt;</a>&nbsp;&nbsp;&nbsp;OLED_ShowCHinese
<LI><a href="#[bd]">&gt;&gt;</a>&nbsp;&nbsp;&nbsp;OLED_ShowChar
</UL>

<P><STRONG><a name="[78]"></a>OLED_ShowCHinese</STRONG> (Thumb, 98 bytes, Stack size 24 bytes, oled.o(i.OLED_ShowCHinese))
<BR><BR>[Stack]<UL><LI>Max Depth = 88<LI>Call Chain = OLED_ShowCHinese &rArr; OLED_Set_Pos &rArr; OLED_WR_Byte &rArr; Write_IIC_Data &rArr; Write_IIC_Byte
</UL>
<BR>[Calls]<UL><LI><a href="#[ba]">&gt;&gt;</a>&nbsp;&nbsp;&nbsp;OLED_WR_Byte
<LI><a href="#[bc]">&gt;&gt;</a>&nbsp;&nbsp;&nbsp;OLED_Set_Pos
</UL>
<BR>[Called By]<UL><LI><a href="#[cf]">&gt;&gt;</a>&nbsp;&nbsp;&nbsp;Show_AlarmTime
<LI><a href="#[d3]">&gt;&gt;</a>&nbsp;&nbsp;&nbsp;Show_Temp
<LI><a href="#[d1]">&gt;&gt;</a>&nbsp;&nbsp;&nbsp;Show_Menu
<LI><a href="#[d2]">&gt;&gt;</a>&nbsp;&nbsp;&nbsp;Show_Chinese
<LI><a href="#[b3]">&gt;&gt;</a>&nbsp;&nbsp;&nbsp;Show_ChildMenu
<LI><a href="#[b7]">&gt;&gt;</a>&nbsp;&nbsp;&nbsp;Move_Menu_Point
<LI><a href="#[76]">&gt;&gt;</a>&nbsp;&nbsp;&nbsp;CLOSE_Alarm_System
</UL>

<P><STRONG><a name="[b8]"></a>OLED_ShowCHinese8x8</STRONG> (Thumb, 60 bytes, Stack size 24 bytes, oled.o(i.OLED_ShowCHinese8x8))
<BR><BR>[Stack]<UL><LI>Max Depth = 88<LI>Call Chain = OLED_ShowCHinese8x8 &rArr; OLED_Set_Pos &rArr; OLED_WR_Byte &rArr; Write_IIC_Data &rArr; Write_IIC_Byte
</UL>
<BR>[Calls]<UL><LI><a href="#[ba]">&gt;&gt;</a>&nbsp;&nbsp;&nbsp;OLED_WR_Byte
<LI><a href="#[bc]">&gt;&gt;</a>&nbsp;&nbsp;&nbsp;OLED_Set_Pos
</UL>
<BR>[Called By]<UL><LI><a href="#[ae]">&gt;&gt;</a>&nbsp;&nbsp;&nbsp;OLED_Clear8x8
<LI><a href="#[b7]">&gt;&gt;</a>&nbsp;&nbsp;&nbsp;Move_Menu_Point
</UL>

<P><STRONG><a name="[bd]"></a>OLED_ShowChar</STRONG> (Thumb, 154 bytes, Stack size 32 bytes, oled.o(i.OLED_ShowChar))
<BR><BR>[Stack]<UL><LI>Max Depth = 96<LI>Call Chain = OLED_ShowChar &rArr; OLED_Set_Pos &rArr; OLED_WR_Byte &rArr; Write_IIC_Data &rArr; Write_IIC_Byte
</UL>
<BR>[Calls]<UL><LI><a href="#[ba]">&gt;&gt;</a>&nbsp;&nbsp;&nbsp;OLED_WR_Byte
<LI><a href="#[bc]">&gt;&gt;</a>&nbsp;&nbsp;&nbsp;OLED_Set_Pos
</UL>
<BR>[Called By]<UL><LI><a href="#[80]">&gt;&gt;</a>&nbsp;&nbsp;&nbsp;OLED_ShowNum
<LI><a href="#[79]">&gt;&gt;</a>&nbsp;&nbsp;&nbsp;OLED_ShowString
</UL>

<P><STRONG><a name="[80]"></a>OLED_ShowNum</STRONG> (Thumb, 136 bytes, Stack size 56 bytes, oled.o(i.OLED_ShowNum))
<BR><BR>[Stack]<UL><LI>Max Depth = 152<LI>Call Chain = OLED_ShowNum &rArr; OLED_ShowChar &rArr; OLED_Set_Pos &rArr; OLED_WR_Byte &rArr; Write_IIC_Data &rArr; Write_IIC_Byte
</UL>
<BR>[Calls]<UL><LI><a href="#[be]">&gt;&gt;</a>&nbsp;&nbsp;&nbsp;oled_pow
<LI><a href="#[bd]">&gt;&gt;</a>&nbsp;&nbsp;&nbsp;OLED_ShowChar
</UL>
<BR>[Called By]<UL><LI><a href="#[cf]">&gt;&gt;</a>&nbsp;&nbsp;&nbsp;Show_AlarmTime
<LI><a href="#[d3]">&gt;&gt;</a>&nbsp;&nbsp;&nbsp;Show_Temp
<LI><a href="#[cd]">&gt;&gt;</a>&nbsp;&nbsp;&nbsp;Set_Alarm_Choose
<LI><a href="#[b5]">&gt;&gt;</a>&nbsp;&nbsp;&nbsp;Show_Time
<LI><a href="#[b1]">&gt;&gt;</a>&nbsp;&nbsp;&nbsp;Show_Date
<LI><a href="#[af]">&gt;&gt;</a>&nbsp;&nbsp;&nbsp;Show_ChildMenu_Alarm
<LI><a href="#[ab]">&gt;&gt;</a>&nbsp;&nbsp;&nbsp;Show_Alarm
<LI><a href="#[a4]">&gt;&gt;</a>&nbsp;&nbsp;&nbsp;ShowAndSet_Password
<LI><a href="#[76]">&gt;&gt;</a>&nbsp;&nbsp;&nbsp;CLOSE_Alarm_System
<LI><a href="#[d0]">&gt;&gt;</a>&nbsp;&nbsp;&nbsp;Show_Child_AlarmTime
</UL>

<P><STRONG><a name="[79]"></a>OLED_ShowString</STRONG> (Thumb, 58 bytes, Stack size 24 bytes, oled.o(i.OLED_ShowString))
<BR><BR>[Stack]<UL><LI>Max Depth = 120<LI>Call Chain = OLED_ShowString &rArr; OLED_ShowChar &rArr; OLED_Set_Pos &rArr; OLED_WR_Byte &rArr; Write_IIC_Data &rArr; Write_IIC_Byte
</UL>
<BR>[Calls]<UL><LI><a href="#[bd]">&gt;&gt;</a>&nbsp;&nbsp;&nbsp;OLED_ShowChar
</UL>
<BR>[Called By]<UL><LI><a href="#[d4]">&gt;&gt;</a>&nbsp;&nbsp;&nbsp;User_Password
<LI><a href="#[cf]">&gt;&gt;</a>&nbsp;&nbsp;&nbsp;Show_AlarmTime
<LI><a href="#[d1]">&gt;&gt;</a>&nbsp;&nbsp;&nbsp;Show_Menu
<LI><a href="#[d2]">&gt;&gt;</a>&nbsp;&nbsp;&nbsp;Show_Chinese
<LI><a href="#[ce]">&gt;&gt;</a>&nbsp;&nbsp;&nbsp;Set_Alarm_Switch
<LI><a href="#[cd]">&gt;&gt;</a>&nbsp;&nbsp;&nbsp;Set_Alarm_Choose
<LI><a href="#[b5]">&gt;&gt;</a>&nbsp;&nbsp;&nbsp;Show_Time
<LI><a href="#[b1]">&gt;&gt;</a>&nbsp;&nbsp;&nbsp;Show_Date
<LI><a href="#[af]">&gt;&gt;</a>&nbsp;&nbsp;&nbsp;Show_ChildMenu_Alarm
<LI><a href="#[b3]">&gt;&gt;</a>&nbsp;&nbsp;&nbsp;Show_ChildMenu
<LI><a href="#[ab]">&gt;&gt;</a>&nbsp;&nbsp;&nbsp;Show_Alarm
<LI><a href="#[b4]">&gt;&gt;</a>&nbsp;&nbsp;&nbsp;Menu_Time_Set
<LI><a href="#[b0]">&gt;&gt;</a>&nbsp;&nbsp;&nbsp;Menu_Date_Set
<LI><a href="#[aa]">&gt;&gt;</a>&nbsp;&nbsp;&nbsp;Menu_Alarm_Set
<LI><a href="#[ac]">&gt;&gt;</a>&nbsp;&nbsp;&nbsp;Move_Point
<LI><a href="#[76]">&gt;&gt;</a>&nbsp;&nbsp;&nbsp;CLOSE_Alarm_System
<LI><a href="#[a3]">&gt;&gt;</a>&nbsp;&nbsp;&nbsp;Show_Message
<LI><a href="#[d0]">&gt;&gt;</a>&nbsp;&nbsp;&nbsp;Show_Child_AlarmTime
</UL>

<P><STRONG><a name="[ba]"></a>OLED_WR_Byte</STRONG> (Thumb, 24 bytes, Stack size 16 bytes, oled.o(i.OLED_WR_Byte))
<BR><BR>[Stack]<UL><LI>Max Depth = 48<LI>Call Chain = OLED_WR_Byte &rArr; Write_IIC_Data &rArr; Write_IIC_Byte
</UL>
<BR>[Calls]<UL><LI><a href="#[bf]">&gt;&gt;</a>&nbsp;&nbsp;&nbsp;Write_IIC_Data
<LI><a href="#[c0]">&gt;&gt;</a>&nbsp;&nbsp;&nbsp;Write_IIC_Command
</UL>
<BR>[Called By]<UL><LI><a href="#[b8]">&gt;&gt;</a>&nbsp;&nbsp;&nbsp;OLED_ShowCHinese8x8
<LI><a href="#[78]">&gt;&gt;</a>&nbsp;&nbsp;&nbsp;OLED_ShowCHinese
<LI><a href="#[bb]">&gt;&gt;</a>&nbsp;&nbsp;&nbsp;OLED_Init
<LI><a href="#[77]">&gt;&gt;</a>&nbsp;&nbsp;&nbsp;OLED_Clear
<LI><a href="#[bd]">&gt;&gt;</a>&nbsp;&nbsp;&nbsp;OLED_ShowChar
<LI><a href="#[bc]">&gt;&gt;</a>&nbsp;&nbsp;&nbsp;OLED_Set_Pos
</UL>

<P><STRONG><a name="[7f]"></a>OPEN_Alarm_System</STRONG> (Thumb, 34 bytes, Stack size 8 bytes, sys-alarm.o(i.OPEN_Alarm_System))
<BR><BR>[Stack]<UL><LI>Max Depth = 72 + In Cycle
<LI>Call Chain = OPEN_Alarm_System &rArr;  Show_Home (Cycle)
</UL>
<BR>[Calls]<UL><LI><a href="#[7c]">&gt;&gt;</a>&nbsp;&nbsp;&nbsp;TIM_Cmd
<LI><a href="#[a5]">&gt;&gt;</a>&nbsp;&nbsp;&nbsp;Show_Home
<LI><a href="#[77]">&gt;&gt;</a>&nbsp;&nbsp;&nbsp;OLED_Clear
<LI><a href="#[7a]">&gt;&gt;</a>&nbsp;&nbsp;&nbsp;CLED_Color
</UL>
<BR>[Called By]<UL><LI><a href="#[76]">&gt;&gt;</a>&nbsp;&nbsp;&nbsp;CLOSE_Alarm_System
</UL>

<P><STRONG><a name="[a9]"></a>PcdAntennaOn</STRONG> (Thumb, 26 bytes, Stack size 8 bytes, rc522.o(i.PcdAntennaOn))
<BR><BR>[Stack]<UL><LI>Max Depth = 56<LI>Call Chain = PcdAntennaOn &rArr; SetBitMask &rArr; WriteRawRC &rArr; SPI_RC522_SendByte
</UL>
<BR>[Calls]<UL><LI><a href="#[c1]">&gt;&gt;</a>&nbsp;&nbsp;&nbsp;SetBitMask
<LI><a href="#[83]">&gt;&gt;</a>&nbsp;&nbsp;&nbsp;ReadRawRC
</UL>
<BR>[Called By]<UL><LI><a href="#[a8]">&gt;&gt;</a>&nbsp;&nbsp;&nbsp;M500PcdConfigISOType
</UL>

<P><STRONG><a name="[c2]"></a>PcdComMF522</STRONG> (Thumb, 306 bytes, Stack size 48 bytes, rc522.o(i.PcdComMF522))
<BR><BR>[Stack]<UL><LI>Max Depth = 96<LI>Call Chain = PcdComMF522 &rArr; SetBitMask &rArr; WriteRawRC &rArr; SPI_RC522_SendByte
</UL>
<BR>[Calls]<UL><LI><a href="#[84]">&gt;&gt;</a>&nbsp;&nbsp;&nbsp;WriteRawRC
<LI><a href="#[c1]">&gt;&gt;</a>&nbsp;&nbsp;&nbsp;SetBitMask
<LI><a href="#[83]">&gt;&gt;</a>&nbsp;&nbsp;&nbsp;ReadRawRC
<LI><a href="#[82]">&gt;&gt;</a>&nbsp;&nbsp;&nbsp;ClearBitMask
</UL>
<BR>[Called By]<UL><LI><a href="#[c3]">&gt;&gt;</a>&nbsp;&nbsp;&nbsp;PcdRequest
</UL>

<P><STRONG><a name="[c3]"></a>PcdRequest</STRONG> (Thumb, 84 bytes, Stack size 48 bytes, rc522.o(i.PcdRequest))
<BR><BR>[Stack]<UL><LI>Max Depth = 144<LI>Call Chain = PcdRequest &rArr; PcdComMF522 &rArr; SetBitMask &rArr; WriteRawRC &rArr; SPI_RC522_SendByte
</UL>
<BR>[Calls]<UL><LI><a href="#[84]">&gt;&gt;</a>&nbsp;&nbsp;&nbsp;WriteRawRC
<LI><a href="#[c1]">&gt;&gt;</a>&nbsp;&nbsp;&nbsp;SetBitMask
<LI><a href="#[c2]">&gt;&gt;</a>&nbsp;&nbsp;&nbsp;PcdComMF522
<LI><a href="#[82]">&gt;&gt;</a>&nbsp;&nbsp;&nbsp;ClearBitMask
</UL>
<BR>[Called By]<UL><LI><a href="#[6b]">&gt;&gt;</a>&nbsp;&nbsp;&nbsp;RC522_IcCard_Scan
</UL>

<P><STRONG><a name="[c4]"></a>PcdReset</STRONG> (Thumb, 124 bytes, Stack size 8 bytes, rc522.o(i.PcdReset))
<BR><BR>[Stack]<UL><LI>Max Depth = 40<LI>Call Chain = PcdReset &rArr; WriteRawRC &rArr; SPI_RC522_SendByte
</UL>
<BR>[Calls]<UL><LI><a href="#[9c]">&gt;&gt;</a>&nbsp;&nbsp;&nbsp;GPIO_ResetBits
<LI><a href="#[8d]">&gt;&gt;</a>&nbsp;&nbsp;&nbsp;delay_us
<LI><a href="#[84]">&gt;&gt;</a>&nbsp;&nbsp;&nbsp;WriteRawRC
<LI><a href="#[83]">&gt;&gt;</a>&nbsp;&nbsp;&nbsp;ReadRawRC
<LI><a href="#[75]">&gt;&gt;</a>&nbsp;&nbsp;&nbsp;GPIO_SetBits
</UL>
<BR>[Called By]<UL><LI><a href="#[c5]">&gt;&gt;</a>&nbsp;&nbsp;&nbsp;RC522_Init
</UL>

<P><STRONG><a name="[c]"></a>PendSV_Handler</STRONG> (Thumb, 2 bytes, Stack size 0 bytes, stm32f10x_it.o(i.PendSV_Handler))
<BR>[Address Reference Count : 1]<UL><LI> startup_stm32f10x_hd.o(RESET)
</UL>
<P><STRONG><a name="[6b]"></a>RC522_IcCard_Scan</STRONG> (Thumb, 20 bytes, Stack size 8 bytes, rc522.o(i.RC522_IcCard_Scan))
<BR><BR>[Stack]<UL><LI>Max Depth = 152<LI>Call Chain = RC522_IcCard_Scan &rArr; PcdRequest &rArr; PcdComMF522 &rArr; SetBitMask &rArr; WriteRawRC &rArr; SPI_RC522_SendByte
</UL>
<BR>[Calls]<UL><LI><a href="#[c3]">&gt;&gt;</a>&nbsp;&nbsp;&nbsp;PcdRequest
</UL>
<BR>[Called By]<UL><LI><a href="#[d4]">&gt;&gt;</a>&nbsp;&nbsp;&nbsp;User_Password
<LI><a href="#[6a]">&gt;&gt;</a>&nbsp;&nbsp;&nbsp;Alarm_System
</UL>

<P><STRONG><a name="[c5]"></a>RC522_Init</STRONG> (Thumb, 34 bytes, Stack size 8 bytes, rc522.o(i.RC522_Init))
<BR><BR>[Stack]<UL><LI>Max Depth = 72<LI>Call Chain = RC522_Init &rArr; M500PcdConfigISOType &rArr; PcdAntennaOn &rArr; SetBitMask &rArr; WriteRawRC &rArr; SPI_RC522_SendByte
</UL>
<BR>[Calls]<UL><LI><a href="#[c6]">&gt;&gt;</a>&nbsp;&nbsp;&nbsp;SPI1_Init
<LI><a href="#[c4]">&gt;&gt;</a>&nbsp;&nbsp;&nbsp;PcdReset
<LI><a href="#[a8]">&gt;&gt;</a>&nbsp;&nbsp;&nbsp;M500PcdConfigISOType
<LI><a href="#[75]">&gt;&gt;</a>&nbsp;&nbsp;&nbsp;GPIO_SetBits
</UL>
<BR>[Called By]<UL><LI><a href="#[5b]">&gt;&gt;</a>&nbsp;&nbsp;&nbsp;main
</UL>

<P><STRONG><a name="[86]"></a>RCC_APB1PeriphClockCmd</STRONG> (Thumb, 26 bytes, Stack size 0 bytes, stm32f10x_rcc.o(i.RCC_APB1PeriphClockCmd))
<BR><BR>[Called By]<UL><LI><a href="#[d7]">&gt;&gt;</a>&nbsp;&nbsp;&nbsp;TIM3_Int_Init
<LI><a href="#[85]">&gt;&gt;</a>&nbsp;&nbsp;&nbsp;ClockInit
</UL>

<P><STRONG><a name="[dd]"></a>RCC_APB1PeriphResetCmd</STRONG> (Thumb, 26 bytes, Stack size 0 bytes, stm32f10x_rcc.o(i.RCC_APB1PeriphResetCmd))
<BR><BR>[Called By]<UL><LI><a href="#[87]">&gt;&gt;</a>&nbsp;&nbsp;&nbsp;TIM_DeInit
</UL>

<P><STRONG><a name="[72]"></a>RCC_APB2PeriphClockCmd</STRONG> (Thumb, 26 bytes, Stack size 0 bytes, stm32f10x_rcc.o(i.RCC_APB2PeriphClockCmd))
<BR><BR>[Called By]<UL><LI><a href="#[c9]">&gt;&gt;</a>&nbsp;&nbsp;&nbsp;SPEAK_Init
[...]
<BR><BR>[Stack]<UL><LI>Max Depth = 8<LI>Call Chain = Time_Set
</UL>
<BR>[Called By]<UL><LI><a href="#[b4]">&gt;&gt;</a>&nbsp;&nbsp;&nbsp;Menu_Time_Set
</UL>

<P><STRONG><a name="[d9]"></a>Time_Update</STRONG> (Thumb, 104 bytes, Stack size 0 bytes, clock.o(i.Time_Update))
<BR><BR>[Called By]<UL><LI><a href="#[44]">&gt;&gt;</a>&nbsp;&nbsp;&nbsp;TIM6_IRQHandler
</UL>

<P><STRONG><a name="[33]"></a>USART1_IRQHandler</STRONG> (Thumb, 122 bytes, Stack size 8 bytes, usart.o(i.USART1_IRQHandler))
<BR><BR>[Stack]<UL><LI>Max Depth = 24<LI>Call Chain = USART1_IRQHandler &rArr; USART_GetITStatus
</UL>
<BR>[Calls]<UL><LI><a href="#[df]">&gt;&gt;</a>&nbsp;&nbsp;&nbsp;USART_ReceiveData
<LI><a href="#[de]">&gt;&gt;</a>&nbsp;&nbsp;&nbsp;USART_GetITStatus
</UL>
<BR>[Address Reference Count : 1]<UL><LI> startup_stm32f10x_hd.o(RESET)
</UL>
<P><STRONG><a name="[eb]"></a>USART_Cmd</STRONG> (Thumb, 24 bytes, Stack size 0 bytes, stm32f10x_usart.o(i.USART_Cmd))
<BR><BR>[Called By]<UL><LI><a href="#[e9]">&gt;&gt;</a>&nbsp;&nbsp;&nbsp;uart_init
</UL>

<P><STRONG><a name="[de]"></a>USART_GetITStatus</STRONG> (Thumb, 84 bytes, Stack size 16 bytes, stm32f10x_usart.o(i.USART_GetITStatus))
<BR><BR>[Stack]<UL><LI>Max Depth = 16<LI>Call Chain = USART_GetITStatus
</UL>
<BR>[Called By]<UL><LI><a href="#[33]">&gt;&gt;</a>&nbsp;&nbsp;&nbsp;USART1_IRQHandler
</UL>

<P><STRONG><a name="[ea]"></a>USART_ITConfig</STRONG> (Thumb, 74 bytes, Stack size 20 bytes, stm32f10x_usart.o(i.USART_ITConfig))
<BR><BR>[Stack]<UL><LI>Max Depth = 20<LI>Call Chain = USART_ITConfig
</UL>
<BR>[Called By]<UL><LI><a href="#[e9]">&gt;&gt;</a>&nbsp;&nbsp;&nbsp;uart_init
</UL>

<P><STRONG><a name="[e0]"></a>USART_Init</STRONG> (Thumb, 210 bytes, Stack size 56 bytes, stm32f10x_usart.o(i.USART_Init))
<BR><BR>[Stack]<UL><LI>Max Depth = 68<LI>Call Chain = USART_Init &rArr; RCC_GetClocksFreq
</UL>
<BR>[Calls]<UL><LI><a href="#[e1]">&gt;&gt;</a>&nbsp;&nbsp;&nbsp;RCC_GetClocksFreq
</UL>
<BR>[Called By]<UL><LI><a href="#[e9]">&gt;&gt;</a>&nbsp;&nbsp;&nbsp;uart_init
</UL>

<P><STRONG><a name="[df]"></a>USART_ReceiveData</STRONG> (Thumb, 10 bytes, Stack size 0 bytes, stm32f10x_usart.o(i.USART_ReceiveData))
<BR><BR>[Called By]<UL><LI><a href="#[33]">&gt;&gt;</a>&nbsp;&nbsp;&nbsp;USART1_IRQHandler
</UL>

<P><STRONG><a name="[9]"></a>UsageFault_Handler</STRONG> (Thumb, 4 bytes, Stack size 0 bytes, stm32f10x_it.o(i.UsageFault_Handler))
<BR>[Address Reference Count : 1]<UL><LI> startup_stm32f10x_hd.o(RESET)
</UL>
<P><STRONG><a name="[d4]"></a>User_Password</STRONG> (Thumb, 160 bytes, Stack size 16 bytes, sys-alarm.o(i.User_Password))
<BR><BR>[Stack]<UL><LI>Max Depth = 216 + Unknown Stack Size
<LI>Call Chain = User_Password &rArr; KEY4x4_gets &rArr;  Show_Home (Cycle)
</UL>
<BR>[Calls]<UL><LI><a href="#[79]">&gt;&gt;</a>&nbsp;&nbsp;&nbsp;OLED_ShowString
<LI><a href="#[ae]">&gt;&gt;</a>&nbsp;&nbsp;&nbsp;OLED_Clear8x8
<LI><a href="#[77]">&gt;&gt;</a>&nbsp;&nbsp;&nbsp;OLED_Clear
<LI><a href="#[7b]">&gt;&gt;</a>&nbsp;&nbsp;&nbsp;delay_ms
<LI><a href="#[6b]">&gt;&gt;</a>&nbsp;&nbsp;&nbsp;RC522_IcCard_Scan
<LI><a href="#[a2]">&gt;&gt;</a>&nbsp;&nbsp;&nbsp;KEY4x4_gets
<LI><a href="#[e2]">&gt;&gt;</a>&nbsp;&nbsp;&nbsp;strncmp
<LI><a href="#[61]">&gt;&gt;</a>&nbsp;&nbsp;&nbsp;__2printf
</UL>
<BR>[Called By]<UL><LI><a href="#[a5]">&gt;&gt;</a>&nbsp;&nbsp;&nbsp;Show_Home
</UL>

<P><STRONG><a name="[84]"></a>WriteRawRC</STRONG> (Thumb, 42 bytes, Stack size 16 bytes, rc522.o(i.WriteRawRC))
<BR><BR>[Stack]<UL><LI>Max Depth = 32<LI>Call Chain = WriteRawRC &rArr; SPI_RC522_SendByte
</UL>
<BR>[Calls]<UL><LI><a href="#[9c]">&gt;&gt;</a>&nbsp;&nbsp;&nbsp;GPIO_ResetBits
<LI><a href="#[c7]">&gt;&gt;</a>&nbsp;&nbsp;&nbsp;SPI_RC522_SendByte
<LI><a href="#[75]">&gt;&gt;</a>&nbsp;&nbsp;&nbsp;GPIO_SetBits
</UL>
<BR>[Called By]<UL><LI><a href="#[c1]">&gt;&gt;</a>&nbsp;&nbsp;&nbsp;SetBitMask
<LI><a href="#[c4]">&gt;&gt;</a>&nbsp;&nbsp;&nbsp;PcdReset
<LI><a href="#[c3]">&gt;&gt;</a>&nbsp;&nbsp;&nbsp;PcdRequest
<LI><a href="#[c2]">&gt;&gt;</a>&nbsp;&nbsp;&nbsp;PcdComMF522
<LI><a href="#[a8]">&gt;&gt;</a>&nbsp;&nbsp;&nbsp;M500PcdConfigISOType
<LI><a href="#[82]">&gt;&gt;</a>&nbsp;&nbsp;&nbsp;ClearBitMask
</UL>

<P><STRONG><a name="[e3]"></a>Write_IIC_Byte</STRONG> (Thumb, 88 bytes, Stack size 24 bytes, oled.o(i.Write_IIC_Byte))
<BR><BR>[Stack]<UL><LI>Max Depth = 24<LI>Call Chain = Write_IIC_Byte
</UL>
<BR>[Calls]<UL><LI><a href="#[9c]">&gt;&gt;</a>&nbsp;&nbsp;&nbsp;GPIO_ResetBits
<LI><a href="#[75]">&gt;&gt;</a>&nbsp;&nbsp;&nbsp;GPIO_SetBits
</UL>
<BR>[Called By]<UL><LI><a href="#[bf]">&gt;&gt;</a>&nbsp;&nbsp;&nbsp;Write_IIC_Data
<LI><a href="#[c0]">&gt;&gt;</a>&nbsp;&nbsp;&nbsp;Write_IIC_Command
</UL>

<P><STRONG><a name="[c0]"></a>Write_IIC_Command</STRONG> (Thumb, 44 bytes, Stack size 8 bytes, oled.o(i.Write_IIC_Command))
<BR><BR>[Stack]<UL><LI>Max Depth = 32<LI>Call Chain = Write_IIC_Command &rArr; Write_IIC_Byte
</UL>
<BR>[Calls]<UL><LI><a href="#[e3]">&gt;&gt;</a>&nbsp;&nbsp;&nbsp;Write_IIC_Byte
<LI><a href="#[9e]">&gt;&gt;</a>&nbsp;&nbsp;&nbsp;IIC_Wait_Ack
<LI><a href="#[9d]">&gt;&gt;</a>&nbsp;&nbsp;&nbsp;IIC_Stop
<LI><a href="#[9b]">&gt;&gt;</a>&nbsp;&nbsp;&nbsp;IIC_Start
</UL>
<BR>[Called By]<UL><LI><a href="#[ba]">&gt;&gt;</a>&nbsp;&nbsp;&nbsp;OLED_WR_Byte
</UL>

<P><STRONG><a name="[bf]"></a>Write_IIC_Data</STRONG> (Thumb, 44 bytes, Stack size 8 bytes, oled.o(i.Write_IIC_Data))
<BR><BR>[Stack]<UL><LI>Max Depth = 32<LI>Call Chain = Write_IIC_Data &rArr; Write_IIC_Byte
</UL>
<BR>[Calls]<UL><LI><a href="#[e3]">&gt;&gt;</a>&nbsp;&nbsp;&nbsp;Write_IIC_Byte
<LI><a href="#[9e]">&gt;&gt;</a>&nbsp;&nbsp;&nbsp;IIC_Wait_Ack
<LI><a href="#[9d]">&gt;&gt;</a>&nbsp;&nbsp;&nbsp;IIC_Stop
<LI><a href="#[9b]">&gt;&gt;</a>&nbsp;&nbsp;&nbsp;IIC_Start
</UL>
<BR>[Called By]<UL><LI><a href="#[ba]">&gt;&gt;</a>&nbsp;&nbsp;&nbsp;OLED_WR_Byte
</UL>

<P><STRONG><a name="[99]"></a>Write_Time</STRONG> (Thumb, 318 bytes, Stack size 24 bytes, sys-alarm.o(i.Write_Time))
<BR><BR>[Stack]<UL><LI>Max Depth = 152 + Unknown Stack Size
<LI>Call Chain = Write_Time &rArr; __2printf &rArr; _printf_char_file &rArr; _printf_char_common &rArr; __printf
</UL>
<BR>[Calls]<UL><LI><a href="#[e5]">&gt;&gt;</a>&nbsp;&nbsp;&nbsp;Time_Init
<LI><a href="#[e4]">&gt;&gt;</a>&nbsp;&nbsp;&nbsp;Time_Compare
<LI><a href="#[61]">&gt;&gt;</a>&nbsp;&nbsp;&nbsp;__2printf
</UL>
<BR>[Called By]<UL><LI><a href="#[6c]">&gt;&gt;</a>&nbsp;&nbsp;&nbsp;Flag_JinBao
</UL>

<P><STRONG><a name="[60]"></a>_sys_exit</STRONG> (Thumb, 4 bytes, Stack size 0 bytes, usart.o(i._sys_exit))
<BR><BR>[Called By]<UL><LI><a href="#[5f]">&gt;&gt;</a>&nbsp;&nbsp;&nbsp;__rt_exit_exit
</UL>

<P><STRONG><a name="[8b]"></a>clock_NVIC</STRONG> (Thumb, 40 bytes, Stack size 8 bytes, clock.o(i.clock_NVIC))
<BR><BR>[Stack]<UL><LI>Max Depth = 24<LI>Call Chain = clock_NVIC &rArr; NVIC_Init
</UL>
<BR>[Calls]<UL><LI><a href="#[e6]">&gt;&gt;</a>&nbsp;&nbsp;&nbsp;NVIC_PriorityGroupConfig
<LI><a href="#[d8]">&gt;&gt;</a>&nbsp;&nbsp;&nbsp;NVIC_Init
</UL>
<BR>[Called By]<UL><LI><a href="#[85]">&gt;&gt;</a>&nbsp;&nbsp;&nbsp;ClockInit
</UL>

<P><STRONG><a name="[e7]"></a>delay_init</STRONG> (Thumb, 50 bytes, Stack size 8 bytes, delay.o(i.delay_init))
<BR><BR>[Stack]<UL><LI>Max Depth = 8<LI>Call Chain = delay_init
</UL>
<BR>[Calls]<UL><LI><a href="#[e8]">&gt;&gt;</a>&nbsp;&nbsp;&nbsp;SysTick_CLKSourceConfig
</UL>
<BR>[Called By]<UL><LI><a href="#[5b]">&gt;&gt;</a>&nbsp;&nbsp;&nbsp;main
</UL>

<P><STRONG><a name="[7b]"></a>delay_ms</STRONG> (Thumb, 72 bytes, Stack size 0 bytes, delay.o(i.delay_ms))
<BR><BR>[Called By]<UL><LI><a href="#[d4]">&gt;&gt;</a>&nbsp;&nbsp;&nbsp;User_Password
<LI><a href="#[cf]">&gt;&gt;</a>&nbsp;&nbsp;&nbsp;Show_AlarmTime
<LI><a href="#[d1]">&gt;&gt;</a>&nbsp;&nbsp;&nbsp;Show_Menu
<LI><a href="#[ce]">&gt;&gt;</a>&nbsp;&nbsp;&nbsp;Set_Alarm_Switch
<LI><a href="#[cd]">&gt;&gt;</a>&nbsp;&nbsp;&nbsp;Set_Alarm_Choose
<LI><a href="#[af]">&gt;&gt;</a>&nbsp;&nbsp;&nbsp;Show_ChildMenu_Alarm
<LI><a href="#[b3]">&gt;&gt;</a>&nbsp;&nbsp;&nbsp;Show_ChildMenu
<LI><a href="#[b4]">&gt;&gt;</a>&nbsp;&nbsp;&nbsp;Menu_Time_Set
<LI><a href="#[b0]">&gt;&gt;</a>&nbsp;&nbsp;&nbsp;Menu_Date_Set
<LI><a href="#[aa]">&gt;&gt;</a>&nbsp;&nbsp;&nbsp;Menu_Alarm_Set
<LI><a href="#[a0]">&gt;&gt;</a>&nbsp;&nbsp;&nbsp;KEY4x4_Scan
<LI><a href="#[7e]">&gt;&gt;</a>&nbsp;&nbsp;&nbsp;KEY_Scan
<LI><a href="#[bb]">&gt;&gt;</a>&nbsp;&nbsp;&nbsp;OLED_Init
<LI><a href="#[76]">&gt;&gt;</a>&nbsp;&nbsp;&nbsp;CLOSE_Alarm_System
<LI><a href="#[a2]">&gt;&gt;</a>&nbsp;&nbsp;&nbsp;KEY4x4_gets
</UL>

<P><STRONG><a name="[8d]"></a>delay_us</STRONG> (Thumb, 72 bytes, Stack size 0 bytes, delay.o(i.delay_us))
<BR><BR>[Called By]<UL><LI><a href="#[a5]">&gt;&gt;</a>&nbsp;&nbsp;&nbsp;Show_Home
<LI><a href="#[c7]">&gt;&gt;</a>&nbsp;&nbsp;&nbsp;SPI_RC522_SendByte
<LI><a href="#[c8]">&gt;&gt;</a>&nbsp;&nbsp;&nbsp;SPI_RC522_ReadByte
<LI><a href="#[c4]">&gt;&gt;</a>&nbsp;&nbsp;&nbsp;PcdReset
<LI><a href="#[a8]">&gt;&gt;</a>&nbsp;&nbsp;&nbsp;M500PcdConfigISOType
<LI><a href="#[91]">&gt;&gt;</a>&nbsp;&nbsp;&nbsp;DS18B20_Write_Byte
<LI><a href="#[90]">&gt;&gt;</a>&nbsp;&nbsp;&nbsp;DS18B20_Rst
<LI><a href="#[98]">&gt;&gt;</a>&nbsp;&nbsp;&nbsp;DS18B20_Read_Bit
<LI><a href="#[8c]">&gt;&gt;</a>&nbsp;&nbsp;&nbsp;DS18B20_Check
</UL>

<P><STRONG><a name="[4c]"></a>fputc</STRONG> (Thumb, 24 bytes, Stack size 0 bytes, usart.o(i.fputc))
<BR>[Address Reference Count : 1]<UL><LI> _printf_char_file.o(.text)
</UL>
<P><STRONG><a name="[5b]"></a>main</STRONG> (Thumb, 86 bytes, Stack size 0 bytes, main.o(i.main))
<BR><BR>[Stack]<UL><LI>Max Depth = 280 + Unknown Stack Size
<LI>Call Chain = main &rArr; Show_Home &rArr; Show_Menu &rArr;  Show_Home (Cycle)
</UL>
<BR>[Calls]<UL><LI><a href="#[e5]">&gt;&gt;</a>&nbsp;&nbsp;&nbsp;Time_Init
<LI><a href="#[d7]">&gt;&gt;</a>&nbsp;&nbsp;&nbsp;TIM3_Int_Init
<LI><a href="#[a5]">&gt;&gt;</a>&nbsp;&nbsp;&nbsp;Show_Home
<LI><a href="#[c9]">&gt;&gt;</a>&nbsp;&nbsp;&nbsp;SPEAK_Init
<LI><a href="#[c5]">&gt;&gt;</a>&nbsp;&nbsp;&nbsp;RC522_Init
<LI><a href="#[bb]">&gt;&gt;</a>&nbsp;&nbsp;&nbsp;OLED_Init
<LI><a href="#[77]">&gt;&gt;</a>&nbsp;&nbsp;&nbsp;OLED_Clear
<LI><a href="#[a7]">&gt;&gt;</a>&nbsp;&nbsp;&nbsp;LED_Init
<LI><a href="#[a6]">&gt;&gt;</a>&nbsp;&nbsp;&nbsp;KEY_Init
<LI><a href="#[9f]">&gt;&gt;</a>&nbsp;&nbsp;&nbsp;KEY4x4_Init
<LI><a href="#[9a]">&gt;&gt;</a>&nbsp;&nbsp;&nbsp;HCSR501_Init
<LI><a href="#[97]">&gt;&gt;</a>&nbsp;&nbsp;&nbsp;DS18B20_Init
<LI><a href="#[85]">&gt;&gt;</a>&nbsp;&nbsp;&nbsp;ClockInit
<LI><a href="#[74]">&gt;&gt;</a>&nbsp;&nbsp;&nbsp;CLED_Init
<LI><a href="#[71]">&gt;&gt;</a>&nbsp;&nbsp;&nbsp;BEEP_Init
<LI><a href="#[e9]">&gt;&gt;</a>&nbsp;&nbsp;&nbsp;uart_init
<LI><a href="#[e7]">&gt;&gt;</a>&nbsp;&nbsp;&nbsp;delay_init
</UL>
<BR>[Called By]<UL><LI><a href="#[5a]">&gt;&gt;</a>&nbsp;&nbsp;&nbsp;__rt_entry_main
</UL>

<P><STRONG><a name="[be]"></a>oled_pow</STRONG> (Thumb, 22 bytes, Stack size 8 bytes, oled.o(i.oled_pow))
<BR><BR>[Stack]<UL><LI>Max Depth = 8<LI>Call Chain = oled_pow
</UL>
<BR>[Called By]<UL><LI><a href="#[80]">&gt;&gt;</a>&nbsp;&nbsp;&nbsp;OLED_ShowNum
</UL>

<P><STRONG><a name="[e9]"></a>uart_init</STRONG> (Thumb, 152 bytes, Stack size 32 bytes, usart.o(i.uart_init))
<BR><BR>[Stack]<UL><LI>Max Depth = 100<LI>Call Chain = uart_init &rArr; USART_Init &rArr; RCC_GetClocksFreq
</UL>
<BR>[Calls]<UL><LI><a href="#[e0]">&gt;&gt;</a>&nbsp;&nbsp;&nbsp;USART_Init
<LI><a href="#[ea]">&gt;&gt;</a>&nbsp;&nbsp;&nbsp;USART_ITConfig
<LI><a href="#[eb]">&gt;&gt;</a>&nbsp;&nbsp;&nbsp;USART_Cmd
<LI><a href="#[72]">&gt;&gt;</a>&nbsp;&nbsp;&nbsp;RCC_APB2PeriphClockCmd
<LI><a href="#[d8]">&gt;&gt;</a>&nbsp;&nbsp;&nbsp;NVIC_Init
<LI><a href="#[73]">&gt;&gt;</a>&nbsp;&nbsp;&nbsp;GPIO_Init
</UL>
<BR>[Called By]<UL><LI><a href="#[5b]">&gt;&gt;</a>&nbsp;&nbsp;&nbsp;main
</UL>

<P><STRONG><a name="[96]"></a>__aeabi_d2iz</STRONG> (Thumb, 0 bytes, Stack size 32 bytes, dfix.o(x$fpl$dfix))
<BR><BR>[Stack]<UL><LI>Max Depth = 32<LI>Call Chain = __aeabi_d2iz
</UL>
<BR>[Called By]<UL><LI><a href="#[8e]">&gt;&gt;</a>&nbsp;&nbsp;&nbsp;DS18B20_Get_Temp
</UL>

<P><STRONG><a name="[ec]"></a>_dfix</STRONG> (Thumb, 94 bytes, Stack size 32 bytes, dfix.o(x$fpl$dfix), UNUSED)
<BR><BR>[Calls]<UL><LI><a href="#[ed]">&gt;&gt;</a>&nbsp;&nbsp;&nbsp;__fpl_dnaninf
</UL>

<P><STRONG><a name="[95]"></a>__aeabi_dmul</STRONG> (Thumb, 0 bytes, Stack size 32 bytes, dmul.o(x$fpl$dmul))
<BR><BR>[Stack]<UL><LI>Max Depth = 32<LI>Call Chain = __aeabi_dmul
</UL>
<BR>[Called By]<UL><LI><a href="#[8e]">&gt;&gt;</a>&nbsp;&nbsp;&nbsp;DS18B20_Get_Temp
</UL>

<P><STRONG><a name="[ee]"></a>_dmul</STRONG> (Thumb, 332 bytes, Stack size 32 bytes, dmul.o(x$fpl$dmul), UNUSED)
<BR><BR>[Calls]<UL><LI><a href="#[ef]">&gt;&gt;</a>&nbsp;&nbsp;&nbsp;__fpl_dretinf
<LI><a href="#[ed]">&gt;&gt;</a>&nbsp;&nbsp;&nbsp;__fpl_dnaninf
</UL>

<P><STRONG><a name="[ed]"></a>__fpl_dnaninf</STRONG> (Thumb, 156 bytes, Stack size 16 bytes, dnaninf.o(x$fpl$dnaninf), UNUSED)
<BR><BR>[Called By]<UL><LI><a href="#[ee]">&gt;&gt;</a>&nbsp;&nbsp;&nbsp;_dmul
<LI><a href="#[ec]">&gt;&gt;</a>&nbsp;&nbsp;&nbsp;_dfix
</UL>

<P><STRONG><a name="[ef]"></a>__fpl_dretinf</STRONG> (Thumb, 12 bytes, Stack size 0 bytes, dretinf.o(x$fpl$dretinf), UNUSED)
<BR><BR>[Called By]<UL><LI><a href="#[f0]">&gt;&gt;</a>&nbsp;&nbsp;&nbsp;_f2d
<LI><a href="#[ee]">&gt;&gt;</a>&nbsp;&nbsp;&nbsp;_dmul
</UL>

<P><STRONG><a name="[94]"></a>__aeabi_f2d</STRONG> (Thumb, 0 bytes, Stack size 16 bytes, f2d.o(x$fpl$f2d))
<BR><BR>[Stack]<UL><LI>Max Depth = 16<LI>Call Chain = __aeabi_f2d
</UL>
<BR>[Called By]<UL><LI><a href="#[8e]">&gt;&gt;</a>&nbsp;&nbsp;&nbsp;DS18B20_Get_Temp
</UL>

<P><STRONG><a name="[f0]"></a>_f2d</STRONG> (Thumb, 86 bytes, Stack size 16 bytes, f2d.o(x$fpl$f2d), UNUSED)
<BR><BR>[Calls]<UL><LI><a href="#[f1]">&gt;&gt;</a>&nbsp;&nbsp;&nbsp;__fpl_fnaninf
<LI><a href="#[ef]">&gt;&gt;</a>&nbsp;&nbsp;&nbsp;__fpl_dretinf
</UL>

<P><STRONG><a name="[93]"></a>__aeabi_i2f</STRONG> (Thumb, 0 bytes, Stack size 0 bytes, fflt_clz.o(x$fpl$fflt))
<BR><BR>[Called By]<UL><LI><a href="#[8e]">&gt;&gt;</a>&nbsp;&nbsp;&nbsp;DS18B20_Get_Temp
</UL>

<P><STRONG><a name="[122]"></a>_fflt</STRONG> (Thumb, 48 bytes, Stack size 0 bytes, fflt_clz.o(x$fpl$fflt), UNUSED)

<P><STRONG><a name="[f1]"></a>__fpl_fnaninf</STRONG> (Thumb, 140 bytes, Stack size 8 bytes, fnaninf.o(x$fpl$fnaninf), UNUSED)
<BR><BR>[Called By]<UL><LI><a href="#[f0]">&gt;&gt;</a>&nbsp;&nbsp;&nbsp;_f2d
</UL>
<P>
<H3>
Local Symbols
</H3>
<P><STRONG><a name="[cb]"></a>SetSysClock</STRONG> (Thumb, 8 bytes, Stack size 8 bytes, system_stm32f10x.o(i.SetSysClock))
<BR><BR>[Stack]<UL><LI>Max Depth = 20<LI>Call Chain = SetSysClock &rArr; SetSysClockTo72
</UL>
<BR>[Calls]<UL><LI><a href="#[cc]">&gt;&gt;</a>&nbsp;&nbsp;&nbsp;SetSysClockTo72
</UL>
<BR>[Called By]<UL><LI><a href="#[4a]">&gt;&gt;</a>&nbsp;&nbsp;&nbsp;SystemInit
</UL>

<P><STRONG><a name="[cc]"></a>SetSysClockTo72</STRONG> (Thumb, 214 bytes, Stack size 12 bytes, system_stm32f10x.o(i.SetSysClockTo72))
<BR><BR>[Stack]<UL><LI>Max Depth = 12<LI>Call Chain = SetSysClockTo72
</UL>
<BR>[Called By]<UL><LI><a href="#[cb]">&gt;&gt;</a>&nbsp;&nbsp;&nbsp;SetSysClock
</UL>

<P><STRONG><a name="[a1]"></a>KEY_ALL_Pull_Down</STRONG> (Thumb, 26 bytes, Stack size 0 bytes, key4x4.o(i.KEY_ALL_Pull_Down))
<BR><BR>[Called By]<UL><LI><a href="#[a0]">&gt;&gt;</a>&nbsp;&nbsp;&nbsp;KEY4x4_Scan
</UL>

<P><STRONG><a name="[6f]"></a>Flag_ChuMen</STRONG> (Thumb, 26 bytes, Stack size 8 bytes, sys-alarm.o(i.Flag_ChuMen))
<BR><BR>[Stack]<UL><LI>Max Depth = 184<LI>Call Chain = Flag_ChuMen &rArr; CLOSE_Alarm_System &rArr;  Key_Switch (Cycle)
</UL>
<BR>[Calls]<UL><LI><a href="#[76]">&gt;&gt;</a>&nbsp;&nbsp;&nbsp;CLOSE_Alarm_System
</UL>
<BR>[Called By]<UL><LI><a href="#[6a]">&gt;&gt;</a>&nbsp;&nbsp;&nbsp;Alarm_System
</UL>

<P><STRONG><a name="[6d]"></a>Flag_DouLiu</STRONG> (Thumb, 2 bytes, Stack size 0 bytes, sys-alarm.o(i.Flag_DouLiu))
<BR><BR>[Called By]<UL><LI><a href="#[6a]">&gt;&gt;</a>&nbsp;&nbsp;&nbsp;Alarm_System
</UL>

<P><STRONG><a name="[70]"></a>Flag_Guanbi</STRONG> (Thumb, 16 bytes, Stack size 8 bytes, sys-alarm.o(i.Flag_Guanbi))
<BR><BR>[Stack]<UL><LI>Max Depth = 184<LI>Call Chain = Flag_Guanbi &rArr; CLOSE_Alarm_System &rArr;  Key_Switch (Cycle)
</UL>
<BR>[Calls]<UL><LI><a href="#[76]">&gt;&gt;</a>&nbsp;&nbsp;&nbsp;CLOSE_Alarm_System
</UL>
<BR>[Called By]<UL><LI><a href="#[6a]">&gt;&gt;</a>&nbsp;&nbsp;&nbsp;Alarm_System
</UL>

<P><STRONG><a name="[6e]"></a>Flag_HuiJia</STRONG> (Thumb, 14 bytes, Stack size 8 bytes, sys-alarm.o(i.Flag_HuiJia))
<BR><BR>[Stack]<UL><LI>Max Depth = 184<LI>Call Chain = Flag_HuiJia &rArr; CLOSE_Alarm_System &rArr;  Key_Switch (Cycle)
</UL>
<BR>[Calls]<UL><LI><a href="#[76]">&gt;&gt;</a>&nbsp;&nbsp;&nbsp;CLOSE_Alarm_System
</UL>
<BR>[Called By]<UL><LI><a href="#[6a]">&gt;&gt;</a>&nbsp;&nbsp;&nbsp;Alarm_System
</UL>

<P><STRONG><a name="[6c]"></a>Flag_JinBao</STRONG> (Thumb, 28 bytes, Stack size 8 bytes, sys-alarm.o(i.Flag_JinBao))
<BR><BR>[Stack]<UL><LI>Max Depth = 160 + Unknown Stack Size
<LI>Call Chain = Flag_JinBao &rArr; Write_Time &rArr; __2printf &rArr; _printf_char_file &rArr; _printf_char_common &rArr; __printf
</UL>
<BR>[Calls]<UL><LI><a href="#[99]">&gt;&gt;</a>&nbsp;&nbsp;&nbsp;Write_Time
</UL>
<BR>[Called By]<UL><LI><a href="#[6a]">&gt;&gt;</a>&nbsp;&nbsp;&nbsp;Alarm_System
</UL>

<P><STRONG><a name="[a2]"></a>KEY4x4_gets</STRONG> (Thumb, 258 bytes, Stack size 24 bytes, sys-alarm.o(i.KEY4x4_gets))
<BR><BR>[Stack]<UL><LI>Max Depth = 200 + Unknown Stack Size
 + In Cycle
<LI>Call Chain = KEY4x4_gets &rArr;  Show_Home (Cycle)
</UL>
<BR>[Calls]<UL><LI><a href="#[a0]">&gt;&gt;</a>&nbsp;&nbsp;&nbsp;KEY4x4_Scan
<LI><a href="#[a5]">&gt;&gt;</a>&nbsp;&nbsp;&nbsp;Show_Home
<LI><a href="#[77]">&gt;&gt;</a>&nbsp;&nbsp;&nbsp;OLED_Clear
<LI><a href="#[7b]">&gt;&gt;</a>&nbsp;&nbsp;&nbsp;delay_ms
<LI><a href="#[a4]">&gt;&gt;</a>&nbsp;&nbsp;&nbsp;ShowAndSet_Password
<LI><a href="#[a3]">&gt;&gt;</a>&nbsp;&nbsp;&nbsp;Show_Message
</UL>
<BR>[Called By]<UL><LI><a href="#[d4]">&gt;&gt;</a>&nbsp;&nbsp;&nbsp;User_Password
</UL>

<P><STRONG><a name="[d0]"></a>Show_Child_AlarmTime</STRONG> (Thumb, 1070 bytes, Stack size 24 bytes, sys-alarm.o(i.Show_Child_AlarmTime))
<BR><BR>[Stack]<UL><LI>Max Depth = 176 + Unknown Stack Size
<LI>Call Chain = Show_Child_AlarmTime &rArr; OLED_ShowNum &rArr; OLED_ShowChar &rArr; OLED_Set_Pos &rArr; OLED_WR_Byte &rArr; Write_IIC_Data &rArr; Write_IIC_Byte
</UL>
<BR>[Calls]<UL><LI><a href="#[80]">&gt;&gt;</a>&nbsp;&nbsp;&nbsp;OLED_ShowNum
<LI><a href="#[79]">&gt;&gt;</a>&nbsp;&nbsp;&nbsp;OLED_ShowString
<LI><a href="#[61]">&gt;&gt;</a>&nbsp;&nbsp;&nbsp;__2printf
</UL>
<BR>[Called By]<UL><LI><a href="#[cf]">&gt;&gt;</a>&nbsp;&nbsp;&nbsp;Show_AlarmTime
</UL>

<P><STRONG><a name="[a3]"></a>Show_Message</STRONG> (Thumb, 82 bytes, Stack size 16 bytes, sys-alarm.o(i.Show_Message))
<BR><BR>[Stack]<UL><LI>Max Depth = 136<LI>Call Chain = Show_Message &rArr; OLED_ShowString &rArr; OLED_ShowChar &rArr; OLED_Set_Pos &rArr; OLED_WR_Byte &rArr; Write_IIC_Data &rArr; Write_IIC_Byte
</UL>
<BR>[Calls]<UL><LI><a href="#[79]">&gt;&gt;</a>&nbsp;&nbsp;&nbsp;OLED_ShowString
<LI><a href="#[ae]">&gt;&gt;</a>&nbsp;&nbsp;&nbsp;OLED_Clear8x8
</UL>
<BR>[Called By]<UL><LI><a href="#[a2]">&gt;&gt;</a>&nbsp;&nbsp;&nbsp;KEY4x4_gets
</UL>

<P><STRONG><a name="[4d]"></a>_printf_input_char</STRONG> (Thumb, 10 bytes, Stack size 0 bytes, _printf_char_common.o(.text))
<BR>[Address Reference Count : 1]<UL><LI> _printf_char_common.o(.text)
</UL><P>
<H3>
Undefined Global Symbols
</H3><HR></body></html>
